01-03 11:27:33.880  2711  2711 I dex2oat : dex2oat took 412.789ms (threads: 4) arena alloc=2MB java alloc=194KB native alloc=3MB free=120KB
01-03 11:27:33.890  2372  2372 I PackageManager.DexOptimizer: Running dexopt (dex2oat) on: /system/priv-app/ContactsProvider/ContactsProvider.apk pkg=com.android.providers.contacts isa=arm vmSafeMode=false debuggable=false oatDir = null bootComplete=false
01-03 11:27:33.985  2716  2716 I dex2oat : Starting dex2oat.
01-03 11:27:33.985  2716  2716 E cutils-trace: Error opening trace file: No such file or directory (2)
01-03 11:27:34.680  2716  2718 W dex2oat : No verified method for method calling String.<init>: java.lang.String android.text.SpannableStringBuilder.toString()
01-03 11:27:35.050  2716  2716 I dex2oat : dex2oat took 1.061s (threads: 4) arena alloc=1222KB java alloc=644KB native alloc=5MB free=422KB
01-03 11:27:35.060  2372  2372 I PackageManager.DexOptimizer: Running dexopt (dex2oat) on: /system/priv-app/ManagedProvisioning/ManagedProvisioning.apk pkg=com.android.managedprovisioning isa=arm vmSafeMode=false debuggable=false oatDir = null bootComplete=false
01-03 11:27:35.135  2721  2721 I dex2oat : Starting dex2oat.
01-03 11:27:35.135  2721  2721 E cutils-trace: Error opening trace file: No such file or directory (2)
01-03 11:27:35.450  2721  2721 I dex2oat : dex2oat took 312.171ms (threads: 4) arena alloc=452KB java alloc=443KB native alloc=2MB free=135KB
01-03 11:27:35.455  2372  2372 I PackageManager.DexOptimizer: Running dexopt (dex2oat) on: /system/priv-app/CalendarProvider/CalendarProvider.apk pkg=com.android.providers.calendar isa=arm vmSafeMode=false debuggable=false oatDir = null bootComplete=false
01-03 11:27:35.510  2726  2726 I dex2oat : Starting dex2oat.
01-03 11:27:35.510  2726  2726 E cutils-trace: Error opening trace file: No such file or directory (2)
01-03 11:27:36.130  2726  2726 I dex2oat : dex2oat took 618.469ms (threads: 4) arena alloc=5MB java alloc=518KB native alloc=9MB free=290KB
01-03 11:27:36.135  2372  2372 I PackageManager.DexOptimizer: Running dexopt (dex2oat) on: /system/priv-app/Tag/Tag.apk pkg=com.android.apps.tag isa=arm vmSafeMode=false debuggable=false oatDir = null bootComplete=false
01-03 11:27:36.185  2731  2731 I dex2oat : Starting dex2oat.
01-03 11:27:36.185  2731  2731 E cutils-trace: Error opening trace file: No such file or directory (2)
01-03 11:27:36.410  2731  2733 I dex2oat : Skipping compilation of com.android.vcard.VCardEntry$PostalData com.android.vcard.VCardEntry$PostalData.constructPostalData(java.util.List, int, java.lang.String, boolean, int): it contains a non natural loop
01-03 11:27:36.430  2731  2733 W dex2oat : No verified method for method calling String.<init>: java.lang.String android.text.SpannableStringBuilder.toString()
01-03 11:27:36.685  2731  2731 I dex2oat : dex2oat took 499.128ms (threads: 4) arena alloc=1172KB java alloc=457KB native alloc=3MB free=277KB
01-03 11:27:36.700  2372  2372 I PackageManager.DexOptimizer: Running dexopt (dex2oat) on: /system/priv-app/Screencast/Screencast.apk pkg=org.cyanogenmod.screencast isa=arm vmSafeMode=false debuggable=false oatDir = null bootComplete=false
01-03 11:27:36.780  2736  2736 I dex2oat : Starting dex2oat.
01-03 11:27:36.780  2736  2736 E cutils-trace: Error opening trace file: No such file or directory (2)
01-03 11:27:36.890  2736  2736 I dex2oat : dex2oat took 108.335ms (threads: 4) arena alloc=428KB java alloc=138KB native alloc=1348KB free=83KB
01-03 11:27:36.895  2372  2372 I PackageManager.DexOptimizer: Running dexopt (dex2oat) on: /system/app/Calendar/Calendar.apk pkg=com.android.calendar isa=arm vmSafeMode=false debuggable=false oatDir = null bootComplete=false
01-03 11:27:36.935  2741  2741 I dex2oat : Starting dex2oat.
01-03 11:27:36.935  2741  2741 E cutils-trace: Error opening trace file: No such file or directory (2)
01-03 11:27:37.680  2741  2743 W dex2oat : No verified method for method calling String.<init>: void android.provider.SearchRecentSuggestions.<init>(android.content.Context, java.lang.String, int)
01-03 11:27:37.705  2741  2743 W dex2oat : No verified method for method calling String.<init>: void android.provider.SearchRecentSuggestions.<init>(android.content.Context, java.lang.String, int)
01-03 11:27:37.705  2741  2743 W dex2oat : No verified method for method calling String.<init>: void android.provider.SearchRecentSuggestions.<init>(android.content.Context, java.lang.String, int)
01-03 11:27:38.465  2741  2741 I dex2oat : dex2oat took 1.527s (threads: 4) arena alloc=5MB java alloc=1833KB native alloc=10MB free=542KB
01-03 11:27:38.480  2372  2372 I PackageManager.DexOptimizer: Running dexopt (dex2oat) on: /system/app/Camera2/Camera2.apk pkg=com.android.camera2 isa=arm vmSafeMode=false debuggable=false oatDir = null bootComplete=false
01-03 11:27:38.550  2746  2746 I dex2oat : Starting dex2oat.
01-03 11:27:38.550  2746  2746 E cutils-trace: Error opening trace file: No such file or directory (2)
01-03 11:27:42.900  2746  2750 I dex2oat : Skipping compilation of java.util.List com.google.common.collect.Ordering.leastOf(java.util.Iterator, int): it contains a non natural loop
01-03 11:27:44.500  2746  2746 I dex2oat : dex2oat took 5.913s (threads: 4) arena alloc=1316KB java alloc=4MB native alloc=19MB free=3MB
01-03 11:27:44.535  2372  2372 I PackageManager.DexOptimizer: Running dexopt (dex2oat) on: /system/app/LockClock/LockClock.apk pkg=com.cyanogenmod.lockclock isa=arm vmSafeMode=false debuggable=false oatDir = null bootComplete=false
01-03 11:27:44.605  2752  2752 I dex2oat : Starting dex2oat.
01-03 11:27:44.605  2752  2752 E cutils-trace: Error opening trace file: No such file or directory (2)
01-03 11:27:46.635  2752  2752 I dex2oat : dex2oat took 2.024s (threads: 4) arena alloc=3MB java alloc=1816KB native alloc=10MB free=969KB
01-03 11:27:46.660  2372  2372 I PackageManager.DexOptimizer: Running dexopt (dex2oat) on: /system/app/LiveWallpapers/LiveWallpapers.apk pkg=com.android.wallpaper isa=arm vmSafeMode=false debuggable=false oatDir = null bootComplete=false
01-03 11:27:46.750  2757  2757 I dex2oat : Starting dex2oat.
01-03 11:27:46.750  2757  2757 E cutils-trace: Error opening trace file: No such file or directory (2)
01-03 11:27:46.855  2757  2757 I dex2oat : dex2oat took 105.157ms (threads: 4) arena alloc=369KB java alloc=141KB native alloc=1182KB free=53KB
01-03 11:27:46.860  2372  2372 I PackageManager.DexOptimizer: Running dexopt (dex2oat) on: /system/app/PacProcessor/PacProcessor.apk pkg=com.android.pacprocessor isa=arm vmSafeMode=false debuggable=false oatDir = null bootComplete=false
01-03 11:27:46.915  2762  2762 I dex2oat : Starting dex2oat.
01-03 11:27:46.915  2762  2762 E cutils-trace: Error opening trace file: No such file or directory (2)
01-03 11:27:46.980  2762  2762 I dex2oat : dex2oat took 65.438ms (threads: 4) arena alloc=90KB java alloc=49KB native alloc=877KB free=110KB
01-03 11:27:46.985  2372  2372 I PackageManager.DexOptimizer: Running dexopt (dex2oat) on: /system/app/SamsungServiceMode/SamsungServiceMode.apk pkg=com.cyanogenmod.samsungservicemode isa=arm vmSafeMode=false debuggable=false oatDir = null bootComplete=false
01-03 11:27:47.025  2767  2767 I dex2oat : Starting dex2oat.
01-03 11:27:47.025  2767  2767 E cutils-trace: Error opening trace file: No such file or directory (2)
01-03 11:27:47.110  2767  2767 I dex2oat : dex2oat took 83.535ms (threads: 4) arena alloc=854KB java alloc=74KB native alloc=1297KB free=86KB
01-03 11:27:47.115  2372  2372 I PackageManager.DexOptimizer: Running dexopt (dex2oat) on: /system/app/Browser/Browser.apk pkg=com.android.browser isa=arm vmSafeMode=false debuggable=false oatDir = null bootComplete=false
01-03 11:27:47.155  2772  2772 I dex2oat : Starting dex2oat.
01-03 11:27:47.155  2772  2772 E cutils-trace: Error opening trace file: No such file or directory (2)
01-03 11:27:48.405  2772  2772 I dex2oat : dex2oat took 1.247s (threads: 4) arena alloc=1034KB java alloc=1699KB native alloc=5MB free=595KB
01-03 11:27:48.415  2372  2372 I PackageManager.DexOptimizer: Running dexopt (dex2oat) on: /system/app/CertInstaller/CertInstaller.apk pkg=com.android.certinstaller isa=arm vmSafeMode=false debuggable=false oatDir = null bootComplete=false
01-03 11:27:48.525  2777  2777 I dex2oat : Starting dex2oat.
01-03 11:27:48.525  2777  2777 E cutils-trace: Error opening trace file: No such file or directory (2)
01-03 11:27:48.640  2777  2777 I dex2oat : dex2oat took 116.999ms (threads: 4) arena alloc=463KB java alloc=162KB native alloc=1456KB free=71KB
01-03 11:27:48.650  2372  2372 I PackageManager.DexOptimizer: Running dexopt (dex2oat) on: /system/priv-app/CMUpdater/CMUpdater.apk pkg=com.cyanogenmod.updater isa=arm vmSafeMode=false debuggable=false oatDir = null bootComplete=false
01-03 11:27:48.695  2782  2782 I dex2oat : Starting dex2oat.
01-03 11:27:48.695  2782  2782 E cutils-trace: Error opening trace file: No such file or directory (2)
01-03 11:27:49.450  2782  2782 I dex2oat : dex2oat took 754.633ms (threads: 4) arena alloc=2MB java alloc=917KB native alloc=4MB free=389KB
01-03 11:27:49.460  2372  2372 I PackageManager.DexOptimizer: Running dexopt (dex2oat) on: /system/priv-app/AudioFX/AudioFX.apk pkg=org.cyanogenmod.audiofx isa=arm vmSafeMode=false debuggable=false oatDir = null bootComplete=false
01-03 11:27:49.515  2787  2787 I dex2oat : Starting dex2oat.
01-03 11:27:49.515  2787  2787 E cutils-trace: Error opening trace file: No such file or directory (2)
01-03 11:27:49.680  2787  2787 I dex2oat : dex2oat took 165.331ms (threads: 4) arena alloc=1837KB java alloc=269KB native alloc=2MB free=68KB
01-03 11:27:49.685  2372  2372 I PackageManager.DexOptimizer: Running dexopt (dex2oat) on: /system/app/CaptivePortalLogin/CaptivePortalLogin.apk pkg=com.android.captiveportallogin isa=arm vmSafeMode=false debuggable=false oatDir = null bootComplete=false
01-03 11:27:49.735  2792  2792 I dex2oat : Starting dex2oat.
01-03 11:27:49.735  2792  2792 E cutils-trace: Error opening trace file: No such file or directory (2)
01-03 11:27:49.820  2792  2792 I dex2oat : dex2oat took 88.087ms (threads: 4) arena alloc=263KB java alloc=84KB native alloc=1032KB free=87KB
01-03 11:27:49.825  2372  2372 I PackageManager.DexOptimizer: Running dexopt (dex2oat) on: /system/priv-app/SharedStorageBackup/SharedStorageBackup.apk pkg=com.android.sharedstoragebackup isa=arm vmSafeMode=false debuggable=false oatDir = null bootComplete=false
01-03 11:27:49.870  2797  2797 I dex2oat : Starting dex2oat.
01-03 11:27:49.870  2797  2797 E cutils-trace: Error opening trace file: No such file or directory (2)
01-03 11:27:49.935  2797  2797 I dex2oat : dex2oat took 66.729ms (threads: 4) arena alloc=218KB java alloc=60KB native alloc=749KB free=106KB
01-03 11:27:49.940  2372  2372 I PackageManager.DexOptimizer: Running dexopt (dex2oat) on: /system/app/Gallery2/Gallery2.apk pkg=com.android.gallery3d isa=arm vmSafeMode=false debuggable=false oatDir = null bootComplete=false
01-03 11:27:49.990  2802  2802 I dex2oat : Starting dex2oat.
01-03 11:27:49.990  2802  2802 E cutils-trace: Error opening trace file: No such file or directory (2)
01-03 11:27:54.450  2802  2802 I dex2oat : dex2oat took 4.431s (threads: 4) arena alloc=2MB java alloc=3MB native alloc=16MB free=2MB
01-03 11:27:54.485  2372  2372 I PackageManager.DexOptimizer: Running dexopt (dex2oat) on: /system/priv-app/DownloadProvider/DownloadProvider.apk pkg=com.android.providers.downloads isa=arm vmSafeMode=false debuggable=false oatDir = null bootComplete=false
01-03 11:27:54.540  2807  2807 I dex2oat : Starting dex2oat.
01-03 11:27:54.540  2807  2807 E cutils-trace: Error opening trace file: No such file or directory (2)
01-03 11:27:55.050  2807  2807 I dex2oat : dex2oat took 511.745ms (threads: 4) arena alloc=320KB java alloc=473KB native alloc=2MB free=265KB
01-03 11:27:55.060  2372  2372 I PackageManager.DexOptimizer: Running dexopt (dex2oat) on: /system/app/Stk/Stk.apk pkg=com.android.stk isa=arm vmSafeMode=false debuggable=false oatDir = null bootComplete=false
01-03 11:27:55.120  2812  2812 I dex2oat : Starting dex2oat.
01-03 11:27:55.120  2812  2812 E cutils-trace: Error opening trace file: No such file or directory (2)
01-03 11:27:55.360  2812  2812 I dex2oat : dex2oat took 245.056ms (threads: 4) arena alloc=1581KB java alloc=214KB native alloc=2MB free=66KB
01-03 11:27:55.370  2372  2372 I PackageManager.DexOptimizer: Running dexopt (dex2oat) on: /system/app/Email/Email.apk pkg=com.android.email isa=arm vmSafeMode=false debuggable=false oatDir = null bootComplete=false
01-03 11:27:55.440  2817  2817 I dex2oat : Starting dex2oat.
01-03 11:27:55.440  2817  2817 E cutils-trace: Error opening trace file: No such file or directory (2)
01-03 11:27:55.805  2817  2820 W dex2oat : Before Android 4.1, method int android.support.v7.internal.widget.ListViewCompat.lookForSelectablePosition(int, boolean) would have incorrectly overridden the package-private method in android.widget.ListView
01-03 11:27:58.520  2817  2819 W dex2oat : No verified method for method calling String.<init>: java.lang.String android.text.SpannableStringBuilder.toString()
01-03 11:28:00.150  2817  2817 I dex2oat : dex2oat took 4.686s (threads: 4) arena alloc=2MB java alloc=4MB native alloc=16MB free=1974KB
01-03 11:28:00.180  2372  2372 I PackageManager.DexOptimizer: Running dexopt (dex2oat) on: /system/app/Eleven/Eleven.apk pkg=com.cyanogenmod.eleven isa=arm vmSafeMode=false debuggable=false oatDir = null bootComplete=false
01-03 11:28:00.235  2822  2822 I dex2oat : Starting dex2oat.
01-03 11:28:00.235  2822  2822 E cutils-trace: Error opening trace file: No such file or directory (2)
01-03 11:28:03.740  2822  2825 I dex2oat : Skipping compilation of java.util.List com.google.common.collect.Ordering.leastOf(java.util.Iterator, int): it contains a non natural loop
01-03 11:28:05.205  2822  2822 I dex2oat : dex2oat took 4.948s (threads: 4) arena alloc=1169KB java alloc=4MB native alloc=17MB free=2MB
01-03 11:28:05.235  2372  2372 I PackageManager.DexOptimizer: Running dexopt (dex2oat) on: /system/app/WAPPushManager/WAPPushManager.apk pkg=com.android.smspush isa=arm vmSafeMode=false debuggable=false oatDir = null bootComplete=false
01-03 11:28:05.295  2827  2827 I dex2oat : Starting dex2oat.
01-03 11:28:05.295  2827  2827 E cutils-trace: Error opening trace file: No such file or directory (2)
01-03 11:28:05.430  2827  2827 I dex2oat : dex2oat took 135.955ms (threads: 4) arena alloc=571KB java alloc=115KB native alloc=1229KB free=50KB
01-03 11:28:05.435  2372  2372 I PackageManager.DexOptimizer: Running dexopt (dex2oat) on: /system/priv-app/StatementService/StatementService.apk pkg=com.android.statementservice isa=arm vmSafeMode=false debuggable=false oatDir = null bootComplete=false
01-03 11:28:05.475  2832  2832 I dex2oat : Starting dex2oat.
01-03 11:28:05.475  2832  2832 E cutils-trace: Error opening trace file: No such file or directory (2)
01-03 11:28:05.560  2832  2834 W dex2oat : No verified method for method calling String.<init>: java.lang.String java.io.ByteArrayOutputStream.toString(java.lang.String)
01-03 11:28:05.605  2832  2832 I dex2oat : dex2oat took 130.451ms (threads: 4) arena alloc=354KB java alloc=144KB native alloc=1299KB free=56KB
01-03 11:28:05.610  2372  2372 I PackageManager.DexOptimizer: Running dexopt (dex2oat) on: /system/app/CMWallpapers/CMWallpapers.apk pkg=com.cyanogenmod.wallpapers isa=arm vmSafeMode=false debuggable=false oatDir = null bootComplete=false
01-03 11:28:05.655  2837  2837 I dex2oat : Starting dex2oat.
01-03 11:28:05.655  2837  2837 E cutils-trace: Error opening trace file: No such file or directory (2)
01-03 11:28:05.720  2837  2837 I dex2oat : dex2oat took 64.724ms (threads: 4) arena alloc=31KB java alloc=26KB native alloc=465KB free=126KB
01-03 11:28:05.725  2372  2372 I PackageManager.DexOptimizer: Running dexopt (dex2oat) on: /system/app/SoundRecorder/SoundRecorder.apk pkg=com.android.soundrecorder isa=arm vmSafeMode=false debuggable=false oatDir = null bootComplete=false
01-03 11:28:05.765  2842  2842 I dex2oat : Starting dex2oat.
01-03 11:28:05.765  2842  2842 E cutils-trace: Error opening trace file: No such file or directory (2)
01-03 11:28:05.945  2842  2842 I dex2oat : dex2oat took 179.754ms (threads: 4) arena alloc=686KB java alloc=132KB native alloc=1477KB free=47KB
01-03 11:28:05.950  2372  2372 I PackageManager.DexOptimizer: Running dexopt (dex2oat) on: /system/app/PrintSpooler/PrintSpooler.apk pkg=com.android.printspooler isa=arm vmSafeMode=false debuggable=false oatDir = null bootComplete=false
01-03 11:28:06.005  2847  2847 I dex2oat : Starting dex2oat.
01-03 11:28:06.005  2847  2847 E cutils-trace: Error opening trace file: No such file or directory (2)
01-03 11:28:06.740  2847  2847 I dex2oat : dex2oat took 731.709ms (threads: 4) arena alloc=2MB java alloc=599KB native alloc=5MB free=340KB
01-03 11:28:06.750  2372  2372 I PackageManager.DexOptimizer: Running dexopt (dex2oat) on: /system/app/DocumentsUI/DocumentsUI.apk pkg=com.android.documentsui isa=arm vmSafeMode=false debuggable=false oatDir = null bootComplete=false
01-03 11:28:06.840  2852  2852 I dex2oat : Starting dex2oat.
01-03 11:28:06.840  2852  2852 E cutils-trace: Error opening trace file: No such file or directory (2)
01-03 11:28:07.590  2852  2852 I dex2oat : dex2oat took 746.695ms (threads: 4) arena alloc=1172KB java alloc=802KB native alloc=4MB free=383KB
01-03 11:28:07.600  2372  2372 I PackageManager.DexOptimizer: Running dexopt (dex2oat) on: /system/priv-app/Contacts/Contacts.apk pkg=com.android.contacts isa=arm vmSafeMode=false debuggable=false oatDir = null bootComplete=false
01-03 11:28:07.660  2857  2857 I dex2oat : Starting dex2oat.
01-03 11:28:07.660  2857  2857 E cutils-trace: Error opening trace file: No such file or directory (2)
01-03 11:28:09.440  2857  2857 I dex2oat : Skipping compilation of com.android.vcard.VCardEntry$PostalData com.android.vcard.VCardEntry$PostalData.constructPostalData(java.util.List, int, java.lang.String, boolean, int): it contains a non natural loop
01-03 11:28:09.480  2857  2857 W dex2oat : No verified method for method calling String.<init>: java.lang.String android.text.SpannableStringBuilder.toString()
01-03 11:28:10.055  2857  2857 I dex2oat : dex2oat took 2.381s (threads: 4) arena alloc=1852KB java alloc=2MB native alloc=9MB free=1008KB
01-03 11:28:10.080  2372  2372 I PackageManager.DexOptimizer: Running dexopt (dex2oat) on: /system/priv-app/CallLogBackup/CallLogBackup.apk pkg=com.android.calllogbackup isa=arm vmSafeMode=false debuggable=false oatDir = null bootComplete=false
01-03 11:28:10.190  2862  2862 I dex2oat : Starting dex2oat.
01-03 11:28:10.190  2862  2862 E cutils-trace: Error opening trace file: No such file or directory (2)
01-03 11:28:10.285  2862  2862 I dex2oat : dex2oat took 96.112ms (threads: 4) arena alloc=334KB java alloc=62KB native alloc=759KB free=80KB
01-03 11:28:10.290  2372  2372 I PackageManager.DexOptimizer: Running dexopt (dex2oat) on: /system/app/Terminal/Terminal.apk pkg=com.android.terminal isa=arm vmSafeMode=false debuggable=false oatDir = null bootComplete=false
01-03 11:28:10.340  2867  2867 I dex2oat : Starting dex2oat.
01-03 11:28:10.340  2867  2867 E cutils-trace: Error opening trace file: No such file or directory (2)
01-03 11:28:11.765  2867  2867 I dex2oat : dex2oat took 1.423s (threads: 4) arena alloc=1048KB java alloc=1305KB native alloc=6MB free=766KB
01-03 11:28:11.780  2372  2372 I PackageManager.DexOptimizer: Running dexopt (dex2oat) on: /system/app/HTMLViewer/HTMLViewer.apk pkg=com.android.htmlviewer isa=arm vmSafeMode=false debuggable=false oatDir = null bootComplete=false
01-03 11:28:11.880  2872  2872 I dex2oat : Starting dex2oat.
01-03 11:28:11.880  2872  2872 E cutils-trace: Error opening trace file: No such file or directory (2)
01-03 11:28:11.945  2872  2872 I dex2oat : dex2oat took 64.947ms (threads: 4) arena alloc=242KB java alloc=60KB native alloc=1011KB free=108KB
01-03 11:28:11.950  2372  2372 I PackageManager.DexOptimizer: Running dexopt (dex2oat) on: /system/priv-app/ExternalStorageProvider/ExternalStorageProvider.apk pkg=com.android.externalstorage isa=arm vmSafeMode=false debuggable=false oatDir = null bootComplete=false
01-03 11:28:11.990  2877  2877 I dex2oat : Starting dex2oat.
01-03 11:28:11.990  2877  2877 E cutils-trace: Error opening trace file: No such file or directory (2)
01-03 11:28:12.110  2877  2877 I dex2oat : dex2oat took 116.348ms (threads: 4) arena alloc=130KB java alloc=86KB native alloc=1059KB free=60KB
01-03 11:28:12.115  2372  2372 I PackageManager.DexOptimizer: Running dexopt (dex2oat) on: /system/priv-app/CarrierConfig/CarrierConfig.apk pkg=com.android.carrierconfig isa=arm vmSafeMode=false debuggable=false oatDir = null bootComplete=false
01-03 11:28:12.160  2882  2882 I dex2oat : Starting dex2oat.
01-03 11:28:12.160  2882  2882 E cutils-trace: Error opening trace file: No such file or directory (2)
01-03 11:28:12.255  2882  2882 I dex2oat : dex2oat took 94.257ms (threads: 4) arena alloc=103KB java alloc=59KB native alloc=475KB free=116KB
01-03 11:28:12.260  2372  2372 I PackageManager.DexOptimizer: Running dexopt (dex2oat) on: /system/app/Exchange2/Exchange2.apk pkg=com.android.exchange isa=arm vmSafeMode=false debuggable=false oatDir = null bootComplete=false
01-03 11:28:12.345  2887  2887 I dex2oat : Starting dex2oat.
01-03 11:28:12.345  2887  2887 E cutils-trace: Error opening trace file: No such file or directory (2)
01-03 11:28:14.065  2887  2887 W dex2oat : No verified method for method calling String.<init>: java.lang.String java.io.ByteArrayOutputStream.toString(java.lang.String)
01-03 11:28:15.560  2887  2887 I dex2oat : dex2oat took 3.196s (threads: 4) arena alloc=2MB java alloc=3MB native alloc=12MB free=1707KB
01-03 11:28:15.590  2372  2372 I PackageManager.DexOptimizer: Running dexopt (dex2oat) on: /system/priv-app/WallpaperCropper/WallpaperCropper.apk pkg=com.android.wallpapercropper isa=arm vmSafeMode=false debuggable=false oatDir = null bootComplete=false
01-03 11:28:15.640  2892  2892 I dex2oat : Starting dex2oat.
01-03 11:28:15.640  2892  2892 E cutils-trace: Error opening trace file: No such file or directory (2)
01-03 11:28:15.885  2892  2892 I dex2oat : dex2oat took 243.604ms (threads: 4) arena alloc=514KB java alloc=298KB native alloc=2MB free=117KB
01-03 11:28:15.890  2372  2372 I PackageManager.DexOptimizer: Running dexopt (dex2oat) on: /system/app/Provision/Provision.apk pkg=com.android.provision isa=arm vmSafeMode=false debuggable=false oatDir = null bootComplete=false
01-03 11:28:15.930  2897  2897 I dex2oat : Starting dex2oat.
01-03 11:28:15.930  2897  2897 E cutils-trace: Error opening trace file: No such file or directory (2)
01-03 11:28:15.990  2897  2897 I dex2oat : dex2oat took 60.628ms (threads: 4) arena alloc=78KB java alloc=36KB native alloc=333KB free=126KB
01-03 11:28:15.995  2372  2372 I PackageManager.DexOptimizer: Running dexopt (dex2oat) on: /system/app/CMFileManager/CMFileManager.apk pkg=com.cyanogenmod.filemanager isa=arm vmSafeMode=false debuggable=false oatDir = null bootComplete=false
01-03 11:28:16.040  2902  2902 I dex2oat : Starting dex2oat.
01-03 11:28:16.040  2902  2902 E cutils-trace: Error opening trace file: No such file or directory (2)
01-03 11:28:17.215  2902  2904 W dex2oat : No verified method for method calling String.<init>: void android.provider.SearchRecentSuggestions.<init>(android.content.Context, java.lang.String, int)
01-03 11:28:17.225  2902  2905 W dex2oat : No verified method for method calling String.<init>: void android.provider.SearchRecentSuggestions.<init>(android.content.Context, java.lang.String, int)
01-03 11:28:17.945  2902  2906 I dex2oat : Skipping compilation of void libtruezip.compress.bzip2.BlockSort.mainQSort3(libtruezip.compress.bzip2.BZip2CompressorOutputStream$Data, int, int, int, int): it contains a non natural loop
01-03 11:28:18.305  2902  2902 I dex2oat : dex2oat took 2.255s (threads: 4) arena alloc=1756KB java alloc=2037KB native alloc=8MB free=977KB
01-03 11:28:18.330  2372  2372 I PackageManager.DexOptimizer: Running dexopt (dex2oat) on: /system/app/HoloSpiralWallpaper/HoloSpiralWallpaper.apk pkg=com.android.wallpaper.holospiral isa=arm vmSafeMode=false debuggable=false oatDir = null bootComplete=false
01-03 11:28:18.405  2907  2907 I dex2oat : Starting dex2oat.
01-03 11:28:18.405  2907  2907 E cutils-trace: Error opening trace file: No such file or directory (2)
01-03 11:28:18.500  2907  2907 I dex2oat : dex2oat took 99.268ms (threads: 4) arena alloc=238KB java alloc=182KB native alloc=1404KB free=75KB
01-03 11:28:18.505  2372  2372 I PackageManager.DexOptimizer: Running dexopt (dex2oat) on: /system/app/ExactCalculator/ExactCalculator.apk pkg=com.android.calculator2 isa=arm vmSafeMode=false debuggable=false oatDir = null bootComplete=false
01-03 11:28:18.550  2912  2912 I dex2oat : Starting dex2oat.
01-03 11:28:18.550  2912  2912 E cutils-trace: Error opening trace file: No such file or directory (2)
01-03 11:28:18.950  2912  2912 I dex2oat : dex2oat took 401.450ms (threads: 4) arena alloc=1160KB java alloc=424KB native alloc=2MB free=188KB
01-03 11:28:18.960  2372  2372 I PackageManager.DexOptimizer: Running dexopt (dex2oat) on: /system/app/UserDictionaryProvider/UserDictionaryProvider.apk pkg=com.android.providers.userdictionary isa=arm vmSafeMode=false debuggable=false oatDir = null bootComplete=false
01-03 11:28:19.020  2917  2917 I dex2oat : Starting dex2oat.
01-03 11:28:19.020  2917  2917 E cutils-trace: Error opening trace file: No such file or directory (2)
01-03 11:28:19.145  2917  2917 I dex2oat : dex2oat took 123.801ms (threads: 4) arena alloc=407KB java alloc=76KB native alloc=900KB free=87KB
01-03 11:28:19.150  2372  2372 I PackageManager.DexOptimizer: Running dexopt (dex2oat) on: /system/app/DownloadProviderUi/DownloadProviderUi.apk pkg=com.android.providers.downloads.ui isa=arm vmSafeMode=false debuggable=false oatDir = null bootComplete=false
01-03 11:28:19.230  2922  2922 I dex2oat : Starting dex2oat.
01-03 11:28:19.230  2922  2922 E cutils-trace: Error opening trace file: No such file or directory (2)
01-03 11:28:19.305  2922  2922 I dex2oat : dex2oat took 75.066ms (threads: 4) arena alloc=435KB java alloc=102KB native alloc=1286KB free=97KB
01-03 11:28:19.310  2372  2372 I PackageManager.DexOptimizer: Running dexopt (dex2oat) on: /system/app/PicoTts/PicoTts.apk pkg=com.svox.pico isa=arm vmSafeMode=false debuggable=false oatDir = null bootComplete=false
01-03 11:28:19.350  2927  2927 I dex2oat : Starting dex2oat.
01-03 11:28:19.350  2927  2927 E cutils-trace: Error opening trace file: No such file or directory (2)
01-03 11:28:19.435  2927  2927 I dex2oat : dex2oat took 82.021ms (threads: 4) arena alloc=776KB java alloc=158KB native alloc=1306KB free=85KB
01-03 11:28:19.440  2372  2372 I PackageManager.DexOptimizer: Running dexopt (dex2oat) on: /system/app/Galaxy4/Galaxy4.apk pkg=com.android.galaxy4 isa=arm vmSafeMode=false debuggable=false oatDir = null bootComplete=false
01-03 11:28:19.485  2932  2932 I dex2oat : Starting dex2oat.
01-03 11:28:19.485  2932  2932 E cutils-trace: Error opening trace file: No such file or directory (2)
01-03 11:28:19.580  2932  2932 I dex2oat : dex2oat took 95.137ms (threads: 4) arena alloc=402KB java alloc=188KB native alloc=1132KB free=47KB
01-03 11:28:19.585  2372  2372 I PackageManager.DexOptimizer: Running dexopt (dex2oat) on: /system/priv-app/ThemeChooser/ThemeChooser.apk pkg=org.cyanogenmod.theme.chooser isa=arm vmSafeMode=false debuggable=false oatDir = null bootComplete=false
01-03 11:28:19.625  2937  2937 I dex2oat : Starting dex2oat.
01-03 11:28:19.625  2937  2937 E cutils-trace: Error opening trace file: No such file or directory (2)
01-03 11:28:20.200  2937  2937 I dex2oat : dex2oat took 574.316ms (threads: 4) arena alloc=548KB java alloc=604KB native alloc=3MB free=282KB
01-03 11:28:20.210  2372  2372 I PackageManager.DexOptimizer: Running dexopt (dex2oat) on: /system/app/BluetoothMidiService/BluetoothMidiService.apk pkg=com.android.bluetoothmidiservice isa=arm vmSafeMode=false debuggable=false oatDir = null bootComplete=false
01-03 11:28:20.270  2942  2942 I dex2oat : Starting dex2oat.
01-03 11:28:20.270  2942  2942 E cutils-trace: Error opening trace file: No such file or directory (2)
01-03 11:28:20.355  2942  2942 I dex2oat : dex2oat took 88.951ms (threads: 4) arena alloc=514KB java alloc=105KB native alloc=1435KB free=80KB
01-03 11:28:20.360  2372  2372 I PackageManager.DexOptimizer: Running dexopt (dex2oat) on: /system/app/PhaseBeam/PhaseBeam.apk pkg=com.android.phasebeam isa=arm vmSafeMode=false debuggable=false oatDir = null bootComplete=false
01-03 11:28:20.405  2947  2947 I dex2oat : Starting dex2oat.
01-03 11:28:20.405  2947  2947 E cutils-trace: Error opening trace file: No such file or directory (2)
01-03 11:28:20.520  2947  2947 I dex2oat : dex2oat took 112.607ms (threads: 4) arena alloc=478KB java alloc=261KB native alloc=1422KB free=53KB
01-03 11:28:20.525  2372  2372 I PackageManager.DexOptimizer: Running dexopt (dex2oat) on: /system/priv-app/Trebuchet/Trebuchet.apk pkg=com.cyanogenmod.trebuchet isa=arm vmSafeMode=false debuggable=false oatDir = null bootComplete=false
01-03 11:28:20.570  2952  2952 I dex2oat : Starting dex2oat.
01-03 11:28:20.570  2952  2952 E cutils-trace: Error opening trace file: No such file or directory (2)
01-03 11:28:21.975  2952  2954 W dex2oat : Compilation of void com.android.launcher3.LauncherModel$LoaderTask.loadWorkspace() took 135.064ms
01-03 11:28:22.545  2952  2952 I dex2oat : dex2oat took 1.968s (threads: 4) arena alloc=3MB java alloc=1805KB native alloc=9MB free=727KB
01-03 11:28:22.570  2372  2372 I PackageManager.DexOptimizer: Running dexopt (dex2oat) on: /system/priv-app/ThemesProvider/ThemesProvider.apk pkg=org.cyanogenmod.themes.provider isa=arm vmSafeMode=false debuggable=false oatDir = null bootComplete=false
01-03 11:28:22.680  2957  2957 I dex2oat : Starting dex2oat.
01-03 11:28:22.680  2957  2957 E cutils-trace: Error opening trace file: No such file or directory (2)
01-03 11:28:22.895  2957  2957 I dex2oat : dex2oat took 216.471ms (threads: 4) arena alloc=1380KB java alloc=195KB native alloc=2MB free=74KB
01-03 11:28:22.905  2372  2372 I PackageManager.DexOptimizer: Running dexopt (dex2oat) on: /system/priv-app/CellBroadcastReceiver/CellBroadcastReceiver.apk pkg=com.android.cellbroadcastreceiver isa=arm vmSafeMode=false debuggable=false oatDir = null bootComplete=false
01-03 11:28:22.950  2962  2962 I dex2oat : Starting dex2oat.
01-03 11:28:22.950  2962  2962 E cutils-trace: Error opening trace file: No such file or directory (2)
01-03 11:28:23.135  2962  2962 I dex2oat : dex2oat took 185.773ms (threads: 4) arena alloc=1320KB java alloc=285KB native alloc=1952KB free=63KB
01-03 11:28:23.140  2372  2372 I PackageManager.DexOptimizer: Running dexopt (dex2oat) on: /system/app/Profiles/Profiles.apk pkg=org.cyanogenmod.profiles isa=arm vmSafeMode=false debuggable=false oatDir = null bootComplete=false
01-03 11:28:23.185  2967  2967 I dex2oat : Starting dex2oat.
01-03 11:28:23.185  2967  2967 E cutils-trace: Error opening trace file: No such file or directory (2)
01-03 11:28:23.320  2967  2967 I dex2oat : dex2oat took 135.148ms (threads: 4) arena alloc=665KB java alloc=163KB native alloc=1924KB free=99KB
01-03 11:28:23.325  2372  2372 I PackageManager.DexOptimizer: Running dexopt (dex2oat) on: /system/app/PhotoPhase/PhotoPhase.apk pkg=org.cyanogenmod.wallpapers.photophase isa=arm vmSafeMode=false debuggable=false oatDir = null bootComplete=false
01-03 11:28:23.370  2972  2972 I dex2oat : Starting dex2oat.
01-03 11:28:23.370  2972  2972 E cutils-trace: Error opening trace file: No such file or directory (2)
01-03 11:28:23.795  2972  2972 I dex2oat : dex2oat took 428.362ms (threads: 4) arena alloc=1388KB java alloc=568KB native alloc=2MB free=179KB
01-03 11:28:23.805  2372  2372 I PackageManager.DexOptimizer: Running dexopt (dex2oat) on: /system/app/webview/webview.apk pkg=com.android.webview isa=arm vmSafeMode=false debuggable=false oatDir = null bootComplete=false
01-03 11:28:23.850  2977  2977 I dex2oat : Starting dex2oat.
01-03 11:28:23.850  2977  2977 E cutils-trace: Error opening trace file: No such file or directory (2)
01-03 11:28:25.280  2977  2977 I dex2oat : dex2oat took 1.422s (threads: 4) arena alloc=1247KB java alloc=1481KB native alloc=6MB free=735KB
01-03 11:28:25.300  2372  2372 I PackageManager.DexOptimizer: Running dexopt (dex2oat) on: /system/priv-app/OneTimeInitializer/OneTimeInitializer.apk pkg=com.android.onetimeinitializer isa=arm vmSafeMode=false debuggable=false oatDir = null bootComplete=false
01-03 11:28:25.390  2982  2982 I dex2oat : Starting dex2oat.
01-03 11:28:25.390  2982  2982 E cutils-trace: Error opening trace file: No such file or directory (2)
01-03 11:28:25.515  2982  2982 I dex2oat : dex2oat took 120.792ms (threads: 4) arena alloc=685KB java alloc=109KB native alloc=1084KB free=71KB
01-03 11:28:25.520  2372  2372 I PackageManager.DexOptimizer: Running dexopt (dex2oat) on: /system/app/LiveWallpapersPicker/LiveWallpapersPicker.apk pkg=com.android.wallpaper.livepicker isa=arm vmSafeMode=false debuggable=false oatDir = null bootComplete=false
01-03 11:28:25.560  2987  2987 I dex2oat : Starting dex2oat.
01-03 11:28:25.560  2987  2987 E cutils-trace: Error opening trace file: No such file or directory (2)
01-03 11:28:25.670  2987  2987 I dex2oat : dex2oat took 110.822ms (threads: 4) arena alloc=190KB java alloc=121KB native alloc=1043KB free=76KB
01-03 11:28:25.680  2372  2372 I PackageManager.DexOptimizer: Running dexopt (dex2oat) on: /system/app/Nfc/Nfc.apk pkg=com.android.nfc isa=arm vmSafeMode=false debuggable=false oatDir = null bootComplete=false
01-03 11:28:25.730  2993  2993 I dex2oat : Starting dex2oat.
01-03 11:28:25.730  2993  2993 E cutils-trace: Error opening trace file: No such file or directory (2)
01-03 11:28:26.135  2993  2993 I dex2oat : dex2oat took 406.878ms (threads: 4) arena alloc=929KB java alloc=422KB native alloc=3MB free=144KB
01-03 11:28:26.145  2372  2372 I PackageManager.DexOptimizer: Running dexopt (dex2oat) on: /system/priv-app/VpnDialogs/VpnDialogs.apk pkg=com.android.vpndialogs isa=arm vmSafeMode=false debuggable=false oatDir = null bootComplete=false
01-03 11:28:26.195  2998  2998 I dex2oat : Starting dex2oat.
01-03 11:28:26.195  2998  2998 E cutils-trace: Error opening trace file: No such file or directory (2)
01-03 11:28:26.265  2998  2998 I dex2oat : dex2oat took 72.918ms (threads: 4) arena alloc=226KB java alloc=62KB native alloc=748KB free=79KB
01-03 11:28:26.270  2372  2372 I PackageManager.DexOptimizer: Running dexopt (dex2oat) on: /system/app/DeskClock/DeskClock.apk pkg=com.android.deskclock isa=arm vmSafeMode=false debuggable=false oatDir = null bootComplete=false
01-03 11:28:26.315  3003  3003 I dex2oat : Starting dex2oat.
01-03 11:28:26.315  3003  3003 E cutils-trace: Error opening trace file: No such file or directory (2)
01-03 11:28:26.490  3003  3006 W dex2oat : Before Android 4.1, method int android.support.v7.internal.widget.ListViewCompat.lookForSelectablePosition(int, boolean) would have incorrectly overridden the package-private method in android.widget.ListView
01-03 11:28:28.135  3003  3003 I dex2oat : dex2oat took 1.811s (threads: 4) arena alloc=2MB java alloc=2MB native alloc=7MB free=748KB
01-03 11:28:28.155  2372  2372 I PackageManager.DexOptimizer: Running dexopt (dex2oat) on: /system/app/BasicDreams/BasicDreams.apk pkg=com.android.dreams.basic isa=arm vmSafeMode=false debuggable=false oatDir = null bootComplete=false
01-03 11:28:28.245  3008  3008 I dex2oat : Starting dex2oat.
01-03 11:28:28.245  3008  3008 E cutils-trace: Error opening trace file: No such file or directory (2)
01-03 11:28:28.330  3008  3008 I dex2oat : dex2oat took 84.554ms (threads: 4) arena alloc=406KB java alloc=83KB native alloc=898KB free=93KB
01-03 11:28:28.335  2372  2372 I PackageManager.DexOptimizer: Running dexopt (dex2oat) on: /system/app/messaging/messaging.apk pkg=com.android.messaging isa=arm vmSafeMode=false debuggable=false oatDir = null bootComplete=false
01-03 11:28:28.375  3013  3013 I dex2oat : Starting dex2oat.
01-03 11:28:28.375  3013  3013 E cutils-trace: Error opening trace file: No such file or directory (2)
01-03 11:28:28.715  3013  3015 W dex2oat : Before Android 4.1, method int android.support.v7.internal.widget.E.lookForSelectablePosition(int, boolean) would have incorrectly overridden the package-private method in android.widget.ListView
01-03 11:28:31.395  3013  3016 W dex2oat : No verified method for method calling String.<init>: java.lang.String android.text.SpannableStringBuilder.toString()
01-03 11:28:32.425  3013  3013 W dex2oat : No verified method for method calling String.<init>: java.lang.String android.text.SpannableStringBuilder.toString()
01-03 11:28:32.845  3013  3013 W dex2oat : Compilation of com.google.i18n.phonenumbers.PhoneNumberUtil com.google.i18n.phonenumbers.PhoneNumberUtil.tl() took 149.720ms
01-03 11:28:33.380  3013  3013 I dex2oat : dex2oat took 4.979s (threads: 4) arena alloc=7MB java alloc=5MB native alloc=22MB free=2MB
01-03 11:28:33.425  2372  2372 I PackageManager.DexOptimizer: Running dexopt (dex2oat) on: /system/priv-app/BackupRestoreConfirmation/BackupRestoreConfirmation.apk pkg=com.android.backupconfirm isa=arm vmSafeMode=false debuggable=false oatDir = null bootComplete=false
01-03 11:28:33.475  3018  3018 I dex2oat : Starting dex2oat.
01-03 11:28:33.475  3018  3018 E cutils-trace: Error opening trace file: No such file or directory (2)
01-03 11:28:33.570  3018  3018 I dex2oat : dex2oat took 92.796ms (threads: 4) arena alloc=180KB java alloc=82KB native alloc=753KB free=102KB
01-03 11:28:33.575  2372  2372 I PackageManager.DexOptimizer: Running dexopt (dex2oat) on: /system/app/NoiseField/NoiseField.apk pkg=com.android.noisefield isa=arm vmSafeMode=false debuggable=false oatDir = null bootComplete=false
01-03 11:28:33.635  3023  3023 I dex2oat : Starting dex2oat.
01-03 11:28:33.635  3023  3023 E cutils-trace: Error opening trace file: No such file or directory (2)
01-03 11:28:33.735  3023  3023 I dex2oat : dex2oat took 99.957ms (threads: 4) arena alloc=289KB java alloc=193KB native alloc=1138KB free=97KB
01-03 11:28:33.740  2372  2372 I PackageManager.DexOptimizer: Running dexopt (dex2oat) on: /system/app/Bluetooth/Bluetooth.apk pkg=com.android.bluetooth isa=arm vmSafeMode=false debuggable=false oatDir = null bootComplete=false
01-03 11:28:33.780  3028  3028 I dex2oat : Starting dex2oat.
01-03 11:28:33.780  3028  3028 E cutils-trace: Error opening trace file: No such file or directory (2)
01-03 11:28:36.895  3028  3030 W dex2oat : Compilation of void com.android.bluetooth.avrcp.Avrcp.processGetFolderItemsInternal(byte, long, long, int, byte, int[], java.lang.String) took 117.261ms
01-03 11:28:38.135  3028  3032 I dex2oat : Skipping compilation of com.android.vcard.VCardEntry$PostalData com.android.vcard.VCardEntry$PostalData.constructPostalData(java.util.List, int, java.lang.String, boolean, int): it contains a non natural loop
01-03 11:28:38.175  3028  3030 W dex2oat : No verified method for method calling String.<init>: java.lang.String android.text.SpannableStringBuilder.toString()
01-03 11:28:38.390  3028  3030 I dex2oat : Skipping compilation of java.util.List com.google.common.collect.Ordering.leastOf(java.util.Iterator, int): it contains a non natural loop
01-03 11:28:40.380  3028  3028 I dex2oat : dex2oat took 6.560s (threads: 4) arena alloc=3MB java alloc=4MB native alloc=24MB free=3MB
01-03 11:28:40.425  2372  2372 I PackageManager.DexOptimizer: Running dexopt (dex2oat) on: /system/app/PhotoTable/PhotoTable.apk pkg=com.android.dreams.phototable isa=arm vmSafeMode=false debuggable=false oatDir = null bootComplete=false
01-03 11:28:40.480  3033  3033 I dex2oat : Starting dex2oat.
01-03 11:28:40.480  3033  3033 E cutils-trace: Error opening trace file: No such file or directory (2)
01-03 11:28:40.705  3033  3033 I dex2oat : dex2oat took 228.983ms (threads: 4) arena alloc=1221KB java alloc=241KB native alloc=2018KB free=69KB
01-03 11:28:40.710  2372  2372 I SystemServer: LockSettingsService
01-03 11:28:40.715  2372  2372 I SystemServiceManager: Starting com.android.server.DeviceIdleController
01-03 11:28:40.720  2372  2372 I SystemServiceManager: Starting com.android.server.devicepolicy.DevicePolicyManagerService$Lifecycle
01-03 11:28:40.725  2372  2372 I SystemServer: Status Bar
01-03 11:28:40.725  2372  2372 I SystemServer: Clipboard Service
01-03 11:28:40.730  2372  2372 I SystemServer: NetworkManagement Service
01-03 11:28:40.735  2372  2372 I SystemServer: Text Service Manager Service
01-03 11:28:40.745  2372  2372 I SystemServer: Network Score Service
01-03 11:28:40.745  2372  2372 I SystemServer: NetworkStats Service
01-03 11:28:40.750  2372  2372 I SystemServer: NetworkPolicy Service
01-03 11:28:40.760  2372  2372 I SystemServiceManager: Starting com.android.server.wifi.p2p.WifiP2pService
01-03 11:28:40.785  2372  2372 I WifiP2pService: Registering wifip2p
01-03 11:28:40.790  2372  2372 I SystemServiceManager: Starting com.android.server.wifi.WifiService
01-03 11:28:40.925  2372  2372 D HS20    : Passpoint is disabled
01-03 11:28:40.940  2372  2372 D WifiController: isAirplaneModeOn = false, isWifiEnabled = false, isScanningAvailable = false
01-03 11:28:40.940  2372  2372 I WifiService: Registering wifi
01-03 11:28:40.945  2372  2372 I WifiScanningService: Creating wifiscanner
01-03 11:28:40.945  2372  2372 I WifiScanningService: Starting wifiscanner
01-03 11:28:40.945  2372  2372 I RttService: Creating rttmanager
01-03 11:28:40.945  2372  2372 I RttService: Starting rttmanager
01-03 11:28:40.945  2372  2372 I SystemServiceManager: Starting com.android.server.wifi.WifiScanningService
01-03 11:28:40.945  2372  2372 I SystemServiceManager: Starting com.android.server.wifi.RttService
01-03 11:28:40.950  2372  2372 I EthernetServiceImpl: Creating EthernetConfigStore
01-03 11:28:40.950  2372  2372 I SystemServiceManager: Starting com.android.server.ethernet.EthernetService
01-03 11:28:40.955  2372  2372 E IpConfigStore: Error parsing configuration: java.io.FileNotFoundException: /data/misc/ethernet/ipconfig.txt: open failed: ENOENT (No such file or directory)
01-03 11:28:40.955  2372  2372 W EthernetConfigStore: No Ethernet configuration found. Using default.
01-03 11:28:40.955  2372  2372 I EthernetServiceImpl: Read stored IP configuration: IP assignment: DHCP
01-03 11:28:40.955  2372  2372 I EthernetServiceImpl: Proxy settings: NONE
01-03 11:28:40.955  2372  2372 I EthernetService: Registering service ethernet
01-03 11:28:40.955  2372  2372 I SystemServer: Connectivity Service
01-03 11:28:40.960  2372  2372 D ConnectivityService: ConnectivityService starting up
01-03 11:28:40.960  2372  2372 D ConnectivityService: wifiOnly=false
01-03 11:28:40.965  2372  2372 E ConnectivityService: Ignoring protectedNetwork 10
01-03 11:28:40.965  2372  2372 E ConnectivityService: Ignoring protectedNetwork 11
01-03 11:28:40.965  2372  2372 E ConnectivityService: Ignoring protectedNetwork 12
01-03 11:28:40.965  2372  2372 E ConnectivityService: Ignoring protectedNetwork 14
01-03 11:28:40.965  2372  2372 E ConnectivityService: Ignoring protectedNetwork 15
01-03 11:28:40.970  2372  2372 I SystemServer: Network Service Discovery Service
01-03 11:28:40.975  2372  2372 D NsdService: Network service discovery enabled true
01-03 11:28:40.975  2372  2372 I SystemServer: UpdateLock Service
01-03 11:28:40.975  2372  2372 I SystemServiceManager: Starting com.android.server.notification.NotificationManagerService
01-03 11:28:41.010  2372  2372 I SystemServiceManager: Starting com.android.server.storage.DeviceStorageMonitorService
01-03 11:28:41.010  2372  2372 I SystemServer: Location Manager
01-03 11:28:41.015  2372  2372 I SystemServer: Country Detector
01-03 11:28:41.015  2372  2372 I SystemServer: Search Service
01-03 11:28:41.020  2372  2372 I SystemServer: DropBox Service
01-03 11:28:41.025  2372  2372 I SystemServer: Wallpaper Service
01-03 11:28:41.025  2372  2372 W WallpaperManagerService: no current wallpaper -- first boot?
01-03 11:28:41.025  2372  2372 W WallpaperManagerService: no current wallpaper -- first boot?
01-03 11:28:41.025  2372  2372 I SystemServer: Audio Service
01-03 11:28:41.035  2372  2372 W TelecomManager: Telecom Service not found.
01-03 11:28:41.055  1969  2362 E AudioFlinger: no wake lock to update!
01-03 11:28:41.055  1969  1969 D PermissionCache: checking android.permission.MODIFY_AUDIO_SETTINGS for uid=1000 => granted (765 us)
01-03 11:28:41.055  1969  2365 D PermissionCache: checking android.permission.MODIFY_AUDIO_SETTINGS for uid=1000 => granted (2342 us)
01-03 11:28:41.085  2372  2372 I SystemServiceManager: Starting com.android.server.DockObserver
01-03 11:28:41.090  2372  2372 I SystemServer: Wired Accessory Manager
01-03 11:28:41.090  2372  2372 W WiredAccessoryManager: This kernel does not have usb audio support
01-03 11:28:41.090  2372  2372 I SystemServiceManager: Starting com.android.server.usb.UsbService$Lifecycle
01-03 11:28:41.105  2372  2372 I UsbDeviceManager: Setting USB config to mtp
01-03 11:28:41.115  2372  2372 I SystemServer: Serial Service
01-03 11:28:41.115  2372  2372 I SystemServiceManager: Starting com.android.server.twilight.TwilightService
01-03 11:28:41.115  2372  2372 I SystemServiceManager: Starting com.android.server.job.JobSchedulerService
01-03 11:28:41.125  2372  2372 I SystemServiceManager: Starting com.android.server.backup.BackupManagerService$Lifecycle
01-03 11:28:41.125  2372  2372 I SystemServiceManager: Starting com.android.server.appwidget.AppWidgetService
01-03 11:28:41.130  2372  2372 I SystemServiceManager: Starting com.android.server.voiceinteraction.VoiceInteractionManagerService
01-03 11:28:41.135  1969  3051 D PermissionCache: checking android.permission.CAPTURE_AUDIO_HOTWORD for uid=1000 => granted (149 us)
01-03 11:28:41.135  2372  3042 D WifiHW  : Unable to unload driver module "dhd": No such file or directory
01-03 11:28:41.135  2372  2372 W SoundTriggerHelper: listModules status=0, # of modules=0
01-03 11:28:41.135  2372  2372 I SystemServer: Gesture Launcher Service
01-03 11:28:41.135  2372  2372 I SystemServiceManager: Starting com.android.server.GestureLauncherService
01-03 11:28:41.135  2372  2372 I SystemServer: DiskStats Service
01-03 11:28:41.135  2372  2372 I SystemServer: SamplingProfiler Service
01-03 11:28:41.140  2372  3042 D WifiApConfigStore: 2G band allowed channels are:1,6,11
01-03 11:28:41.150  2372  2372 I SystemServer: NetworkTimeUpdateService
01-03 11:28:41.155  2372  2372 I SystemServer: CommonTimeManagementService
01-03 11:28:41.155  2372  2372 I SystemServer: CertBlacklister
01-03 11:28:41.155  2372  2372 I SystemServiceManager: Starting com.android.server.dreams.DreamManagerService
01-03 11:28:41.160  2372  2372 I SystemServer: Assets Atlas Service
01-03 11:28:41.165  2372  3054 D AssetAtlas: Computing best atlas configuration...
01-03 11:28:41.165  2372  3055 D AssetAtlas: Running Atlas Worker #1
01-03 11:28:41.165  2372  3056 D AssetAtlas: Running Atlas Worker #2
01-03 11:28:41.165  2372  3057 D AssetAtlas: Running Atlas Worker #3
01-03 11:28:41.165  2372  2372 I SystemServiceManager: Starting com.android.server.print.PrintManagerService
01-03 11:28:41.170  2372  3058 D AssetAtlas: Running Atlas Worker #4
01-03 11:28:41.170  2372  2372 I SystemServiceManager: Starting com.android.server.restrictions.RestrictionsManagerService
01-03 11:28:41.170  2372  2372 I SystemServiceManager: Starting com.android.server.media.MediaSessionService
01-03 11:28:41.180  2372  2372 I SystemServer: Theme Service
01-03 11:28:41.215  2372  2372 I com.android.server.ThemeService: Spawned worker thread
01-03 11:28:41.225  2372  2372 I SystemServer: Media Router Service
01-03 11:28:41.225  2372  2372 I SystemServiceManager: Starting com.android.server.trust.TrustManagerService
01-03 11:28:41.230  2372  2372 I SystemServiceManager: Starting com.android.server.fingerprint.FingerprintService
01-03 11:28:41.235  2372  2372 W FingerprintService: fingerprint service not available
01-03 11:28:41.235  2372  2372 V FingerprintService: Fingerprint HAL id: 0
01-03 11:28:41.235  2372  2372 I SystemServer: BackgroundDexOptService
01-03 11:28:41.240  2372  2372 I SystemServiceManager: Starting com.android.server.pm.LauncherAppsService
01-03 11:28:41.240  2372  2372 I SystemServer: EdgeGesture service
01-03 11:28:41.245  2372  2372 I SystemServiceManager: Starting com.android.server.media.projection.MediaProjectionManagerService
01-03 11:28:41.280  2372  2372 I WindowManager: SAFE MODE not enabled
01-03 11:28:41.285  2372  2372 I SystemServiceManager: Starting com.android.server.MmsServiceBroker
01-03 11:28:41.290  2372  2372 I SystemServer: org.cyanogenmod.platform.internal.CMStatusBarManagerService
01-03 11:28:41.300  2372  2372 D CMStatusBarManagerService: registerCMStatusBar cmstatusbar: org.cyanogenmod.platform.internal.CMStatusBarManagerService@bbfac8
01-03 11:28:41.300  2372  2372 I SystemServiceManager: Starting org.cyanogenmod.platform.internal.CMStatusBarManagerService
01-03 11:28:41.300  2372  2372 I SystemServer: org.cyanogenmod.platform.internal.ProfileManagerService
01-03 11:28:41.310  2372  2372 I SystemServiceManager: Starting org.cyanogenmod.platform.internal.ProfileManagerService
01-03 11:28:41.315  2372  2372 V ProfileTriggerHelper: Enabling
01-03 11:28:41.315  2372  3043 D WifiService: New client listening to asynchronous messages
01-03 11:28:41.320  2372  2372 D CMProfileService: Set active profile to: 0230226d-0d05-494a-a9bd-d222a1117655 - Default
01-03 11:28:41.320  2372  2372 D CMProfileService: Saving profile data...
01-03 11:28:41.325  2372  2372 D CMProfileService: Save completed.
