01-03 11:27:08.990  2372  2372 I PackageManager: /system/app/LiveWallpapers changed; collecting certs
01-03 11:27:09.025  2372  2372 I PackageManager: /system/app/LiveWallpapersPicker changed; collecting certs
01-03 11:27:09.075  2372  2372 I PackageManager: /system/app/LockClock changed; collecting certs
01-03 11:27:09.390  2372  2372 I PackageManager: /system/app/Nfc changed; collecting certs
01-03 11:27:09.420  2372  2372 I PackageManager: /system/app/NoiseField changed; collecting certs
01-03 11:27:09.440  2372  2372 I PackageManager: /system/app/PacProcessor changed; collecting certs
01-03 11:27:09.465  2372  2372 I PackageManager: /system/app/PhaseBeam changed; collecting certs
01-03 11:27:09.500  2372  2372 I PackageManager: /system/app/PhotoPhase changed; collecting certs
01-03 11:27:09.555  2372  2372 I PackageManager: /system/app/PhotoTable changed; collecting certs
01-03 11:27:09.580  2372  2372 I PackageManager: /system/app/PicoTts changed; collecting certs
01-03 11:27:09.615  2372  2372 I PackageManager: /system/app/PrintSpooler changed; collecting certs
01-03 11:27:09.640  2372  2372 I PackageManager: /system/app/Profiles changed; collecting certs
01-03 11:27:09.660  2372  2372 I PackageManager: /system/app/Provision changed; collecting certs
01-03 11:27:09.680  2372  2372 I PackageManager: /system/app/SamsungServiceMode changed; collecting certs
01-03 11:27:09.705  2372  2372 I PackageManager: /system/app/SoundRecorder changed; collecting certs
01-03 11:27:09.735  2372  2372 I PackageManager: /system/app/Stk changed; collecting certs
01-03 11:27:09.765  2372  2372 I PackageManager: /system/app/Terminal changed; collecting certs
01-03 11:27:09.785  2372  2372 I PackageManager: /system/app/UserDictionaryProvider changed; collecting certs
01-03 11:27:09.805  2372  2372 I PackageManager: /system/app/WAPPushManager changed; collecting certs
01-03 11:27:09.885  2372  2372 I PackageManager: /system/app/messaging changed; collecting certs
01-03 11:27:10.260  2372  2372 I PackageManager: /system/app/telresources changed; collecting certs
01-03 11:27:10.290  2372  2372 I PackageManager: /system/app/webview changed; collecting certs
01-03 11:27:10.360  2372  2372 D PackageManager: No files in app dir /system/vendor/app
01-03 11:27:10.360  2372  2372 D PackageManager: No files in app dir /oem/app
01-03 11:27:10.360  2372  2372 D PackageManager: No files in app dir /vendor/bundled-app
01-03 11:27:10.365  2372  2372 D PackageManager: No files in app dir /data/app
01-03 11:27:10.365  2372  2372 D PackageManager: No files in app dir /data/app-private
01-03 11:27:10.365  2372  2372 I PackageManager.DexOptimizer: Running dexopt (dex2oat) on: /system/priv-app/InputDevices/InputDevices.apk pkg=com.android.inputdevices isa=arm vmSafeMode=false debuggable=false oatDir = null bootComplete=false
01-03 11:27:10.365  2372  2372 E PackageManager: updateAllSharedLibrariesLPw failed: Package com.android.dialer requires unavailable shared library com.qualcomm.qti.smartsearch; failing!
01-03 11:27:10.365  2372  2372 W PackageManager: Package com.android.gallery3d desires unavailable shared library com.google.android.media.effects; ignoring!
01-03 11:27:10.365  2372  2372 W PackageManager: Package com.android.gallery3d desires unavailable shared library com.google.android.media.effects; ignoring!
01-03 11:27:10.365  2372  2372 I PackageManager: Adjusting ABI for : com.android.inputdevices to armeabi-v7a
01-03 11:27:10.405  2562  2562 I dex2oat : Starting dex2oat.
01-03 11:27:10.405  2562  2562 E cutils-trace: Error opening trace file: No such file or directory (2)
01-03 11:27:10.470  2562  2562 I dex2oat : dex2oat took 62.411ms (threads: 4) arena alloc=6KB java alloc=17KB native alloc=332KB free=127KB
01-03 11:27:10.470  2372  2372 I PackageManager: Adjusting ABI for : com.android.settings to armeabi-v7a
01-03 11:27:10.475  2372  2372 I PackageManager.DexOptimizer: Running dexopt (dex2oat) on: /system/priv-app/Settings/Settings.apk pkg=com.android.settings isa=arm vmSafeMode=false debuggable=false oatDir = null bootComplete=false
01-03 11:27:10.515  2567  2567 I dex2oat : Starting dex2oat.
01-03 11:27:10.515  2567  2567 E cutils-trace: Error opening trace file: No such file or directory (2)
01-03 11:27:11.885  2567  2570 W dex2oat : No verified method for method calling String.<init>: java.lang.String com.android.internal.widget.LockPatternUtils.patternToString(java.util.List, byte)
01-03 11:27:11.885  2567  2570 W dex2oat : No verified method for method calling String.<init>: java.lang.String com.android.internal.widget.LockPatternUtils.patternToString(java.util.List, byte)
01-03 11:27:11.905  2567  2571 W dex2oat : No verified method for method calling String.<init>: java.lang.String com.android.internal.widget.LockPatternUtils.patternToString(java.util.List, byte)
01-03 11:27:11.945  2567  2570 W dex2oat : No verified method for method calling String.<init>: java.lang.String com.android.internal.widget.LockPatternUtils.patternToString(java.util.List, byte)
01-03 11:27:14.230  2567  2567 I dex2oat : dex2oat took 3.710s (threads: 4) arena alloc=2MB java alloc=5MB native alloc=14MB free=1369KB
01-03 11:27:14.245  2372  2372 I PackageManager.DexOptimizer: Running dexopt (dex2oat) on: /system/app/KeyChain/KeyChain.apk pkg=com.android.keychain isa=arm vmSafeMode=false debuggable=false oatDir = null bootComplete=false
01-03 11:27:14.245  2372  2372 I PackageManager: Adjusting ABI for : com.android.keychain to armeabi-v7a
01-03 11:27:14.290  2572  2572 I dex2oat : Starting dex2oat.
01-03 11:27:14.290  2572  2572 E cutils-trace: Error opening trace file: No such file or directory (2)
01-03 11:27:14.395  2572  2572 I dex2oat : dex2oat took 104.815ms (threads: 4) arena alloc=100KB java alloc=148KB native alloc=1075KB free=44KB
01-03 11:27:14.400  2372  2372 I PackageManager.DexOptimizer: Running dexopt (dex2oat) on: /system/priv-app/FusedLocation/FusedLocation.apk pkg=com.android.location.fused isa=arm vmSafeMode=false debuggable=false oatDir = null bootComplete=false
01-03 11:27:14.400  2372  2372 I PackageManager: Adjusting ABI for : com.android.location.fused to armeabi-v7a
01-03 11:27:14.440  2577  2577 I dex2oat : Starting dex2oat.
01-03 11:27:14.440  2577  2577 E cutils-trace: Error opening trace file: No such file or directory (2)
01-03 11:27:14.510  2577  2577 I dex2oat : dex2oat took 70.137ms (threads: 4) arena alloc=39KB java alloc=55KB native alloc=758KB free=97KB
01-03 11:27:14.515  1970  1970 E installd: invalid apk path '/system/framework/org.cyanogenmod.platform-res.apk' (bad prefix)
01-03 11:27:14.515  2372  2372 I PackageManager.DexOptimizer: Running dexopt (dex2oat) on: /system/priv-app/SettingsProvider/SettingsProvider.apk pkg=com.android.providers.settings isa=arm vmSafeMode=false debuggable=false oatDir = null bootComplete=false
01-03 11:27:14.515  2372  2372 I PackageManager: Adjusting ABI for : cyanogenmod.platform to armeabi-v7a
01-03 11:27:14.515  2372  2372 I PackageManager: Adjusting ABI for : com.android.providers.settings to armeabi-v7a
01-03 11:27:14.555  2582  2582 I dex2oat : Starting dex2oat.
01-03 11:27:14.555  2582  2582 E cutils-trace: Error opening trace file: No such file or directory (2)
01-03 11:27:14.805  2582  2584 W dex2oat : Compilation of void com.android.providers.settings.DatabaseHelper.onUpgrade(android.database.sqlite.SQLiteDatabase, int, int) took 104.900ms
01-03 11:27:14.840  2582  2582 I dex2oat : dex2oat took 286.346ms (threads: 4) arena alloc=3MB java alloc=186KB native alloc=4MB free=89KB
01-03 11:27:14.850  2372  2372 I PackageManager.DexOptimizer: Running dexopt (dex2oat) on: /system/app/AdvancedDisplay/AdvancedDisplay.apk pkg=com.cyanogenmod.settings.device isa=arm vmSafeMode=false debuggable=false oatDir = null bootComplete=false
01-03 11:27:14.850  2372  2372 I PackageManager: Adjusting ABI for : com.cyanogenmod.settings.device to armeabi-v7a
01-03 11:27:14.895  2587  2587 I dex2oat : Starting dex2oat.
01-03 11:27:14.895  2587  2587 E cutils-trace: Error opening trace file: No such file or directory (2)
01-03 11:27:15.335  2587  2587 I dex2oat : dex2oat took 439.070ms (threads: 4) arena alloc=1482KB java alloc=379KB native alloc=2MB free=190KB
01-03 11:27:15.340  2372  2372 I PackageManager.DexOptimizer: Running dexopt (dex2oat) on: /system/priv-app/CyanogenSetupWizard/CyanogenSetupWizard.apk pkg=com.cyanogenmod.setupwizard isa=arm vmSafeMode=false debuggable=false oatDir = null bootComplete=false
01-03 11:27:15.340  2372  2372 I PackageManager: Adjusting ABI for : com.cyanogenmod.setupwizard to armeabi-v7a
01-03 11:27:15.385  2592  2592 I dex2oat : Starting dex2oat.
01-03 11:27:15.385  2592  2592 E cutils-trace: Error opening trace file: No such file or directory (2)
01-03 11:27:17.680  2592  2592 I dex2oat : dex2oat took 2.294s (threads: 4) arena alloc=3MB java alloc=2MB native alloc=11MB free=1083KB
01-03 11:27:17.695  2372  2372 I PackageManager.DexOptimizer: Running dexopt (dex2oat) on: /system/app/Development/Development.apk pkg=com.android.development isa=arm vmSafeMode=false debuggable=false oatDir = null bootComplete=false
01-03 11:27:17.695  2372  2372 I PackageManager: Adjusting ABI for : com.android.development to armeabi-v7a
01-03 11:27:17.735  2597  2597 I dex2oat : Starting dex2oat.
01-03 11:27:17.735  2597  2597 E cutils-trace: Error opening trace file: No such file or directory (2)
01-03 11:27:17.950  2597  2597 I dex2oat : dex2oat took 217.649ms (threads: 4) arena alloc=244KB java alloc=386KB native alloc=1951KB free=80KB
01-03 11:27:17.960  2372  2372 I PackageManager.DexOptimizer: Running dexopt (dex2oat) on: /system/priv-app/CMSettingsProvider/CMSettingsProvider.apk pkg=org.cyanogenmod.cmsettings isa=arm vmSafeMode=false debuggable=false oatDir = null bootComplete=false
01-03 11:27:17.960  2372  2372 I PackageManager: Adjusting ABI for : org.cyanogenmod.cmsettings to armeabi-v7a
01-03 11:27:18.000  2602  2602 I dex2oat : Starting dex2oat.
01-03 11:27:18.000  2602  2602 E cutils-trace: Error opening trace file: No such file or directory (2)
01-03 11:27:18.160  2602  2602 I dex2oat : dex2oat took 160.866ms (threads: 4) arena alloc=821KB java alloc=121KB native alloc=1669KB free=66KB
01-03 11:27:18.165  2372  2372 I PackageManager.DexOptimizer: Running dexopt (dex2oat) on: /system/priv-app/Telecom/Telecom.apk pkg=com.android.server.telecom isa=arm vmSafeMode=false debuggable=false oatDir = null bootComplete=false
01-03 11:27:18.165  2372  2372 I PackageManager: Adjusting ABI for : com.android.server.telecom to armeabi-v7a
01-03 11:27:18.205  2607  2607 I dex2oat : Starting dex2oat.
01-03 11:27:18.205  2607  2607 E cutils-trace: Error opening trace file: No such file or directory (2)
01-03 11:27:18.780  2607  2607 I dex2oat : dex2oat took 571.874ms (threads: 4) arena alloc=1268KB java alloc=451KB native alloc=3MB free=202KB
01-03 11:27:18.785  2372  2372 I PackageManager: Time to scan packages: 19.71 seconds
01-03 11:27:18.790  2372  2372 W PackageManager: Unknown permission com.google.android.googleapps.permission.GOOGLE_AUTH in package com.android.providers.calendar
01-03 11:27:18.790  2372  2372 W PackageManager: Unknown permission com.google.android.googleapps.permission.GOOGLE_AUTH.cl in package com.android.providers.calendar
01-03 11:27:18.790  2372  2372 W PackageManager: Not granting permission android.permission.REAL_GET_TASKS to package org.cyanogenmod.wallpapers.photophase (protectionLevel=18 flags=0x3818be45)
01-03 11:27:18.790  2372  2372 W PackageManager: Not granting permission android.permission.ACCESS_DOWNLOAD_MANAGER to package com.android.browser (protectionLevel=18 flags=0x3849be45)
01-03 11:27:18.790  2372  2372 W PackageManager: Not granting permission android.permission.SEND_DOWNLOAD_COMPLETED_INTENTS to package com.android.browser (protectionLevel=2 flags=0x3849be45)
01-03 11:27:18.790  2372  2372 W PackageManager: Not granting permission android.permission.WRITE_MEDIA_STORAGE to package com.android.soundrecorder (protectionLevel=18 flags=0x3008be45)
01-03 11:27:18.790  2372  2372 W PackageManager: Not granting permission android.permission.CAPTURE_AUDIO_OUTPUT to package com.android.soundrecorder (protectionLevel=18 flags=0x3008be45)
01-03 11:27:18.790  2372  2372 W PackageManager: Unknown permission com.cyngn.stats.SEND_ANALYTICS in package com.cyanogenmod.setupwizard
01-03 11:27:18.790  2372  2372 W PackageManager: Unknown permission com.cyanogen.permission.REQUEST_KILL_SWITCH_OP in package com.cyanogenmod.setupwizard
01-03 11:27:18.795  2372  2372 W PackageManager: Unknown permission com.google.android.googleapps.permission.GOOGLE_AUTH.mail in package com.android.calendar
01-03 11:27:18.795  2372  2372 W PackageManager: Unknown permission com.android.launcher.permission.READ_SETTINGS in package com.android.onetimeinitializer
01-03 11:27:18.795  2372  2372 W PackageManager: Unknown permission com.android.launcher.permission.WRITE_SETTINGS in package com.android.onetimeinitializer
01-03 11:27:18.795  2372  2372 W PackageManager: Unknown permission com.android.launcher.permission.READ_SETTINGS in package com.cyanogenmod.trebuchet
01-03 11:27:18.795  2372  2372 W PackageManager: Unknown permission com.android.launcher.permission.WRITE_SETTINGS in package com.cyanogenmod.trebuchet
01-03 11:27:18.795  2372  2372 W PackageManager: Unknown permission android.permission.CANCEL_NOTIFICATIONS in package org.cyanogenmod.theme.chooser
01-03 11:27:18.795  2372  2372 W PackageManager: Not granting permission android.permission.DELETE_PACKAGES to package com.svox.pico (protectionLevel=18 flags=0x3808be45)
01-03 11:27:18.795  2372  2372 W PackageManager: Unknown permission android.permission.ACCESS_SUPERUSER in package com.cyanogenmod.filemanager
01-03 11:27:18.795  2372  2372 W PackageManager: Unknown permission com.cyanogenmod.filemanager.permissions.READ_THEME in package com.cyanogenmod.filemanager
01-03 11:27:18.795  2372  2372 W PackageManager: Unknown permission com.google.android.gallery3d.permission.PICASA_STORE in package com.android.dreams.phototable
01-03 11:27:18.795  2372  2372 W PackageManager: Unknown permission com.google.android.googleapps.permission.GOOGLE_AUTH in package com.android.settings
01-03 11:27:18.795  2372  2372 W PackageManager: Unknown permission com.android.launcher.permission.READ_SETTINGS in package com.android.settings
01-03 11:27:18.795  2372  2372 W PackageManager: Unknown permission com.android.launcher.permission.WRITE_SETTINGS in package com.android.settings
01-03 11:27:18.795  2372  2372 W PackageManager: Not granting permission android.permission.REAL_GET_TASKS to package com.cyanogenmod.eleven (protectionLevel=18 flags=0x3818be65)
01-03 11:27:18.800  2372  2372 W PackageManager: Unknown permission android.permission.HARDWARE_ABSTRACTION_ACCESS in package com.android.systemui
01-03 11:27:18.805  2372  2372 W PackageManager: Unknown permission com.google.android.gallery3d.permission.GALLERY_PROVIDER in package com.android.bluetooth
01-03 11:27:18.805  2372  2372 W PackageManager: Unknown permission com.google.android.googleapps.permission.ACCESS_GOOGLE_PASSWORD in package com.android.development
01-03 11:27:18.805  2372  2372 W PackageManager: Unknown permission com.google.android.googleapps.permission.GOOGLE_AUTH in package com.android.development
01-03 11:27:18.805  2372  2372 W PackageManager: Unknown permission com.google.android.googleapps.permission.GOOGLE_AUTH.ALL_SERVICES in package com.android.development
01-03 11:27:18.805  2372  2372 W PackageManager: Unknown permission com.google.android.googleapps.permission.GOOGLE_AUTH.YouTubeUser in package com.android.development
01-03 11:27:18.805  2372  2372 V PackageManager: Disabling com.google.android.gsf/com.google.android.gsf.update.SystemUpdateActivity
01-03 11:27:18.805  2372  2372 W PackageManager: Unable to disable com.google.android.gsf/com.google.android.gsf.update.SystemUpdateActivity
01-03 11:27:18.805  2372  2372 V PackageManager: Disabling com.google.android.gsf/com.google.android.gsf.update.SystemUpdateService$Receiver
01-03 11:27:18.805  2372  2372 W PackageManager: Unable to disable com.google.android.gsf/com.google.android.gsf.update.SystemUpdateService$Receiver
01-03 11:27:18.805  2372  2372 V PackageManager: Disabling com.google.android.gsf/com.google.android.gsf.update.SystemUpdateService$SecretCodeReceiver
01-03 11:27:18.805  2372  2372 W PackageManager: Unable to disable com.google.android.gsf/com.google.android.gsf.update.SystemUpdateService$SecretCodeReceiver
01-03 11:27:18.805  2372  2372 V PackageManager: Disabling com.google.android.gms/com.google.android.gms.update.SystemUpdateActivity
01-03 11:27:18.805  2372  2372 W PackageManager: Unable to disable com.google.android.gms/com.google.android.gms.update.SystemUpdateActivity
01-03 11:27:18.805  2372  2372 V PackageManager: Disabling com.google.android.gms/com.google.android.gms.update.SystemUpdateService$Receiver
01-03 11:27:18.805  2372  2372 W PackageManager: Unable to disable com.google.android.gms/com.google.android.gms.update.SystemUpdateService$Receiver
01-03 11:27:18.805  2372  2372 V PackageManager: Disabling com.google.android.gms/com.google.android.gms.update.SystemUpdateService$ActiveReceiver
01-03 11:27:18.805  2372  2372 W PackageManager: Unable to disable com.google.android.gms/com.google.android.gms.update.SystemUpdateService$ActiveReceiver
01-03 11:27:18.805  2372  2372 V PackageManager: Disabling com.google.android.gms/com.google.android.gms.update.SystemUpdateService$SecretCodeReceiver
01-03 11:27:18.805  2372  2372 W PackageManager: Unable to disable com.google.android.gms/com.google.android.gms.update.SystemUpdateService$SecretCodeReceiver
01-03 11:27:18.805  2372  2372 V PackageManager: Enabling com.google.android.gsf/com.google.android.gsf.update.SystemUpdateService
01-03 11:27:18.805  2372  2372 W PackageManager: Unable to enable com.google.android.gsf/com.google.android.gsf.update.SystemUpdateService
01-03 11:27:18.805  2372  2372 V PackageManager: Enabling com.google.android.gms/com.google.android.gms.update.SystemUpdateService
01-03 11:27:18.805  2372  2372 W PackageManager: Unable to enable com.google.android.gms/com.google.android.gms.update.SystemUpdateService
01-03 11:27:18.900  2372  2372 I art     : Starting a blocking GC Explicit
01-03 11:27:18.930  2372  2372 I art     : Explicit concurrent mark sweep GC freed 32836(1933KB) AllocSpace objects, 6(960KB) LOS objects, 33% free, 9MB/13MB, paused 528us total 27.104ms
01-03 11:27:18.930  2372  2372 I SystemServer: User Service
01-03 11:27:18.940  1959  1959 I lowmemorykiller: ActivityManager connected
01-03 11:27:19.140  2372  2613 I         : System server: starting sensor init.
01-03 11:27:19.140  2372  2613 D SensorService: nuSensorService starting...
01-03 11:27:19.140  2372  2372 I SystemServiceManager: Starting com.android.server.BatteryService
01-03 11:27:19.145  2372  2613 W linker  : /system/lib/hw/sensors.smdk4x12.so has text relocations. This is wasting memory and prevents security hardening. Please fix.
01-03 11:27:19.150  2372  2413 E BluetoothAdapter: Bluetooth binder is null
01-03 11:27:19.150  2372  2372 I SystemServiceManager: Starting com.android.server.usage.UsageStatsService
01-03 11:27:19.155  2372  2413 I BatteryStatsImpl: Resetting battery stats: level=96 status=3 dischargeLevel=96 lowAmount=0 highAmount=0
01-03 11:27:19.165  2372  2372 I UsageStatsDatabase: Upgrading from version 0 to 3
01-03 11:27:19.165  2372  2372 I UsageStatsDatabase: Deleting all usage stats files
01-03 11:27:19.170  2372  2372 I UsageStatsService: User[0] Rollover scheduled @ 2016-01-04 00:00:00(1451865600000)
01-03 11:27:19.180  2372  2372 I UsageStatsService: User[0] Flushing usage stats to disk
01-03 11:27:19.240  2372  2372 I SystemServiceManager: Starting com.android.server.webkit.WebViewUpdateService
01-03 11:27:19.240  2372  2372 I SystemServer: Reading configuration...
01-03 11:27:19.240  2372  2372 I SystemServer: Scheduling Policy
01-03 11:27:19.245  2372  2372 I SystemServiceManager: Starting com.android.server.telecom.TelecomLoaderService
01-03 11:27:19.245  2372  2372 I SystemServer: Telephony Registry
01-03 11:27:19.250  2372  2372 I SystemServer: Entropy Mixer
01-03 11:27:19.250  2372  2372 W EntropyMixer: No existing entropy file -- first boot?
01-03 11:27:19.250  2372  2372 I EntropyMixer: Writing entropy...
01-03 11:27:19.265  2372  2372 I SystemServer: Camera Service
01-03 11:27:19.265  2372  2372 I SystemServiceManager: Starting com.android.server.camera.CameraService
01-03 11:27:19.270  2372  2614 I ServiceThread: Enabled StrictMode logging for CameraService_proxy looper.
01-03 11:27:19.270  2372  2372 I SystemServer: Account Manager
01-03 11:27:19.275  2372  2372 I SystemServer: Content Manager
01-03 11:27:19.275  2372  2372 I SystemServer: System Content Providers
01-03 11:27:19.280  2372  2372 W System  : ClassLoader referenced unknown path: /system/priv-app/CMSettingsProvider/lib/arm
01-03 11:27:19.355  2372  2372 W System  : ClassLoader referenced unknown path: /system/priv-app/SettingsProvider/lib/arm
01-03 11:27:19.410  2372  2372 W SettingsProvider: Invalid ro.telephony.default_network: 
01-03 11:27:19.445  2372  2372 D SettingsProvider: Generated and saved new ANDROID_ID [2eaf7caf45ef2cce] for user 0
01-03 11:27:19.470  2372  2410 I SyncManager: No initial accounts
01-03 11:27:19.470  2372  2410 I SyncManager: No initial status
01-03 11:27:19.470  2372  2410 I SyncManager: No initial statistics
01-03 11:27:19.470  2372  2372 I SystemServer: Vibrator Service
01-03 11:27:19.475  2372  2372 E ConsumerIrService: Can't open consumer IR HW Module, error: -2
01-03 11:27:19.475  2372  2372 I SystemServer: Consumer IR Service
01-03 11:27:19.475  2372  2372 I SystemServiceManager: Starting com.android.server.AlarmManagerService
01-03 11:27:19.505  2372  2372 I SystemServer: Init Watchdog
01-03 11:27:19.505  2372  2372 I SystemServer: Input Manager
01-03 11:27:19.505  2372  2372 I InputManager: Initializing input manager, mUseDevInputEventForAudioJack=false
01-03 11:27:19.515  2372  2372 I SystemServer: Window Manager
01-03 11:27:19.545  2372  2416 I WindowManager: No existing display settings /data/system/display_settings.xml; starting empty
01-03 11:27:19.555  2372  2412 I ServiceManager: Waiting for service sensorservice...
01-03 11:27:19.980  2372  2613 I Sensors : getName:light_sensor name = CM36651.
01-03 11:27:19.980  2372  2613 I Sensors : getName:proximity_sensor name = CM36651.
01-03 11:27:20.005  2372  2613 W linker  : /system/lib/libakm.so has text relocations. This is wasting memory and prevents security hardening. Please fix.
01-03 11:27:20.005  2372  2613 D AkmSensor: akm_init: is called
01-03 11:27:20.010  2372  2613 I AkmSensor: open_accelerometer
01-03 11:27:20.010  2372  2613 E AkmSensor: ReadAK8975FUSEROM: asa(dec)=159,158,169
01-03 11:27:20.015  2372  2619 D AkmSensor: thread_main: is called
01-03 11:27:20.015  2372  2613 I iNemoSensor: opened the gyro input event node
01-03 11:27:20.015  2372  2619 E AkmSensor: MeasureSNGLoop:  Unable to load settings file, using defaults.
01-03 11:27:20.285  2372  2613 D iNemoSensor: Found gyro_sensor at /dev/input/event4
01-03 11:27:20.345  2372  2613 I iNemoSensor: Found enable path : /sys/class/input/event4/device/enable, poll_delay path : /sys/class/input/event4/device/poll_delay
01-03 11:27:20.345  2372  2613 D Sensors : SensorBase:'compass_sensor' input event : /dev/input/event10
01-03 11:27:20.345  2372  2613 I iNemoSensor: iNemoSensor, 176, opened the compass input event node, cnt = 3, data_fd = 74
01-03 11:27:20.345  2372  2613 D AkmSensor: akm_disable_sensor: Orientation is disabled. (accel = 0)
01-03 11:27:20.345  2372  2613 I AkmSensor: enable_accelerometer, mEnabled = 0, enable = 0
01-03 11:27:20.345  2372  2613 I iNemoEngineAPI: Lib version: v1.02.androidheadway.opt3 (25)
01-03 11:27:20.345  2372  2613 I Sensors : getName:barometer_sensor name = LPS331.
01-03 11:27:20.345  2372  2613 I Sensors : PressTempSensor::PressTempSensor prs device_sysfs_path:(/sys/class/input/event7/device/)
01-03 11:27:20.345  2372  2613 D Sensors : PressTempSensor:File /sys/class/input/event7/device/compensation_param Opened Successfully !!
01-03 11:27:20.345  2372  2613 D Sensors : PressTempSensor:Acquired Pressure Compansation Values: TSL = 0x00000000, TSH = 0x00000001, TCV1 = 0x00000318, TCV2 = 0x000002db, TCV3 = 0x000002db, TCS1 = 0x000001a8, TCS2 = 0x000001a2, TCS3 = 0x000001a2, DGAIN = 0x0000e083, deltaT1 = 0x00000004, deltaT2 = 0x00000000, deltaT3 = 0x00000000, testSetup = 0x00000000
01-03 11:27:20.345  2372  2613 I Sensors : PressTempSensor::PressTempSensor press_device_sysfs_path:(/sys/class/input/event7/device/compensation_param)
01-03 11:27:20.345  2372  2613 D Sensors : PressTempSensor::enable: handle: 9, enable: 0
01-03 11:27:20.345  2372  2613 D Sensors : PressTempSensor: mEnabled 0, enabled: 0
01-03 11:27:20.345  2372  2613 D Sensors : PressTempSensor::enable: handle: 10, enable: 0
01-03 11:27:20.345  2372  2613 D Sensors : PressTempSensor: mEnabled 0, enabled: 0
01-03 11:27:20.345  2372  2613 I iNemoSensor: enable(): handle(0), en(0), what(0)
01-03 11:27:20.345  2372  2613 D iNemoSensor: enable(): MASK_ACC (0) MASK_MAG (0) MASK_GYR (0)
01-03 11:27:20.345  2372  2613 D iNemoSensor: enable(): mEnAcc(0) mEnMag(0) mEnGyr(0)
01-03 11:27:20.345  2372  2613 I iNemoSensor: enable(): handle(1), en(0), what(2)
01-03 11:27:20.345  2372  2613 D iNemoSensor: enable(): MASK_ACC (0) MASK_MAG (0) MASK_GYR (0)
01-03 11:27:20.345  2372  2613 D iNemoSensor: enable(): mEnAcc(0) mEnMag(0) mEnGyr(0)
01-03 11:27:20.345  2372  2613 I iNemoSensor: enable(): handle(2), en(0), what(3)
01-03 11:27:20.345  2372  2613 D iNemoSensor: enable(): MASK_ACC (0) MASK_MAG (0) MASK_GYR (0)
01-03 11:27:20.345  2372  2613 D iNemoSensor: enable(): mEnAcc(0) mEnMag(0) mEnGyr(0)
01-03 11:27:20.345  2372  2613 I iNemoSensor: enable(): handle(5), en(0), what(1)
01-03 11:27:20.345  2372  2613 D iNemoSensor: enable(): MASK_ACC (0) MASK_MAG (0) MASK_GYR (0)
01-03 11:27:20.345  2372  2613 D iNemoSensor: enable(): mEnAcc(0) mEnMag(0) mEnGyr(0)
01-03 11:27:20.345  2372  2613 I iNemoSensor: enable(): handle(6), en(0), what(4)
01-03 11:27:20.345  2372  2613 D iNemoSensor: enable(): MASK_ACC (0) MASK_MAG (0) MASK_GYR (0)
01-03 11:27:20.345  2372  2613 D iNemoSensor: enable(): mEnAcc(0) mEnMag(0) mEnGyr(0)
01-03 11:27:20.345  2372  2613 I iNemoSensor: enable(): handle(7), en(0), what(5)
01-03 11:27:20.345  2372  2613 D iNemoSensor: enable(): MASK_ACC (0) MASK_MAG (0) MASK_GYR (0)
01-03 11:27:20.345  2372  2613 D iNemoSensor: enable(): mEnAcc(0) mEnMag(0) mEnGyr(0)
01-03 11:27:20.345  2372  2613 I iNemoSensor: enable(): handle(8), en(0), what(6)
01-03 11:27:20.345  2372  2613 D iNemoSensor: enable(): MASK_ACC (0) MASK_MAG (0) MASK_GYR (0)
01-03 11:27:20.345  2372  2613 D iNemoSensor: enable(): mEnAcc(0) mEnMag(0) mEnGyr(0)
01-03 11:27:20.345  2372  2613 D Sensors : PressTempSensor::enable: handle: 9, enable: 0
01-03 11:27:20.345  2372  2613 D Sensors : PressTempSensor: mEnabled 0, enabled: 0
01-03 11:27:20.345  2372  2613 I         : System server: sensor init done.
01-03 11:27:20.345  2372  2620 D SensorService: new thread SensorEventAckReceiver
01-03 11:27:20.345  2372  2621 D SensorService: nuSensorService thread starting...
01-03 11:27:20.635  2372  2637 D EventHub: No input device configuration file found for device 'compass_sensor'.
01-03 11:27:20.635  2372  2372 I InputManager: Starting input manager
01-03 11:27:20.640  2372  2372 D BluetoothManagerService: Loading stored name and address
01-03 11:27:20.640  2372  2372 D BluetoothManagerService: Stored bluetooth Name=null,Address=null
01-03 11:27:20.640  2372  2372 D BluetoothService: onStart: publishing BluetoothManagerService
01-03 11:27:20.640  2372  2372 I SystemServer: Bluetooth Service
01-03 11:27:20.640  2372  2372 I SystemServiceManager: Starting com.android.server.BluetoothService
01-03 11:27:20.640  2372  2372 I SystemServer: Input Method Service
01-03 11:27:20.675  2372  2637 D EventHub: No input device configuration file found for device 'barometer_sensor'.
01-03 11:27:20.695  2372  2637 D EventHub: No input device configuration file found for device 'light_sensor'.
01-03 11:27:20.710  2372  2372 W InputMethodManagerService: No IME selected. Choose the most applicable IME.
01-03 11:27:20.710  2372  2372 I InputMethodManagerService: Default found, using com.android.inputmethod.latin/.LatinIME
01-03 11:27:20.715  2372  2372 I SystemServer: Accessibility Manager
01-03 11:27:20.720  2372  2372 I XXXXXX  : choosing minFree values for 32 Bit
01-03 11:27:20.720  2372  2372 I XXXXXX  : choosing minFree values for 32 Bit
01-03 11:27:20.720  2372  2372 I XXXXXX  : choosing minFree values for 32 Bit
01-03 11:27:20.720  2372  2372 I XXXXXX  : choosing minFree values for 32 Bit
01-03 11:27:20.720  2372  2372 I XXXXXX  : choosing minFree values for 32 Bit
01-03 11:27:20.720  2372  2372 I XXXXXX  : choosing minFree values for 32 Bit
01-03 11:27:20.720  2372  2372 I ActivityManager: Config changes=1df8 {1.0 ?mcc?mnc en_US ldltr sw360dp w360dp h640dp 320dpi nrml long port ?uimode ?night -touch -keyb/h/h -nav/h s.2 themeResource=null}
01-03 11:27:20.735  2372  2372 I ActivityManager: Config changes=400 {1.0 ?mcc?mnc en_US ldltr sw360dp w360dp h616dp 320dpi nrml long port ?uimode ?night -touch -keyb/h/h -nav/h s.3 themeResource=null}
01-03 11:27:20.735  2372  2372 I SystemServiceManager: Starting com.android.server.MountService$Lifecycle
01-03 11:27:20.745  2372  2637 D EventHub: No input device configuration file found for device 'proximity_sensor'.
01-03 11:27:20.745  2372  2372 I SystemServiceManager: Starting com.android.server.UiModeManagerService
01-03 11:27:20.745  2372  2638 D MountService: Thinking about reset, mSystemReady=false, mDaemonConnected=true
01-03 11:27:20.745  2372  2638 D MountService: Thinking about reset, mSystemReady=false, mDaemonConnected=true
01-03 11:27:20.745  2372  2638 D CryptdConnector: SND -> {1 cryptfs getfield SystemLocale}
01-03 11:27:20.745  2372  2372 I ActivityManager: Config changes=200 {1.0 ?mcc?mnc en_US ldltr sw360dp w360dp h616dp 320dpi nrml long port -touch -keyb/h/h -nav/h s.4 themeResource=null}
01-03 11:27:20.750  1901  1953 I Ext4Crypt: ext4 crypto complete called on /data
01-03 11:27:20.750  1901  1953 I Ext4Crypt: No master key, so not ext4enc
01-03 11:27:20.750  2372  2640 D CryptdConnector: RCV <- {200 1 -1}
01-03 11:27:20.750  2372  2372 W PackageManager: No disk maintenance in 1451791640756; running immediately
01-03 11:27:20.750  2372  2638 W MountService: No primary storage mounted!
01-03 11:27:20.750  2372  2638 D VoldConnector: SND -> {1 asec list}
01-03 11:27:20.755  2372  2372 I PackageManager.DexOptimizer: Running dexopt (dex2oat) on: /system/priv-app/ProxyHandler/ProxyHandler.apk pkg=com.android.proxyhandler isa=arm vmSafeMode=false debuggable=false oatDir = null bootComplete=false
01-03 11:27:20.755  2372  2638 I PackageManager: No secure containers found
01-03 11:27:20.755  2372  2639 D VoldConnector: RCV <- {200 1 asec operation succeeded}
01-03 11:27:20.755  2372  2638 W PackageManager: Unknown permission com.google.android.googleapps.permission.GOOGLE_AUTH in package com.android.providers.calendar
01-03 11:27:20.755  2372  2638 W PackageManager: Unknown permission com.google.android.googleapps.permission.GOOGLE_AUTH.cl in package com.android.providers.calendar
01-03 11:27:20.755  2372  2638 W PackageManager: Not granting permission android.permission.REAL_GET_TASKS to package org.cyanogenmod.wallpapers.photophase (protectionLevel=18 flags=0x3898be45)
01-03 11:27:20.760  2372  2638 W PackageManager: Not granting permission android.permission.ACCESS_DOWNLOAD_MANAGER to package com.android.browser (protectionLevel=18 flags=0x38c9be45)
01-03 11:27:20.760  2372  2638 W PackageManager: Not granting permission android.permission.SEND_DOWNLOAD_COMPLETED_INTENTS to package com.android.browser (protectionLevel=2 flags=0x38c9be45)
01-03 11:27:20.760  2372  2638 W PackageManager: Not granting permission android.permission.WRITE_MEDIA_STORAGE to package com.android.soundrecorder (protectionLevel=18 flags=0x3088be45)
01-03 11:27:20.760  2372  2638 W PackageManager: Not granting permission android.permission.CAPTURE_AUDIO_OUTPUT to package com.android.soundrecorder (protectionLevel=18 flags=0x3088be45)
01-03 11:27:20.760  2372  2638 W PackageManager: Unknown permission com.cyngn.stats.SEND_ANALYTICS in package com.cyanogenmod.setupwizard
01-03 11:27:20.760  2372  2638 W PackageManager: Unknown permission com.cyanogen.permission.REQUEST_KILL_SWITCH_OP in package com.cyanogenmod.setupwizard
01-03 11:27:20.760  2372  2638 W PackageManager: Unknown permission com.google.android.googleapps.permission.GOOGLE_AUTH.mail in package com.android.calendar
01-03 11:27:20.760  2372  2638 W PackageManager: Unknown permission com.android.launcher.permission.READ_SETTINGS in package com.android.onetimeinitializer
01-03 11:27:20.760  2372  2638 W PackageManager: Unknown permission com.android.launcher.permission.WRITE_SETTINGS in package com.android.onetimeinitializer
01-03 11:27:20.760  2372  2638 W PackageManager: Unknown permission com.android.launcher.permission.READ_SETTINGS in package com.cyanogenmod.trebuchet
01-03 11:27:20.760  2372  2638 W PackageManager: Unknown permission com.android.launcher.permission.WRITE_SETTINGS in package com.cyanogenmod.trebuchet
01-03 11:27:20.760  2372  2638 W PackageManager: Unknown permission android.permission.CANCEL_NOTIFICATIONS in package org.cyanogenmod.theme.chooser
01-03 11:27:20.760  2372  2638 W PackageManager: Not granting permission android.permission.DELETE_PACKAGES to package com.svox.pico (protectionLevel=18 flags=0x3888be45)
01-03 11:27:20.760  2372  2638 W PackageManager: Unknown permission android.permission.ACCESS_SUPERUSER in package com.cyanogenmod.filemanager
01-03 11:27:20.760  2372  2638 W PackageManager: Unknown permission com.cyanogenmod.filemanager.permissions.READ_THEME in package com.cyanogenmod.filemanager
01-03 11:27:20.760  2372  2638 W PackageManager: Unknown permission com.google.android.gallery3d.permission.PICASA_STORE in package com.android.dreams.phototable
01-03 11:27:20.760  2372  2638 W PackageManager: Unknown permission com.google.android.googleapps.permission.GOOGLE_AUTH in package com.android.settings
01-03 11:27:20.760  2372  2638 W PackageManager: Unknown permission com.android.launcher.permission.READ_SETTINGS in package com.android.settings
01-03 11:27:20.760  2372  2638 W PackageManager: Unknown permission com.android.launcher.permission.WRITE_SETTINGS in package com.android.settings
01-03 11:27:20.765  2372  2638 W PackageManager: Not granting permission android.permission.REAL_GET_TASKS to package com.cyanogenmod.eleven (protectionLevel=18 flags=0x3898be65)
01-03 11:27:20.765  2372  2638 W PackageManager: Unknown permission android.permission.HARDWARE_ABSTRACTION_ACCESS in package com.android.systemui
01-03 11:27:20.765  2372  2638 W PackageManager: Unknown permission com.google.android.gallery3d.permission.GALLERY_PROVIDER in package com.android.bluetooth
01-03 11:27:20.765  2372  2638 W PackageManager: Unknown permission com.google.android.googleapps.permission.ACCESS_GOOGLE_PASSWORD in package com.android.development
01-03 11:27:20.765  2372  2638 W PackageManager: Unknown permission com.google.android.googleapps.permission.GOOGLE_AUTH in package com.android.development
01-03 11:27:20.765  2372  2638 W PackageManager: Unknown permission com.google.android.googleapps.permission.GOOGLE_AUTH.ALL_SERVICES in package com.android.development
01-03 11:27:20.765  2372  2638 W PackageManager: Unknown permission com.google.android.googleapps.permission.GOOGLE_AUTH.YouTubeUser in package com.android.development
01-03 11:27:20.780  2372  2637 D EventHub: No input device configuration file found for device 'gyro_sensor'.
01-03 11:27:20.795  2372  2642 D OpenGLRenderer: Use EGL_SWAP_BEHAVIOR_PRESERVED: false
01-03 11:27:20.810  2641  2641 I dex2oat : Starting dex2oat.
01-03 11:27:20.810  2641  2641 E cutils-trace: Error opening trace file: No such file or directory (2)
01-03 11:27:20.825  2372  2637 I EventHub: ignoring event id /dev/input/event3 driver sii9234_rcp
01-03 11:27:20.850  2372  2642 D libEGL  : loaded /system/lib/egl/libEGL_mali.so
01-03 11:27:20.860  2372  2642 D libEGL  : loaded /system/lib/egl/libGLESv1_CM_mali.so
01-03 11:27:20.875  2372  2637 E EventHub: could not get driver version for /dev/input/mice, Not a typewriter
01-03 11:27:20.875  2372  2638 W MountService: No primary storage defined yet; hacking together a stub
01-03 11:27:20.875  2372  2638 W MountService: No primary storage defined yet; hacking together a stub
01-03 11:27:20.875  2372  2638 W MountService: No primary storage mounted!
01-03 11:27:20.875  2372  2638 D VoldConnector: SND -> {2 asec list}
01-03 11:27:20.880  2372  2639 D VoldConnector: RCV <- {200 2 asec operation succeeded}
01-03 11:27:20.890  2372  2638 I MountService: Running fstrim idle maintenance
01-03 11:27:20.890  2372  2638 D VoldConnector: SND -> {3 fstrim dotrim}
01-03 11:27:20.895  2641  2641 I dex2oat : dex2oat took 83.520ms (threads: 4) arena alloc=414KB java alloc=50KB native alloc=1021KB free=70KB
01-03 11:27:20.895  2372  2639 D VoldConnector: RCV <- {200 3 Command succeeded}
01-03 11:27:20.895  1901  2651 D vold    : Starting trim of /efs
01-03 11:27:20.900  2372  2637 D EventHub: No input device configuration file found for device 'Midas_WM1811 Midas Jack'.
01-03 11:27:20.900  2372  2642 D libEGL  : loaded /system/lib/egl/libGLESv2_mali.so
01-03 11:27:20.905  2372  2372 I PackageManager.DexOptimizer: Running dexopt (dex2oat) on: /system/priv-app/MmsService/MmsService.apk pkg=com.android.mms.service isa=arm vmSafeMode=false debuggable=false oatDir = null bootComplete=false
01-03 11:27:20.905  2372  2637 W EventHub: Unable to disable kernel key repeat for /dev/input/event8: Function not implemented
01-03 11:27:20.905  2372  2637 I EventHub: New device: id=6, fd=87, path='/dev/input/event8', name='Midas_WM1811 Midas Jack', classes=0x81, configuration='', keyLayout='/system/usr/keylayout/Generic.kl', keyCharacterMap='/system/usr/keychars/Generic.kcm', builtinKeyboard=false, wakeMechanism=EVIOCSSUSPENDBLOCK, usingClockIoctl=false
01-03 11:27:20.910  2372  2637 D EventHub: No input device configuration file found for device 'gpio-keys'.
01-03 11:27:20.910  2372  2637 W EventHub: Unable to disable kernel key repeat for /dev/input/event1: Function not implemented
01-03 11:27:20.910  2372  2637 I EventHub: New device: id=7, fd=94, path='/dev/input/event1', name='gpio-keys', classes=0x1, configuration='', keyLayout='/system/usr/keylayout/gpio-keys.kl', keyCharacterMap='/system/usr/keychars/Generic.kcm', builtinKeyboard=false, wakeMechanism=EVIOCSSUSPENDBLOCK, usingClockIoctl=false
01-03 11:27:20.915  2372  2637 D EventHub: No input device configuration file found for device 'max77693-muic'.
01-03 11:27:20.920  2372  2637 I EventHub: New device: id=8, fd=96, path='/dev/input/event0', name='max77693-muic', classes=0x1, configuration='', keyLayout='/system/usr/keylayout/Generic.kl', keyCharacterMap='/system/usr/keychars/Generic.kcm', builtinKeyboard=false, wakeMechanism=EVIOCSSUSPENDBLOCK, usingClockIoctl=false
01-03 11:27:20.920  2372  2637 D EventHub: No input device configuration file found for device 'sec_touchkey'.
01-03 11:27:20.920  1901  2651 I vold    : Trimmed 9523200 bytes on /efs in 21ms
01-03 11:27:20.920  1901  2651 D vold    : Starting trim of /cache
01-03 11:27:20.920  2372  2639 D VoldConnector: RCV <- {662 /efs 9523200 21306292}
01-03 11:27:20.925  2372  2637 W EventHub: Unable to disable kernel key repeat for /dev/input/event9: Function not implemented
01-03 11:27:20.925  2372  2637 I EventHub: New device: id=9, fd=97, path='/dev/input/event9', name='sec_touchkey', classes=0x1, configuration='', keyLayout='/system/usr/keylayout/sec_touchkey.kl', keyCharacterMap='/system/usr/keychars/Generic.kcm', builtinKeyboard=false, wakeMechanism=EVIOCSSUSPENDBLOCK, usingClockIoctl=false
01-03 11:27:20.930  2372  2637 I EventHub: New device: id=10, fd=98, path='/dev/input/event2', name='sec_touchscreen', classes=0x14, configuration='/system/usr/idc/sec_touchscreen.idc', keyLayout='', keyCharacterMap='', builtinKeyboard=false, wakeMechanism=EVIOCSSUSPENDBLOCK, usingClockIoctl=false
01-03 11:27:20.945  2372  2637 I InputReader: Device added: id=-1, name='Virtual', sources=0x00000301
01-03 11:27:20.945  2372  2637 I InputReader:   Touch device 'sec_touchscreen' could not query the properties of its associated display.  The device will be inoperable until the display size becomes available.
01-03 11:27:20.945  2372  2637 I InputReader: Device added: id=10, name='sec_touchscreen', sources=0x00001002
01-03 11:27:20.945  2372  2637 I InputReader: Device added: id=9, name='sec_touchkey', sources=0x00000101
01-03 11:27:20.945  2372  2637 I InputReader: Device added: id=8, name='max77693-muic', sources=0x00000101
01-03 11:27:20.945  2372  2637 I InputReader: Device added: id=7, name='gpio-keys', sources=0x00000101
01-03 11:27:20.945  2372  2637 I InputReader: Device added: id=6, name='Midas_WM1811 Midas Jack', sources=0x80000101
01-03 11:27:20.950  2372  2637 I InputReader: Reconfiguring input devices.  changes=0x00000004
01-03 11:27:20.950  2372  2637 I InputReader: Device reconfigured: id=10, name='sec_touchscreen', size 720x1280, orientation 0, mode 1, display id 0
01-03 11:27:20.950  2372  2636 I ActivityManager: Config changes=8 {1.0 ?mcc?mnc en_US ldltr sw360dp w360dp h616dp 320dpi nrml long port finger -keyb/h/h -nav/h s.5 themeResource=null}
01-03 11:27:20.955  2372  2637 D EventHub: No input device configuration file found for device 'compass_sensor'.
01-03 11:27:20.955  2372  2642 E         : Device driver API match
01-03 11:27:20.955  2372  2642 E         : Device driver API version: 29
01-03 11:27:20.955  2372  2642 E         : User space API version: 29 
01-03 11:27:20.955  2372  2642 E         : mali: REVISION=Linux-r3p2-01rel3 BUILD_DATE=Tue Jul 22 19:59:34 KST 2014 
01-03 11:27:20.965  2652  2652 I dex2oat : Starting dex2oat.
01-03 11:27:20.965  2652  2652 E cutils-trace: Error opening trace file: No such file or directory (2)
01-03 11:27:20.985  2372  2642 I OpenGLRenderer: Initialized EGL, version 1.4
01-03 11:27:21.055  1901  2651 I vold    : Trimmed 1038352384 bytes on /cache in 137ms
01-03 11:27:21.055  2372  2639 D VoldConnector: RCV <- {662 /cache 1038352384 137478750}
01-03 11:27:21.055  1901  2651 D vold    : Starting trim of /preload
01-03 11:27:21.185  1901  2651 I vold    : Trimmed 568291328 bytes on /preload in 129ms
01-03 11:27:21.190  2652  2652 I dex2oat : dex2oat took 225.186ms (threads: 4) arena alloc=117KB java alloc=172KB native alloc=1526KB free=57KB
01-03 11:27:21.190  1901  2651 D vold    : Starting trim of /data
01-03 11:27:21.190  2372  2639 D VoldConnector: RCV <- {662 /preload 568291328 129780624}
01-03 11:27:21.195  2372  2372 I PackageManager.DexOptimizer: Running dexopt (dex2oat) on: /system/priv-app/TeleService/TeleService.apk pkg=com.android.phone isa=arm vmSafeMode=false debuggable=false oatDir = null bootComplete=false
01-03 11:27:21.200  1961  2644 I SurfaceFlinger: Boot is finished (80490 ms)
01-03 11:27:21.245  2662  2662 I dex2oat : Starting dex2oat.
01-03 11:27:21.245  2662  2662 E cutils-trace: Error opening trace file: No such file or directory (2)
01-03 11:27:23.530  2662  2662 I dex2oat : dex2oat took 2.282s (threads: 4) arena alloc=2004KB java alloc=1626KB native alloc=7MB free=573KB
01-03 11:27:23.540  2372  2372 I PackageManager.DexOptimizer: Running dexopt (dex2oat) on: /system/priv-app/TelephonyProvider/TelephonyProvider.apk pkg=com.android.providers.telephony isa=arm vmSafeMode=false debuggable=false oatDir = null bootComplete=false
01-03 11:27:23.585  2667  2667 I dex2oat : Starting dex2oat.
01-03 11:27:23.585  2667  2667 E cutils-trace: Error opening trace file: No such file or directory (2)
01-03 11:27:23.695  2372  2415 D BluetoothManagerService: Message: 20
01-03 11:27:23.695  2372  2415 D BluetoothManagerService: Added callback: android.bluetooth.BluetoothAdapter$1@f4d5164:true
01-03 11:27:24.015  2667  2670 W dex2oat : Compilation of void com.android.providers.telephony.MmsSmsDatabaseHelper.upgradeDatabaseToVersion48(android.database.sqlite.SQLiteDatabase) took 133.618ms
01-03 11:27:24.015  2667  2667 W dex2oat : Compilation of android.net.Uri com.android.providers.telephony.SmsProvider.insertMessageIntoIcc(android.content.ContentValues) took 141.913ms
01-03 11:27:24.020  2667  2671 W dex2oat : Compilation of java.lang.String com.android.providers.telephony.MmsSmsProvider.getSpaceSeparatedNumbers(long[]) took 138.130ms
01-03 11:27:24.025  2667  2669 W dex2oat : Compilation of android.net.Uri com.android.providers.telephony.MmsProvider.insert(android.net.Uri, android.content.ContentValues) took 148.288ms
01-03 11:27:24.210  2667  2667 I dex2oat : dex2oat took 624.303ms (threads: 4) arena alloc=1172KB java alloc=210KB native alloc=2MB free=72KB
01-03 11:27:24.210  1901  2651 I vold    : Trimmed 9856221184 bytes on /data in 3021ms
01-03 11:27:24.210  1901  2651 D vold    : Starting trim of none
01-03 11:27:24.210  1901  2651 W vold    : Failed to open none: No such file or directory
01-03 11:27:24.210  2372  2639 D VoldConnector: RCV <- {662 /data 9856221184 3021322877}
01-03 11:27:24.215  2372  2372 I PackageManager.DexOptimizer: Running dexopt (dex2oat) on: /system/priv-app/PackageInstaller/PackageInstaller.apk pkg=com.android.packageinstaller isa=arm vmSafeMode=false debuggable=false oatDir = null bootComplete=false
01-03 11:27:24.260  2681  2681 I dex2oat : Starting dex2oat.
01-03 11:27:24.260  2681  2681 E cutils-trace: Error opening trace file: No such file or directory (2)
01-03 11:27:24.440  2681  2681 W dex2oat : Before Android 4.1, method int android.support.v7.internal.widget.ListViewCompat.lookForSelectablePosition(int, boolean) would have incorrectly overridden the package-private method in android.widget.ListView
01-03 11:27:25.850  2681  2681 I dex2oat : dex2oat took 1.574s (threads: 4) arena alloc=1869KB java alloc=2MB native alloc=7MB free=721KB
01-03 11:27:25.870  2372  2372 I PackageManager.DexOptimizer: Running dexopt (dex2oat) on: /system/priv-app/Shell/Shell.apk pkg=com.android.shell isa=arm vmSafeMode=false debuggable=false oatDir = null bootComplete=false
01-03 11:27:25.980  2686  2686 I dex2oat : Starting dex2oat.
01-03 11:27:25.980  2686  2686 E cutils-trace: Error opening trace file: No such file or directory (2)
01-03 11:27:26.140  2686  2686 I dex2oat : dex2oat took 161.706ms (threads: 4) arena alloc=351KB java alloc=206KB native alloc=1313KB free=74KB
01-03 11:27:26.145  2372  2372 I PackageManager.DexOptimizer: Running dexopt (dex2oat) on: /system/priv-app/SystemUI/SystemUI.apk pkg=com.android.systemui isa=arm vmSafeMode=false debuggable=false oatDir = null bootComplete=false
01-03 11:27:26.195  2691  2691 I dex2oat : Starting dex2oat.
01-03 11:27:26.195  2691  2691 E cutils-trace: Error opening trace file: No such file or directory (2)
01-03 11:27:29.020  2691  2691 I dex2oat : dex2oat took 2.806s (threads: 4) arena alloc=1174KB java alloc=3MB native alloc=10MB free=1235KB
01-03 11:27:29.140  2372  2372 I PackageManager.DexOptimizer: Running dexopt (dex2oat) on: /system/priv-app/Dialer/Dialer.apk pkg=com.android.dialer isa=arm vmSafeMode=false debuggable=false oatDir = null bootComplete=false
01-03 11:27:29.200  2696  2696 I dex2oat : Starting dex2oat.
01-03 11:27:29.200  2696  2696 E cutils-trace: Error opening trace file: No such file or directory (2)
01-03 11:27:31.275  2696  2699 I dex2oat : Skipping compilation of com.android.vcard.VCardEntry$PostalData com.android.vcard.VCardEntry$PostalData.constructPostalData(java.util.List, int, java.lang.String, boolean, int): it contains a non natural loop
01-03 11:27:31.315  2696  2699 W dex2oat : No verified method for method calling String.<init>: java.lang.String android.text.SpannableStringBuilder.toString()
01-03 11:27:31.885  2696  2696 I dex2oat : dex2oat took 2.673s (threads: 4) arena alloc=3MB java alloc=2MB native alloc=12MB free=1157KB
01-03 11:27:31.920  2372  2372 I PackageManager.DexOptimizer: Running dexopt (dex2oat) on: /system/app/LatinIME/LatinIME.apk pkg=com.android.inputmethod.latin isa=arm vmSafeMode=false debuggable=false oatDir = null bootComplete=false
01-03 11:27:31.975  2701  2701 I dex2oat : Starting dex2oat.
01-03 11:27:31.975  2701  2701 E cutils-trace: Error opening trace file: No such file or directory (2)
01-03 11:27:33.250  2701  2701 I dex2oat : dex2oat took 1.271s (threads: 4) arena alloc=1132KB java alloc=1203KB native alloc=5MB free=472KB
01-03 11:27:33.270  2372  2372 I PackageManager.DexOptimizer: Running dexopt (dex2oat) on: /system/priv-app/DefaultContainerService/DefaultContainerService.apk pkg=com.android.defcontainer isa=arm vmSafeMode=false debuggable=false oatDir = null bootComplete=false
01-03 11:27:33.350  2706  2706 I dex2oat : Starting dex2oat.
01-03 11:27:33.350  2706  2706 E cutils-trace: Error opening trace file: No such file or directory (2)
01-03 11:27:33.420  2706  2706 I dex2oat : dex2oat took 72.382ms (threads: 4) arena alloc=87KB java alloc=64KB native alloc=758KB free=97KB
01-03 11:27:33.425  2372  2372 I PackageManager.DexOptimizer: Running dexopt (dex2oat) on: /system/priv-app/MediaProvider/MediaProvider.apk pkg=com.android.providers.media isa=arm vmSafeMode=false debuggable=false oatDir = null bootComplete=false
01-03 11:27:33.470  2711  2711 I dex2oat : Starting dex2oat.
01-03 11:27:33.470  2711  2711 E cutils-trace: Error opening trace file: No such file or directory (2)
