01-03 11:28:41.325  2372  2372 I SystemServer: org.cyanogenmod.platform.internal.PartnerInterfaceService
01-03 11:28:41.330  2372  2372 I SystemServiceManager: Starting org.cyanogenmod.platform.internal.PartnerInterfaceService
01-03 11:28:41.330  2372  2372 I SystemServer: org.cyanogenmod.platform.internal.CMTelephonyManagerService
01-03 11:28:41.330  2372  2372 I SystemServiceManager: Starting org.cyanogenmod.platform.internal.CMTelephonyManagerService
01-03 11:28:41.330  2372  2372 I SystemServer: org.cyanogenmod.platform.internal.CMHardwareService
01-03 11:28:41.335  2372  2372 I SystemServiceManager: Starting org.cyanogenmod.platform.internal.CMHardwareService
01-03 11:28:41.340  2372  2372 W ServiceWatcher: com.cyanogen.app.suggest not found
01-03 11:28:41.340  2372  2372 I SystemServer: org.cyanogenmod.platform.internal.AppSuggestManagerService
01-03 11:28:41.340  2372  2372 I SystemServiceManager: Starting org.cyanogenmod.platform.internal.AppSuggestManagerService
01-03 11:28:41.340  2372  2372 E AppSgstMgrService: no app suggest provider found
01-03 11:28:41.340  2372  2372 I SystemServer: org.cyanogenmod.platform.internal.PerformanceManagerService
01-03 11:28:41.345  2372  2372 I SystemServiceManager: Starting org.cyanogenmod.platform.internal.PerformanceManagerService
01-03 11:28:41.345  2372  3063 I ServiceThread: Enabled StrictMode logging for PerformanceManager looper.
01-03 11:28:41.355  2372  3054 D AssetAtlas: Found best atlas configuration (out of 372) in 0.19s
01-03 11:28:41.365  2372  3054 D AssetAtlas: Loaded configuration: SliceMinArea (1216x2048) flags=0x2 count=360
01-03 11:28:41.415  2372  2372 E SQLiteLog: (1) no such table: locksettings
01-03 11:28:41.435  2372  2372 I LockSettingsService: Migrated lock settings to new location
01-03 11:28:41.445  2372  2372 I LockSettingsService: Migrated per-user lock settings to new location
01-03 11:28:41.465  2372  2372 I LockSettingsService: Migrated biometric weak to use the fallback instead
01-03 11:28:41.475  2372  2372 I LockSettingsService: Migrated lockscreen disabled flag
01-03 11:28:41.480  2372  2372 E LockSettingsStorage: Cannot read file java.io.FileNotFoundException: /data/system/gatekeeper.password.key: open failed: ENOENT (No such file or directory)
01-03 11:28:41.480  2372  2372 E LockSettingsStorage: Cannot read file java.io.FileNotFoundException: /data/system/password.key: open failed: ENOENT (No such file or directory)
01-03 11:28:41.480  2372  2372 E LockSettingsStorage: Cannot read file java.io.FileNotFoundException: /data/system/gatekeeper.pattern.key: open failed: ENOENT (No such file or directory)
01-03 11:28:41.480  2372  2372 E LockSettingsStorage: Cannot read file java.io.FileNotFoundException: /data/system/gatekeeper.gesture.key: open failed: ENOENT (No such file or directory)
01-03 11:28:41.480  2372  2372 E LockSettingsStorage: Cannot read file java.io.FileNotFoundException: /data/system/gesture.key: open failed: ENOENT (No such file or directory)
01-03 11:28:41.480  2372  2372 I SystemServiceManager: Starting phase 480
01-03 11:28:41.490  2372  2372 I SystemServiceManager: Starting phase 500
01-03 11:28:41.500  2372  2372 D BluetoothService: onBootPhase: PHASE_SYSTEM_SERVICES_READY
01-03 11:28:41.500  2372  2372 D BluetoothManagerService: Bluetooth boot completed
01-03 11:28:41.500  2372  2372 D BluetoothManagerService: Retrieving Bluetooth Adapter name and address...
01-03 11:28:41.500  2372  2372 D BluetoothManagerService: getNameAndAddress(): mBluetooth = null mBinding = false
01-03 11:28:41.500  2372  2415 D BluetoothManagerService: Message: 200
01-03 11:28:41.500  2372  2415 D BluetoothManagerService: MESSAGE_GET_NAME_AND_ADDRESS
01-03 11:28:41.500  2372  2415 D BluetoothManagerService: Binding to service to get name and address
01-03 11:28:41.510  2372  2372 I WifiService: WifiService starting up with Wi-Fi disabled
01-03 11:28:41.525  2372  2372 I WifiScanningService: Registering wifiscanner
01-03 11:28:41.530  2372  2372 I RttService: Registering rttmanager
01-03 11:28:41.535  2372  2372 I EthernetServiceImpl: Starting Ethernet service
01-03 11:28:41.540  2372  2372 D Ethernet: Registering NetworkFactory
01-03 11:28:41.540  2372  3068 D Ethernet: got request NetworkRequest [ id=1, legacyType=-1, [ Capabilities: INTERNET&NOT_RESTRICTED&TRUSTED&NOT_VPN] ] with score 0
01-03 11:28:41.540  2372  3044 D ConnectivityService: Got NetworkFactory Messenger for Ethernet
01-03 11:28:41.565  2372  3054 D AssetAtlas: Rendered atlas in 123.23ms (92.93+30.30ms)
01-03 11:28:41.565  2372  2372 I SELinux : SELinux: Loaded file_contexts contexts from /file_contexts.
01-03 11:28:41.570  2372  2372 V BackupManagerService: No ancestral data
01-03 11:28:41.595  2372  2372 V KeyValueBackupJob: Scheduling k/v pass in 249 minutes
01-03 11:28:41.645  2372  2372 V BackupManagerService: Starting with transport com.google.android.gms/.backup.BackupTransportService
01-03 11:28:41.645  2372  2372 V BackupManagerService: Found transports: 1
01-03 11:28:41.670  2372  2372 I DefaultPermGrantPolicy: Granting permissions to platform components for user 0
01-03 11:28:41.670  2372  2372 D VoldConnector: SND -> {4 volume remount_uid 1001 none}
01-03 11:28:41.670  1901  1952 D vold    : Remounting 1001 as mode none
01-03 11:28:41.670  1901  1952 E vold    : Failed to readlink: No such file or directory
01-03 11:28:41.670  2372  2639 D VoldConnector: RCV <- {400 4 Command failed}
01-03 11:28:41.670  2372  2372 W MountService: Failed to remount UID 1001 as none: com.android.server.NativeDaemonConnector$NativeDaemonFailureException: command '4 volume remount_uid 1001 none' failed with '400 4 Command failed'
01-03 11:28:41.675  2372  2372 D VoldConnector: SND -> {5 volume remount_uid 1001 none}
01-03 11:28:41.675  1901  1952 D vold    : Remounting 1001 as mode none
01-03 11:28:41.675  1901  1952 E vold    : Failed to readlink: No such file or directory
01-03 11:28:41.675  2372  2639 D VoldConnector: RCV <- {400 5 Command failed}
01-03 11:28:41.675  2372  2372 W MountService: Failed to remount UID 1001 as none: com.android.server.NativeDaemonConnector$NativeDaemonFailureException: command '5 volume remount_uid 1001 none' failed with '400 5 Command failed'
01-03 11:28:41.675  2372  2372 D VoldConnector: SND -> {6 volume remount_uid 1027 none}
01-03 11:28:41.675  1901  1952 D vold    : Remounting 1027 as mode none
01-03 11:28:41.675  1901  1952 E vold    : Failed to readlink: No such file or directory
01-03 11:28:41.675  2372  2639 D VoldConnector: RCV <- {400 6 Command failed}
01-03 11:28:41.675  2372  2372 W MountService: Failed to remount UID 1027 as none: com.android.server.NativeDaemonConnector$NativeDaemonFailureException: command '6 volume remount_uid 1027 none' failed with '400 6 Command failed'
01-03 11:28:41.675  2372  2372 D VoldConnector: SND -> {7 volume remount_uid 1027 none}
01-03 11:28:41.675  1901  1952 D vold    : Remounting 1027 as mode none
01-03 11:28:41.675  1901  1952 E vold    : Failed to readlink: No such file or directory
01-03 11:28:41.675  2372  2639 D VoldConnector: RCV <- {400 7 Command failed}
01-03 11:28:41.675  2372  2372 W MountService: Failed to remount UID 1027 as none: com.android.server.NativeDaemonConnector$NativeDaemonFailureException: command '7 volume remount_uid 1027 none' failed with '400 7 Command failed'
01-03 11:28:41.680  2372  2372 D VoldConnector: SND -> {8 volume remount_uid 1000 none}
01-03 11:28:41.680  1901  1952 D vold    : Remounting 1000 as mode none
01-03 11:28:41.680  1901  1952 E vold    : Failed to readlink: No such file or directory
01-03 11:28:41.680  2372  2639 D VoldConnector: RCV <- {400 8 Command failed}
01-03 11:28:41.680  2372  2372 W MountService: Failed to remount UID 1000 as none: com.android.server.NativeDaemonConnector$NativeDaemonFailureException: command '8 volume remount_uid 1000 none' failed with '400 8 Command failed'
01-03 11:28:41.680  2372  2372 D VoldConnector: SND -> {9 volume remount_uid 1000 none}
01-03 11:28:41.680  1901  1952 D vold    : Remounting 1000 as mode none
01-03 11:28:41.680  1901  1952 E vold    : Failed to readlink: No such file or directory
01-03 11:28:41.680  2372  2639 D VoldConnector: RCV <- {400 9 Command failed}
01-03 11:28:41.680  2372  2372 W MountService: Failed to remount UID 1000 as none: com.android.server.NativeDaemonConnector$NativeDaemonFailureException: command '9 volume remount_uid 1000 none' failed with '400 9 Command failed'
01-03 11:28:41.685  2372  2372 D VoldConnector: SND -> {10 volume remount_uid 2000 none}
01-03 11:28:41.685  1901  1952 D vold    : Remounting 2000 as mode none
01-03 11:28:41.685  1901  1952 E vold    : Failed to readlink: No such file or directory
01-03 11:28:41.685  2372  2639 D VoldConnector: RCV <- {400 10 Command failed}
01-03 11:28:41.685  2372  2372 W MountService: Failed to remount UID 2000 as none: com.android.server.NativeDaemonConnector$NativeDaemonFailureException: command '10 volume remount_uid 2000 none' failed with '400 10 Command failed'
01-03 11:28:41.690  2372  2372 D VoldConnector: SND -> {11 volume remount_uid 2000 none}
01-03 11:28:41.690  1901  1952 D vold    : Remounting 2000 as mode none
01-03 11:28:41.690  1901  1952 E vold    : Failed to readlink: No such file or directory
01-03 11:28:41.690  2372  2639 D VoldConnector: RCV <- {400 11 Command failed}
01-03 11:28:41.690  2372  2372 W MountService: Failed to remount UID 2000 as none: com.android.server.NativeDaemonConnector$NativeDaemonFailureException: command '11 volume remount_uid 2000 none' failed with '400 11 Command failed'
01-03 11:28:41.690  2372  2372 D VoldConnector: SND -> {12 volume remount_uid 10018 none}
01-03 11:28:41.690  1901  1952 D vold    : Remounting 10018 as mode none
01-03 11:28:41.690  1901  1952 E vold    : Failed to readlink: No such file or directory
01-03 11:28:41.690  2372  2639 D VoldConnector: RCV <- {400 12 Command failed}
01-03 11:28:41.690  2372  2372 W MountService: Failed to remount UID 10018 as none: com.android.server.NativeDaemonConnector$NativeDaemonFailureException: command '12 volume remount_uid 10018 none' failed with '400 12 Command failed'
01-03 11:28:41.690  2372  2372 D VoldConnector: SND -> {13 volume remount_uid 10018 none}
01-03 11:28:41.690  1901  1952 D vold    : Remounting 10018 as mode none
01-03 11:28:41.690  1901  1952 E vold    : Failed to readlink: No such file or directory
01-03 11:28:41.690  2372  2639 D VoldConnector: RCV <- {400 13 Command failed}
01-03 11:28:41.690  2372  2372 W MountService: Failed to remount UID 10018 as none: com.android.server.NativeDaemonConnector$NativeDaemonFailureException: command '13 volume remount_uid 10018 none' failed with '400 13 Command failed'
01-03 11:28:41.695  2372  2372 D VoldConnector: SND -> {14 volume remount_uid 1002 none}
01-03 11:28:41.695  1901  1952 D vold    : Remounting 1002 as mode none
01-03 11:28:41.695  1901  1952 E vold    : Failed to readlink: No such file or directory
01-03 11:28:41.695  2372  2639 D VoldConnector: RCV <- {400 14 Command failed}
01-03 11:28:41.695  2372  2372 W MountService: Failed to remount UID 1002 as none: com.android.server.NativeDaemonConnector$NativeDaemonFailureException: command '14 volume remount_uid 1002 none' failed with '400 14 Command failed'
01-03 11:28:41.695  2372  2372 D VoldConnector: SND -> {15 volume remount_uid 1002 none}
01-03 11:28:41.695  1901  1952 D vold    : Remounting 1002 as mode none
01-03 11:28:41.695  1901  1952 E vold    : Failed to readlink: No such file or directory
01-03 11:28:41.695  2372  2639 D VoldConnector: RCV <- {400 15 Command failed}
01-03 11:28:41.695  2372  2372 W MountService: Failed to remount UID 1002 as none: com.android.server.NativeDaemonConnector$NativeDaemonFailureException: command '15 volume remount_uid 1002 none' failed with '400 15 Command failed'
01-03 11:28:41.700  2372  2372 I DefaultPermGrantPolicy: Granting permissions to default platform handlers for user 0
01-03 11:28:41.700  2372  2372 W VoiceInteractionManagerService: no available voice interaction services found for user 0
01-03 11:28:41.700  2372  2372 W VoiceInteractionManagerService: no available voice recognition services found for user 0
01-03 11:28:41.700  2372  2372 D VoldConnector: SND -> {16 volume remount_uid 10013 none}
01-03 11:28:41.700  1901  1952 D vold    : Remounting 10013 as mode none
01-03 11:28:41.700  1901  1952 E vold    : Failed to readlink: No such file or directory
01-03 11:28:41.700  2372  2639 D VoldConnector: RCV <- {400 16 Command failed}
01-03 11:28:41.700  2372  2372 W MountService: Failed to remount UID 10013 as none: com.android.server.NativeDaemonConnector$NativeDaemonFailureException: command '16 volume remount_uid 10013 none' failed with '400 16 Command failed'
01-03 11:28:41.700  2372  2372 D VoldConnector: SND -> {17 volume remount_uid 10030 none}
01-03 11:28:41.700  1901  1952 D vold    : Remounting 10030 as mode none
01-03 11:28:41.700  1901  1952 E vold    : Failed to readlink: No such file or directory
01-03 11:28:41.700  2372  2639 D VoldConnector: RCV <- {400 17 Command failed}
01-03 11:28:41.700  2372  2372 W MountService: Failed to remount UID 10030 as none: com.android.server.NativeDaemonConnector$NativeDaemonFailureException: command '17 volume remount_uid 10030 none' failed with '400 17 Command failed'
01-03 11:28:41.705  2372  2372 D VoldConnector: SND -> {18 volume remount_uid 10030 none}
01-03 11:28:41.705  1901  1952 D vold    : Remounting 10030 as mode none
01-03 11:28:41.705  1901  1952 E vold    : Failed to readlink: No such file or directory
01-03 11:28:41.705  2372  2639 D VoldConnector: RCV <- {400 18 Command failed}
01-03 11:28:41.705  2372  2372 W MountService: Failed to remount UID 10030 as none: com.android.server.NativeDaemonConnector$NativeDaemonFailureException: command '18 volume remount_uid 10030 none' failed with '400 18 Command failed'
01-03 11:28:41.705  2372  2372 D VoldConnector: SND -> {19 volume remount_uid 10009 none}
01-03 11:28:41.705  1901  1952 D vold    : Remounting 10009 as mode none
01-03 11:28:41.705  1901  1952 E vold    : Failed to readlink: No such file or directory
01-03 11:28:41.705  2372  2639 D VoldConnector: RCV <- {400 19 Command failed}
01-03 11:28:41.705  2372  2372 W MountService: Failed to remount UID 10009 as none: com.android.server.NativeDaemonConnector$NativeDaemonFailureException: command '19 volume remount_uid 10009 none' failed with '400 19 Command failed'
01-03 11:28:41.705  2372  2372 D VoldConnector: SND -> {20 volume remount_uid 10009 none}
01-03 11:28:41.705  1901  1952 D vold    : Remounting 10009 as mode none
01-03 11:28:41.705  1901  1952 E vold    : Failed to readlink: No such file or directory
01-03 11:28:41.705  2372  2639 D VoldConnector: RCV <- {400 20 Command failed}
01-03 11:28:41.705  2372  2372 W MountService: Failed to remount UID 10009 as none: com.android.server.NativeDaemonConnector$NativeDaemonFailureException: command '20 volume remount_uid 10009 none' failed with '400 20 Command failed'
01-03 11:28:41.705  2372  2372 D VoldConnector: SND -> {21 volume remount_uid 10010 none}
01-03 11:28:41.705  1901  1952 D vold    : Remounting 10010 as mode none
01-03 11:28:41.705  1901  1952 E vold    : Failed to readlink: No such file or directory
01-03 11:28:41.705  2372  2639 D VoldConnector: RCV <- {400 21 Command failed}
01-03 11:28:41.705  2372  2372 W MountService: Failed to remount UID 10010 as none: com.android.server.NativeDaemonConnector$NativeDaemonFailureException: command '21 volume remount_uid 10010 none' failed with '400 21 Command failed'
01-03 11:28:41.705  2372  2372 D VoldConnector: SND -> {22 volume remount_uid 10010 none}
01-03 11:28:41.710  1901  1952 D vold    : Remounting 10010 as mode none
01-03 11:28:41.710  1901  1952 E vold    : Failed to readlink: No such file or directory
01-03 11:28:41.710  2372  2639 D VoldConnector: RCV <- {400 22 Command failed}
01-03 11:28:41.710  2372  2372 W MountService: Failed to remount UID 10010 as none: com.android.server.NativeDaemonConnector$NativeDaemonFailureException: command '22 volume remount_uid 10010 none' failed with '400 22 Command failed'
01-03 11:28:41.715  2372  2372 D VoldConnector: SND -> {23 volume remount_uid 10003 none}
01-03 11:28:41.715  1901  1952 D vold    : Remounting 10003 as mode none
01-03 11:28:41.715  1901  1952 E vold    : Failed to readlink: No such file or directory
01-03 11:28:41.715  2372  2639 D VoldConnector: RCV <- {400 23 Command failed}
01-03 11:28:41.715  2372  2372 W MountService: Failed to remount UID 10003 as none: com.android.server.NativeDaemonConnector$NativeDaemonFailureException: command '23 volume remount_uid 10003 none' failed with '400 23 Command failed'
01-03 11:28:41.715  2372  2372 D VoldConnector: SND -> {24 volume remount_uid 10003 none}
01-03 11:28:41.715  1901  1952 D vold    : Remounting 10003 as mode none
01-03 11:28:41.715  1901  1952 E vold    : Failed to readlink: No such file or directory
01-03 11:28:41.720  2372  2639 D VoldConnector: RCV <- {400 24 Command failed}
01-03 11:28:41.720  2372  2372 W MountService: Failed to remount UID 10003 as none: com.android.server.NativeDaemonConnector$NativeDaemonFailureException: command '24 volume remount_uid 10003 none' failed with '400 24 Command failed'
01-03 11:28:41.735  2372  2418 W KeyguardServiceDelegate: onScreenTurningOn(): no keyguard service!
01-03 11:28:41.745  2372  2372 I ActivityManager: Pre-boot of {org.cyanogenmod.cmsettings/org.cyanogenmod.cmsettings.PreBootReceiver} for user 0
01-03 11:28:41.750  2372  2372 I SystemServer: Enabled StrictMode for system server main thread.
01-03 11:28:41.755  2372  2372 D RttService: SCAN_AVAILABLE : 1
01-03 11:28:41.760  2372  3066 D RttService: DefaultState got{ when=0 what=160513 target=com.android.internal.util.StateMachine$SmHandler }
01-03 11:28:41.775  2372  2418 D LiveDisplay: Adjust display temperature to 6500K [r=1.0 g=1.0 b=1.0]
01-03 11:28:41.805  1961  2645 D PermissionCache: checking android.permission.HARDWARE_TEST for uid=1000 => granted (499 us)
01-03 11:28:41.890  2372  2372 I ActivityManager: Pre-boot of {com.android.providers.calendar/com.android.providers.calendar.CalendarUpgradeReceiver} for user 0
01-03 11:28:41.895  2372  2372 I Zygote  : Process: zygote socket opened, supported ABIS: armeabi-v7a,armeabi
01-03 11:28:41.915  2372  2372 I ActivityManager: Start proc 3101:com.android.providers.calendar/u0a3 for broadcast com.android.providers.calendar/.CalendarUpgradeReceiver
01-03 11:28:41.955  2372  2409 I ActivityManager: Launching preboot mode app: ProcessRecord{71a45 3101:com.android.providers.calendar/u0a3}
01-03 11:28:41.960  2372  2372 V BackupManagerService: Connected to transport ComponentInfo{android/com.android.internal.backup.LocalTransportService}
01-03 11:28:41.965  2372  2372 V BackupManagerService: Registering transport android/com.android.internal.backup.LocalTransportService::android/com.android.internal.backup.LocalTransport = android.app.backup.BackupTransport$TransportImpl@365659a
01-03 11:28:42.020  3101  3101 W System  : ClassLoader referenced unknown path: /system/priv-app/CalendarProvider/lib/arm
01-03 11:28:42.050  2372  2408 I ActivityManager: Pre-boot of {com.android.providers.contacts/com.android.providers.contacts.ContactsUpgradeReceiver} for user 0
01-03 11:28:42.070  2372  2408 I ActivityManager: Start proc 3156:android.process.acore/u0a4 for broadcast com.android.providers.contacts/.ContactsUpgradeReceiver
01-03 11:28:42.125  2372  2408 I ActivityManager: Launching preboot mode app: ProcessRecord{63d5ecb 3156:android.process.acore/u0a4}
01-03 11:28:42.160  3156  3156 W System  : ClassLoader referenced unknown path: /system/priv-app/ContactsProvider/lib/arm
01-03 11:28:42.190  3156  3156 I ContactsUpgradeReceiver: Creating or opening contacts database
01-03 11:28:42.230  3156  3156 I ContactsDatabaseHelper: Bootstrapping database version: 1011
01-03 11:28:42.380  3156  3156 I ContactsProviderV1: Bootstrapping database legacy support
01-03 11:28:42.620  3156  3156 I ContactsDatabaseHelper: Bootstrapping database version: 1011
01-03 11:28:42.710  2372  2412 I Choreographer: Skipped 50 frames!  The application may be doing too much work on its main thread.
01-03 11:28:42.745  2372  2412 W WindowManager: Keyguard drawn timeout. Setting mKeyguardDrawComplete
01-03 11:28:42.750  3156  3156 I ContactsProviderV1: Bootstrapping database legacy support
01-03 11:28:42.960  3156  3156 I ContactsProvider: Locale has changed from null to en-US
01-03 11:28:42.965  3156  3156 I ContactsDatabaseHelper: Switching to locale en-US (ICU v55.1)
01-03 11:28:43.085  3156  3156 I ContactsDatabaseHelper: Locale change completed in 121ms
01-03 11:28:43.085  3156  3156 I ContactsDatabaseHelper: Switching to locale en-US (ICU v55.1)
01-03 11:28:43.195  3156  3156 I ContactsDatabaseHelper: Locale change completed in 111ms
01-03 11:28:43.280  2372  3131 I ActivityManager: Pre-boot of {com.android.managedprovisioning/com.android.managedprovisioning.PreBootListener} for user 0
01-03 11:28:43.300  2372  3131 I ActivityManager: Start proc 3174:com.android.managedprovisioning/u0a11 for broadcast com.android.managedprovisioning/.PreBootListener
01-03 11:28:43.380  2372  3155 I ActivityManager: Launching preboot mode app: ProcessRecord{39e4554 3174:com.android.managedprovisioning/u0a11}
01-03 11:28:43.460  3174  3174 W System  : ClassLoader referenced unknown path: /system/priv-app/ManagedProvisioning/lib/arm
01-03 11:28:43.480  2372  3131 I ActivityManager: Pre-boot of {com.android.providers.media/com.android.providers.media.MediaUpgradeReceiver} for user 0
01-03 11:28:43.510  2372  3131 I ActivityManager: Start proc 3189:android.process.media/u0a9 for broadcast com.android.providers.media/.MediaUpgradeReceiver
01-03 11:28:43.560  2372  2408 I ActivityManager: Launching preboot mode app: ProcessRecord{67b4cfd 3189:android.process.media/u0a9}
01-03 11:28:43.615  3189  3189 W System  : ClassLoader referenced unknown path: /system/priv-app/MediaProvider/lib/arm
01-03 11:28:43.690  2372  3131 I ActivityManager: Pre-boot of {com.android.settings/com.android.settings.ManagedProfileSetup} for user 0
01-03 11:28:43.710  2372  3131 I ActivityManager: Start proc 3212:com.android.settings/1000 for broadcast com.android.settings/.ManagedProfileSetup
01-03 11:28:43.775  2372  3131 I ActivityManager: Launching preboot mode app: ProcessRecord{ca30df2 3212:com.android.settings/1000}
01-03 11:28:43.910  3212  3212 W System  : ClassLoader referenced unknown path: /system/priv-app/Settings/lib/arm
01-03 11:28:43.930  2372  2411 I ActivityManager: Removing system update proc: ProcessRecord{71a45 3101:com.android.providers.calendar/u0a3}
01-03 11:28:43.930  2372  2411 I ActivityManager: Killing 3101:com.android.providers.calendar/u0a3 (adj 15): system update done
01-03 11:28:43.970  2372  2411 I ActivityManager: Removing system update proc: ProcessRecord{63d5ecb 3156:android.process.acore/u0a4}
01-03 11:28:43.970  2372  2411 I ActivityManager: Killing 3156:android.process.acore/u0a4 (adj 15): system update done
01-03 11:28:44.105  2372  2411 I ActivityManager: Removing system update proc: ProcessRecord{39e4554 3174:com.android.managedprovisioning/u0a11}
01-03 11:28:44.105  2372  2411 I ActivityManager: Killing 3174:com.android.managedprovisioning/u0a11 (adj 13): system update done
01-03 11:28:44.155  2372  2411 I ActivityManager: Removing system update proc: ProcessRecord{67b4cfd 3189:android.process.media/u0a9}
01-03 11:28:44.155  2372  2411 I ActivityManager: Killing 3189:android.process.media/u0a9 (adj 11): system update done
01-03 11:28:44.190  2372  2411 I ActivityManager: Removing system update proc: ProcessRecord{ca30df2 3212:com.android.settings/1000}
01-03 11:28:44.190  2372  2411 I ActivityManager: Killing 3212:com.android.settings/1000 (adj 9): system update done
01-03 11:28:44.255  2372  2412 W art     : Long monitor contention event with owner method=void com.android.server.am.ActivityManagerService.systemReady(java.lang.Runnable) from ActivityManagerService.java:11987 waiters=0 for 325ms
01-03 11:28:44.255  2372  2411 I ActivityManager: System now ready
01-03 11:28:44.255  2372  3155 W ActivityManager: Spurious death for ProcessRecord{71a45 0:com.android.providers.calendar/u0a3}, curProc for 3101: null
01-03 11:28:44.255  2372  2409 W ActivityManager: Spurious death for ProcessRecord{63d5ecb 0:android.process.acore/u0a4}, curProc for 3156: null
01-03 11:28:44.255  2372  3131 W ActivityManager: Spurious death for ProcessRecord{39e4554 0:com.android.managedprovisioning/u0a11}, curProc for 3174: null
01-03 11:28:44.255  2372  3179 W ActivityManager: Spurious death for ProcessRecord{67b4cfd 0:android.process.media/u0a9}, curProc for 3189: null
01-03 11:28:44.255  2372  2408 W ActivityManager: Spurious death for ProcessRecord{ca30df2 0:com.android.settings/1000}, curProc for 3212: null
01-03 11:28:44.265  2372  2411 I SystemServer: Making services ready
01-03 11:28:44.265  2372  2411 I SystemServiceManager: Starting phase 550
01-03 11:28:44.270  2372  2638 D MountService: Thinking about reset, mSystemReady=true, mDaemonConnected=true
01-03 11:28:44.270  2372  2638 D VoldConnector: SND -> {25 volume reset}
01-03 11:28:44.270  2372  2411 D UsbAlsaManager: Adding ALSA device AlsaDevice: [card: 0, device: 0, type: 2]
01-03 11:28:44.270  2372  2411 D UsbAlsaManager: Adding ALSA device AlsaDevice: [card: 0, device: 0, type: 1]
01-03 11:28:44.270  2372  2411 D UsbAlsaManager: Adding ALSA device AlsaDevice: [card: 0, device: 1, type: 2]
01-03 11:28:44.270  2372  2411 D UsbAlsaManager: Adding ALSA device AlsaDevice: [card: 0, device: 1, type: 1]
01-03 11:28:44.270  2372  2411 D UsbAlsaManager: Adding ALSA device AlsaDevice: [card: 0, device: 2, type: 2]
01-03 11:28:44.275  2372  2411 D UsbAlsaManager: Adding ALSA device AlsaDevice: [card: 0, device: 2, type: 1]
01-03 11:28:44.275  2372  2411 D UsbAlsaManager: Adding ALSA device AlsaDevice: [card: 0, device: 3, type: 2]
01-03 11:28:44.275  2372  2411 D UsbAlsaManager: Adding ALSA device AlsaDevice: [card: 0, device: 3, type: 1]
01-03 11:28:44.275  2372  2639 D VoldConnector: RCV <- {651 emulated 7}
01-03 11:28:44.275  2372  2639 D VoldConnector: RCV <- {659 emulated}
01-03 11:28:44.275  2372  2639 D VoldConnector: RCV <- {650 emulated 2 "" ""}
01-03 11:28:44.275  2372  2639 D VoldConnector: RCV <- {654 emulated emulated}
01-03 11:28:44.275  2372  2639 D VoldConnector: RCV <- {651 emulated 0}
01-03 11:28:44.275  1901  1952 V vold    : /system/bin/sgdisk
01-03 11:28:44.275  1901  1952 V vold    :     --android-dump
01-03 11:28:44.275  1901  1952 V vold    :     /dev/block/vold/disk:179_16
01-03 11:28:44.275  2372  2639 D VoldConnector: RCV <- {651 public:179_17 7}
01-03 11:28:44.275  2372  2639 D VoldConnector: RCV <- {659 public:179_17}
01-03 11:28:44.275  2372  2639 D VoldConnector: RCV <- {649 disk:179_16}
01-03 11:28:44.275  2372  2639 D VoldConnector: RCV <- {640 disk:179_16 5}
01-03 11:28:44.275  2372  2639 D VoldConnector: RCV <- {641 disk:179_16 7946108928}
01-03 11:28:44.275  2372  2639 D VoldConnector: RCV <- {642 disk:179_16 }
01-03 11:28:44.280  2372  2372 W System  : ClassLoader referenced unknown path: /system/priv-app/Telecom/lib/arm
01-03 11:28:44.280  2372  2639 D VoldConnector: RCV <- {644 disk:179_16 /sys//devices/platform/s3c-sdhci.2/mmc_host/mmc1/mmc1:b368/block/mmcblk1}
01-03 11:28:44.325  2372  2415 D BluetoothManagerService: Message: 30
01-03 11:28:44.355  1901  1952 V vold    : DISK mbr
01-03 11:28:44.355  1901  1952 V vold    : PART 1 c
01-03 11:28:44.355  2372  2639 D VoldConnector: RCV <- {650 public:179_17 0 "disk:179_16" ""}
01-03 11:28:44.355  2372  2639 D VoldConnector: RCV <- {654 public:179_17 sdcard1}
01-03 11:28:44.355  2372  2639 D VoldConnector: RCV <- {651 public:179_17 0}
01-03 11:28:44.360  2372  2411 W MountService: No primary storage defined yet; hacking together a stub
01-03 11:28:44.360  2372  2639 D VoldConnector: RCV <- {643 disk:179_16}
01-03 11:28:44.360  2372  2639 D VoldConnector: RCV <- {200 25 Command succeeded}
01-03 11:28:44.360  2372  2638 D VoldConnector: SND -> {26 volume user_added 0 0}
01-03 11:28:44.360  2372  2639 D VoldConnector: RCV <- {200 26 Command succeeded}
01-03 11:28:44.365  2372  2415 D BluetoothManagerService: Message: 30
01-03 11:28:44.365  2372  2413 V MountService: Found primary storage at VolumeInfo{emulated}:
01-03 11:28:44.365  2372  2413 V MountService:     type=EMULATED diskId=null partGuid=null mountFlags=0 mountUserId=-1 
01-03 11:28:44.365  2372  2413 V MountService:     state=UNMOUNTED 
01-03 11:28:44.365  2372  2413 V MountService:     fsType=null fsUuid=null fsLabel=null 
01-03 11:28:44.365  2372  2413 V MountService:     path=null internalPath=null 
01-03 11:28:44.365  2372  3229 I ActivityManager: Start proc 3230:android.process.acore/u0a4 for content provider com.android.providers.contacts/.CallLogProvider
01-03 11:28:44.365  2372  2638 D VoldConnector: SND -> {27 volume mount emulated 3 -1}
01-03 11:28:44.365  2372  3234 D UsbHostManager: Added device UsbDevice[mName=/dev/bus/usb/001/002,mVendorId=5401,mProductId=32,mClass=2,mSubclass=0,mProtocol=0,mManufacturerName=null,mProductName=null,mVersion=2.0,mSerialNumber=null,mConfigurations=[
01-03 11:28:44.365  2372  3234 D UsbHostManager: UsbConfiguration[mId=1,mName=null,mAttributes=192,mMaxPower=50,mInterfaces=[
01-03 11:28:44.365  2372  3234 D UsbHostManager: UsbInterface[mId=0,mAlternateSetting=0,mName=null,mClass=2,mSubclass=2,mProtocol=1,mEndpoints=[
01-03 11:28:44.365  2372  3234 D UsbHostManager: UsbEndpoint[mAddress=133,mAttributes=3,mMaxPacketSize=64,mInterval=4]]
01-03 11:28:44.365  2372  3234 D UsbHostManager: UsbInterface[mId=1,mAlternateSetting=0,mName=null,mClass=10,mSubclass=0,mProtocol=0,mEndpoints=[
01-03 11:28:44.365  2372  3234 D UsbHostManager: UsbEndpoint[mAddress=129,mAttributes=2,mMaxPacketSize=512,mInterval=0]
01-03 11:28:44.365  2372  3234 D UsbHostManager: UsbEndpoint[mAddress=1,mAttributes=2,mMaxPacketSize=512,mInterval=0]]
01-03 11:28:44.365  2372  3234 D UsbHostManager: UsbInterface[mId=2,mAlternateSetting=0,mName=null,mClass=2,mSubclass=2,mProtocol=1,mEndpoints=[
01-03 11:28:44.365  2372  3234 D UsbHostManager: UsbEndpoint[mAddress=134,mAttributes=3,mMaxPacketSize=64,mInterval=4]]
01-03 11:28:44.365  2372  3234 D UsbHostManager: UsbInterface[mId=3,mAlternateSetting=0,mName=null,mClass=10,mSubclass=0,mProtocol=0,mEndpoints=[
01-03 11:28:44.365  2372  3234 D UsbHostManager: UsbEndpoint[mAddress=130,mAttributes=2,mMaxPacketSize=512,mInterval=0]
01-03 11:28:44.365  2372  3234 D UsbHostManager: UsbEndpoint[mAddress=2,mAttributes=2,mMaxPacketSize=512,mInterval=0]]
01-03 11:28:44.365  2372  3234 D UsbHostManager: UsbInterface[mId=4,mAlternateSetting=0,mName=null,mClass=2,mSubclass=2,mProtocol=1,mEndpoints=[
01-03 11:28:44.365  2372  3234 D UsbHostManager: UsbEndpoint[mAddress=135,mAttributes=3,mMaxPacketSize=64,mInterval=4]]
01-03 11:28:44.365  2372  3234 D UsbHostManager: UsbInterface[mId=5,mAlternateSetting=0,mName=null,mClass=10,mSubclass=0,mProtocol=0,mEndpoints=[
01-03 11:28:44.365  2372  3234 D UsbHostManager: UsbEndpoint[mAddress=131,mAttributes=2,mMaxPacketSize=512,mInterval=0]
01-03 11:28:44.365  2372  3234 D UsbHostManager: UsbEndpoint[mAddress=3,mAttributes=2,mMaxPacketSize=512,mInterval=0]]
01-03 11:28:44.365  2372  3234 D UsbHostManager: UsbInterface[mId=6,mAlternateSetting=0,mName=null,mClass=2,mSubclass=2,mProtocol=1,mEndpoints=[
01-03 11:28:44.365  2372  3234 D UsbHostManager: UsbEndpoint[mAddress=136,mAttributes=3,mMaxPacketSize=64,mInterval=4]]
01-03 11:28:44.365  2372  3234 D UsbHostManager: UsbInterface[mId=7,mAlternateSetting=0,mName=null,mClass=10,mSubclass=0,mProtocol=0,mEndpoints=[
01-03 11:28:44.365  2372  3234 D UsbHostManager: UsbEndpoint[mAddress=132,mAttributes=2,mMaxPacketSize=512,mInterval=0]
01-03 11:28:44.365  2372  3234 D UsbHostManager: UsbEndpoint[mAddress=4,mAttributes=2,mMaxPacketSize=512,mInterval=0]]]]
01-03 11:28:44.370  2372  2639 D VoldConnector: RCV <- {651 emulated 1}
01-03 11:28:44.370  2372  2639 D VoldConnector: RCV <- {656 emulated /data/media}
01-03 11:28:44.370  2372  2639 D VoldConnector: RCV <- {655 emulated /storage/emulated}
01-03 11:28:44.370  1901  1952 V vold    : Waiting for FUSE to spin up...
01-03 11:28:44.385  2372  2411 I ActivityManager: Start proc 3237:com.android.systemui/u0a18 for service com.android.systemui/.keyguard.KeyguardService
01-03 11:28:44.390  2372  2411 I SystemServer: WebViewFactory preparation
01-03 11:28:44.405  2372  2372 I Telecom : Class: TelecomSystem.INSTANCE being set
01-03 11:28:44.405  2372  2372 W ContextImpl: Calling a method in the system process without a qualified user: android.app.ContextImpl.startService:1233 android.content.ContextWrapper.startService:587 com.android.server.telecom.components.TelecomService.initializeTelecomSystem:111 com.android.server.telecom.components.TelecomService.onBind:47 android.app.ActivityThread.handleBindService:2948 
01-03 11:28:44.420  2372  2411 I ActivityManager: Start proc 3256:WebViewLoader-armeabi-v7a/1037 [android.webkit.WebViewFactory$RelroFileCreator] for 
01-03 11:28:44.420  2372  2639 D VoldConnector: RCV <- {651 emulated 2}
01-03 11:28:44.420  2372  2639 D VoldConnector: RCV <- {200 27 Command succeeded}
01-03 11:28:44.420  2372  2638 D VoldConnector: SND -> {28 volume mount public:179_17 2 0}
01-03 11:28:44.425  1901  1952 V vold    : /system/bin/blkid
01-03 11:28:44.425  1901  1952 V vold    :     -c
01-03 11:28:44.425  1901  1952 V vold    :     /dev/null
01-03 11:28:44.425  1901  1952 V vold    :     -s
01-03 11:28:44.425  1901  1952 V vold    :     TYPE
01-03 11:28:44.425  1901  1952 V vold    :     -s
01-03 11:28:44.425  1901  1952 V vold    :     UUID
01-03 11:28:44.425  1901  1952 V vold    :     -s
01-03 11:28:44.425  1901  1952 V vold    :     LABEL
01-03 11:28:44.425  1901  1952 V vold    :     /dev/block/vold/public:179_17
01-03 11:28:44.425  2372  2639 D VoldConnector: RCV <- {651 public:179_17 1}
01-03 11:28:44.440  2372  2411 I ActivityManager: Start proc 3269:com.android.nfc/1027 for service com.android.nfc/.NfcBootstrapService
01-03 11:28:44.445  2372  2411 D NetworkManagement: enabling bandwidth control
01-03 11:28:44.450  2372  2372 I PackageManager:   Action: "android.intent.action.SENDTO"
01-03 11:28:44.450  2372  2372 I PackageManager:   Category: "android.intent.category.DEFAULT"
01-03 11:28:44.450  2372  2372 I PackageManager:   Scheme: "sms"
01-03 11:28:44.450  2372  2372 I PackageManager:   AutoVerify=false
01-03 11:28:44.450  2372  2372 I PackageManager: Replacing preferred activity com.android.messaging/.ui.conversation.LaunchConversationActivity for user 0:
01-03 11:28:44.455  2372  2372 I PackageManager:   Action: "android.intent.action.SENDTO"
01-03 11:28:44.455  2372  2372 I PackageManager:   Category: "android.intent.category.DEFAULT"
01-03 11:28:44.455  2372  2372 I PackageManager:   Scheme: "smsto"
01-03 11:28:44.455  2372  2372 I PackageManager:   AutoVerify=false
01-03 11:28:44.455  2372  2372 I PackageManager:   Action: "android.intent.action.SENDTO"
01-03 11:28:44.455  2372  2372 I PackageManager:   Category: "android.intent.category.DEFAULT"
01-03 11:28:44.455  2372  2372 I PackageManager:   Scheme: "mms"
01-03 11:28:44.455  2372  2372 I PackageManager:   AutoVerify=false
01-03 11:28:44.455  2372  2372 I PackageManager:   Action: "android.intent.action.SENDTO"
01-03 11:28:44.455  2372  2372 I PackageManager:   Category: "android.intent.category.DEFAULT"
01-03 11:28:44.455  2372  2372 I PackageManager:   Scheme: "mmsto"
01-03 11:28:44.455  2372  2372 I PackageManager:   AutoVerify=false
01-03 11:28:44.455  2372  2372 I PackageManager: Replacing preferred activity com.android.messaging/.ui.conversation.LaunchConversationActivity for user 0:
01-03 11:28:44.455  2372  2372 I PackageManager: Replacing preferred activity com.android.messaging/.ui.conversation.LaunchConversationActivity for user 0:
01-03 11:28:44.455  2372  2372 I PackageManager: Replacing preferred activity com.android.messaging/.ui.conversation.LaunchConversationActivity for user 0:
01-03 11:28:44.460  2372  2372 I DefaultPermGrantPolicy: Granting permissions to default sms app for user:0
01-03 11:28:44.465  3256  3256 V WebViewFactory: RelroFileCreator (64bit = false),  32-bit lib: /system/app/webview/webview.apk!/lib/armeabi-v7a/libwebviewchromium.so, 64-bit lib: 
01-03 11:28:44.465  2372  2372 I DefaultPermGrantPolicy: Granting permissions to default dialer app for user:0
01-03 11:28:44.465  2372  2372 I Telecom : PhoneAccountRegistrar: SimCallManager queried, returning: null
01-03 11:28:44.490  2372  2372 I DefaultPermGrantPolicy: Granting permissions to default sms app for user:0
01-03 11:28:44.505  2372  2415 D BluetoothManagerService: Message: 100
01-03 11:28:44.505  2372  2415 E BluetoothManagerService: MESSAGE_TIMEOUT_BIND
01-03 11:28:44.540  3237  3237 W System  : ClassLoader referenced unknown path: /system/priv-app/SystemUI/lib/arm
01-03 11:28:44.545  3230  3230 W System  : ClassLoader referenced unknown path: /system/priv-app/ContactsProvider/lib/arm
01-03 11:28:44.575  3237  3237 V SystemUIService: Starting SystemUI services.
01-03 11:28:44.605  1901  1952 V vold    : /dev/block/vold/public:179_17: UUID="7546-1506" TYPE="vfat" 
01-03 11:28:44.610  3269  3269 I NfcService: Starting NFC service
01-03 11:28:44.610  1901  1952 V vold    : /system/bin/fsck_msdos
01-03 11:28:44.610  1901  1952 V vold    :     -p
01-03 11:28:44.610  1901  1952 V vold    :     -f
01-03 11:28:44.610  1901  1952 V vold    :     /dev/block/vold/public:179_17
01-03 11:28:44.610  2372  2639 D VoldConnector: RCV <- {652 public:179_17 vfat}
01-03 11:28:44.610  2372  2639 D VoldConnector: RCV <- {653 public:179_17 7546-1506}
01-03 11:28:44.610  2372  2639 D VoldConnector: RCV <- {654 public:179_17 sdcard1}
01-03 11:28:44.610  2372  2639 D VoldConnector: RCV <- {656 public:179_17 /mnt/media_rw/7546-1506}
01-03 11:28:44.610  2372  2639 D VoldConnector: RCV <- {655 public:179_17 /storage/7546-1506}
01-03 11:28:44.630  3230  3230 W System  : ClassLoader referenced unknown path: /system/app/UserDictionaryProvider/lib/arm
01-03 11:28:44.645  1901  1952 I fsck_msdos: ** /dev/block/vold/public:179_17
01-03 11:28:44.645  1901  1952 I fsck_msdos: ** Phase 1 - Read FAT (compare skipped)
01-03 11:28:44.645  1901  1952 I fsck_msdos: Attempting to allocate 7562 KB for FAT
01-03 11:28:44.645  3307  3307 D fsck_msdos: sectors Per cluster :8 
01-03 11:28:44.645  3307  3307 D fsck_msdos: boot->ClusterOffset :30266 
01-03 11:28:44.645  3307  3307 I fsck_msdos: FAT32 Filesystem
01-03 11:28:44.645  3307  3307 D fsck_msdos: Using cluster_chain_descriptor
01-03 11:28:44.645  3307  3307 I fsck_msdos: Total clusters 1935928 
01-03 11:28:44.680  3269  3269 I NFCJNI  : NFC Service: loading nxp JNI
01-03 11:28:44.680  3256  3256 I art     : System.exit called, status: 0
01-03 11:28:44.680  3256  3256 I AndroidRuntime: VM exiting with result code 0, cleanup skipped.
01-03 11:28:44.685  2372  2415 D BluetoothManagerService: Message: 20
01-03 11:28:44.685  2372  2415 D BluetoothManagerService: Added callback: android.bluetooth.IBluetoothManagerCallback$Stub$Proxy@607bb6a:true
01-03 11:28:44.685  3269  3269 W Settings: Setting device_provisioned has moved from android.provider.Settings.Secure to android.provider.Settings.Global.
01-03 11:28:44.760  3237  3315 E WVMExtractor: Failed to open libwvm.so: dlopen failed: library "libQSEEComAPI.so" not found
01-03 11:28:44.760  3237  3315 I FFmpegExtractor: android-source:0x42632120
01-03 11:28:44.780  3269  3269 I NfceeAccess: read 3 signature(s) for NFCEE access
01-03 11:28:44.790  3269  3269 W Settings: Setting airplane_mode_radios has moved from android.provider.Settings.System to android.provider.Settings.Global, returning read-only value.
01-03 11:28:44.790  3269  3269 W Settings: Setting airplane_mode_toggleable_radios has moved from android.provider.Settings.System to android.provider.Settings.Global, returning read-only value.
01-03 11:28:44.825  3269  3325 D NfcService: checking on firmware download
01-03 11:28:44.825  3269  3325 W Settings: Setting airplane_mode_on has moved from android.provider.Settings.System to android.provider.Settings.Global, returning read-only value.
01-03 11:28:44.830  3269  3325 D NfcService: NFC is on. Doing normal stuff
01-03 11:28:44.830  3269  3325 I NfcService: Enabling NFC
01-03 11:28:44.835  3269  3325 D NFCJNI  : Start Initialization
01-03 11:28:44.875  3237  3315 I FFmpegExtractor: adjust mime(application/ogg -> audio/vorbis)
01-03 11:28:44.880  3237  3315 D FFmpegExtractor: suppoted codec(vorbis) by official Stagefright
01-03 11:28:44.880  3237  3315 D FFmpegExtractor: ffmpeg detected media content as 'audio/vorbis' with confidence 0.08
01-03 11:28:44.880  3269  3325 E NFC-HCI : Could not open /vendor/firmware/libpn544_fw.so
01-03 11:28:44.880  2372  3179 W AppWidgetServiceImpl: Failed to read state: java.io.FileNotFoundException: /data/system/users/0/appwidgets.xml: open failed: ENOENT (No such file or directory)
01-03 11:28:44.880  2372  3179 V AppWidgetServiceImpl: Upgrading widget database from 0 to 1
01-03 11:28:44.930  3230  3304 I ContactLocale: AddressBook Labels [en-US]: [, A, B, C, D, E, F, G, H, I, J, K, L, M, N, O, P, Q, R, S, T, U, V, W, X, Y, Z, , , , , , , , , , , , , , , , , , , , , , , , , , , , , , , , , , , , , , , , , , , , , , , , , , , , , , , , , , , , , , , , , , , , , , , , , , , , , , , , , , , , , , , , , , , , , , , , , , , , , , , , , , , , , , , , , , , , , , , , , , , , , , , , , , , , , , , , , , , , , , , , , , , , , , , , , , , , , , , , , , , , , , , , , , , , , , , , , , , , , , , , , , , #, ]
01-03 11:28:44.965  3237  3237 I vol.Events: writeEvent collection_started
01-03 11:28:44.995  1969  2365 E SEC_COMP_REGS: .
01-03 11:28:44.995  1969  2365 E SEC_COMP_REGS: ..
01-03 11:28:44.995  1969  2365 E SEC_COMP_REGS: libOMX.SEC.AVC.Decoder.so
01-03 11:28:44.995  1969  2365 E SEC_COMP_REGS: Path & libName : /system/lib/omx/libOMX.SEC.AVC.Decoder.so
01-03 11:28:45.010  1969  2365 E SEC_COMP_REGS: libOMX.SEC.AVC.Encoder.so
01-03 11:28:45.010  1969  2365 E SEC_COMP_REGS: Path & libName : /system/lib/omx/libOMX.SEC.AVC.Encoder.so
01-03 11:28:45.015  1969  2365 E SEC_COMP_REGS: libOMX.SEC.M4V.Decoder.so
01-03 11:28:45.015  1969  2365 E SEC_COMP_REGS: Path & libName : /system/lib/omx/libOMX.SEC.M4V.Decoder.so
01-03 11:28:45.025  3269  3325 W NFC     : Firmware image not available: this device might be running old NFC firmware!
01-03 11:28:45.025  3269  3325 D NFCJNI  : NFC capabilities: HAL = 8150100, FW = b10122, HW = 620003, Model = 12, HCI = 1, Full_FW = 1, Rev = 34, FW Update Info = 0
01-03 11:28:45.035  1969  2365 E SEC_COMP_REGS: libOMX.SEC.M4V.Encoder.so
01-03 11:28:45.035  1969  2365 E SEC_COMP_REGS: Path & libName : /system/lib/omx/libOMX.SEC.M4V.Encoder.so
01-03 11:28:45.040  1969  2365 E SEC_COMP_REGS: libOMX.SEC.WMV.Decoder.so
01-03 11:28:45.040  1969  2365 E SEC_COMP_REGS: Path & libName : /system/lib/omx/libOMX.SEC.WMV.Decoder.so
01-03 11:28:45.080  3237  3341 I vol.Events: writeEvent level_changed STREAM_ALARM 6
01-03 11:28:45.090  3237  3341 I vol.Events: writeEvent level_changed STREAM_BLUETOOTH_SCO 7
01-03 11:28:45.090  3237  3341 I vol.Events: writeEvent level_changed STREAM_MUSIC 11
01-03 11:28:45.090  3237  3341 I vol.Events: writeEvent level_changed STREAM_RING 5
01-03 11:28:45.095  3237  3341 I vol.Events: writeEvent level_changed STREAM_SYSTEM 5
01-03 11:28:45.100  3237  3341 I vol.Events: writeEvent level_changed STREAM_VOICE_CALL 4
01-03 11:28:45.100  3237  3341 I vol.Events: writeEvent external_ringer_mode_changed normal
01-03 11:28:45.110  3237  3237 D StorageNotification: Notifying about private volume: VolumeInfo{private}:
01-03 11:28:45.110  3237  3237 D StorageNotification:     type=PRIVATE diskId=null partGuid=null mountFlags=0 mountUserId=-1 
01-03 11:28:45.110  3237  3237 D StorageNotification:     state=MOUNTED 
01-03 11:28:45.110  3237  3237 D StorageNotification:     fsType=null fsUuid=null fsLabel=null 
01-03 11:28:45.110  3237  3237 D StorageNotification:     path=/data internalPath=null 
01-03 11:28:45.110  3237  3237 D StorageNotification: Notifying about public volume: VolumeInfo{public:179_17}:
01-03 11:28:45.110  3237  3237 D StorageNotification:     type=PUBLIC diskId=disk:179_16 partGuid=null mountFlags=VISIBLE 
01-03 11:28:45.110  3237  3237 D StorageNotification:     mountUserId=0 state=CHECKING 
01-03 11:28:45.110  3237  3237 D StorageNotification:     fsType=vfat fsUuid=7546-1506 fsLabel=sdcard1 
01-03 11:28:45.110  3237  3237 D StorageNotification:     path=/storage/7546-1506 internalPath=/mnt/media_rw/7546-1506 
01-03 11:28:45.115  2372  2411 E NetdConnector: NDC Command {2 bandwidth enable} took too long (674ms)
01-03 11:28:45.130  2372  2372 D ZenLog  : disable_effects: -1|com.android.systemui|1397773634|public:179_17|10018,booleanState
01-03 11:28:45.215  1964  2325 I iptables: iptables: No chain/target/match by that name.
01-03 11:28:45.215  1964  2325 I iptables: iptables terminated by exit(1)
01-03 11:28:45.215  1964  2325 E Netd    : exec() res=0, status=256 for /system/bin/iptables -w -F st_penalty_log 
01-03 11:28:45.230  2372  2408 I StatusBarManagerService: registerStatusBar bar=com.android.internal.statusbar.IStatusBar$Stub$Proxy@f6e6f15
01-03 11:28:45.235  1964  2325 I ip6tables: ip6tables: No chain/target/match by that name.
01-03 11:28:45.245  1964  2325 I ip6tables: ip6tables terminated by exit(1)
01-03 11:28:45.245  1964  2325 E Netd    : exec() res=0, status=256 for /system/bin/ip6tables -w -F st_penalty_log 
01-03 11:28:45.260  1964  2325 I iptables: iptables: No chain/target/match by that name.
01-03 11:28:45.270  1964  2325 I iptables: iptables terminated by exit(1)
01-03 11:28:45.270  1964  2325 E Netd    : exec() res=0, status=256 for /system/bin/iptables -w -F st_penalty_reject 
01-03 11:28:45.280  2372  2382 I art     : Background sticky concurrent mark sweep GC freed 57325(7MB) AllocSpace objects, 4(352KB) LOS objects, 27% free, 22MB/31MB, paused 20.909ms total 105.897ms
01-03 11:28:45.285  1964  2325 I ip6tables: ip6tables: No chain/target/match by that name.
01-03 11:28:45.295  1964  2325 I ip6tables: ip6tables terminated by exit(1)
01-03 11:28:45.295  1964  2325 E Netd    : exec() res=0, status=256 for /system/bin/ip6tables -w -F st_penalty_reject 
01-03 11:28:45.295  3307  3307 I fsck_msdos: ** Phase 2 - Check Cluster Chains 
01-03 11:28:45.295  3307  3307 I fsck_msdos: Begin to handle the cluster chain
01-03 11:28:45.300  1969  2365 W ACodec  : do not know color format 0x7f000001 = 2130706433
01-03 11:28:45.300  1969  2365 W ACodec  : do not know color format 0x7fc00002 = 2143289346
01-03 11:28:45.300  1969  2365 E OMXNodeInstance: getExtensionIndex(f:SEC.MPEG4.Decoder, OMX.google.android.index.storeMetaDataInBuffers) ERROR: BadParameter(0x80001005)
01-03 11:28:45.300  1969  2365 E OMXNodeInstance: getExtensionIndex(f:SEC.MPEG4.Decoder, OMX.google.android.index.prepareForAdaptivePlayback) ERROR: BadParameter(0x80001005)
01-03 11:28:45.310  1964  2325 I iptables: iptables: No chain/target/match by that name.
01-03 11:28:45.310  1964  2325 I iptables: iptables terminated by exit(1)
01-03 11:28:45.310  1964  2325 E Netd    : exec() res=0, status=256 for /system/bin/iptables -w -F st_clear_caught 
01-03 11:28:45.315  1969  2365 W ACodec  : do not know color format 0x7f000001 = 2130706433
01-03 11:28:45.315  1969  2365 W ACodec  : do not know color format 0x7fc00002 = 2143289346
01-03 11:28:45.315  1969  2365 E OMXNodeInstance: getExtensionIndex(10:SEC.H263.Decoder, OMX.google.android.index.storeMetaDataInBuffers) ERROR: BadParameter(0x80001005)
01-03 11:28:45.315  1969  2365 E OMXNodeInstance: getExtensionIndex(10:SEC.H263.Decoder, OMX.google.android.index.prepareForAdaptivePlayback) ERROR: BadParameter(0x80001005)
01-03 11:28:45.325  1969  2365 W ACodec  : do not know color format 0x7f000001 = 2130706433
01-03 11:28:45.325  1969  2365 W ACodec  : do not know color format 0x7fc00002 = 2143289346
01-03 11:28:45.325  1969  2365 E OMXNodeInstance: getExtensionIndex(11:SEC.AVC.Decoder, OMX.google.android.index.storeMetaDataInBuffers) ERROR: BadParameter(0x80001005)
01-03 11:28:45.325  1964  2325 I ip6tables: ip6tables: No chain/target/match by that name.
01-03 11:28:45.325  1969  2365 E OMXNodeInstance: getExtensionIndex(11:SEC.AVC.Decoder, OMX.google.android.index.prepareForAdaptivePlayback) ERROR: BadParameter(0x80001005)
01-03 11:28:45.325  1964  2325 I ip6tables: ip6tables terminated by exit(1)
01-03 11:28:45.325  1964  2325 E Netd    : exec() res=0, status=256 for /system/bin/ip6tables -w -F st_clear_caught 
01-03 11:28:45.330  1969  2365 W ACodec  : do not know color format 0x7f000001 = 2130706433
01-03 11:28:45.330  1969  2365 W ACodec  : do not know color format 0x7f000002 = 2130706434
01-03 11:28:45.330  1969  2365 W ACodec  : do not know color format 0x7fc00002 = 2143289346
01-03 11:28:45.330  1969  2365 W ACodec  : do not know color format 0x7f000003 = 2130706435
01-03 11:28:45.330  1969  2365 W ACodec  : do not know color format 0x7f000789 = 2130708361
01-03 11:28:45.340  1969  2365 W ACodec  : do not know color format 0x7f000001 = 2130706433
01-03 11:28:45.340  1969  2365 W ACodec  : do not know color format 0x7f000002 = 2130706434
01-03 11:28:45.340  1969  2365 W ACodec  : do not know color format 0x7fc00002 = 2143289346
01-03 11:28:45.340  1969  2365 W ACodec  : do not know color format 0x7f000003 = 2130706435
01-03 11:28:45.340  1969  2365 W ACodec  : do not know color format 0x7f000789 = 2130708361
01-03 11:28:45.345  1964  2325 I iptables: iptables: No chain/target/match by that name.
01-03 11:28:45.345  1964  2325 I iptables: iptables terminated by exit(1)
01-03 11:28:45.345  1964  2325 E Netd    : exec() res=0, status=256 for /system/bin/iptables -w -F st_clear_detect 
