01-03 11:28:45.350  1969  2365 W ACodec  : do not know color format 0x7f000001 = 2130706433
01-03 11:28:45.350  1969  2365 W ACodec  : do not know color format 0x7f000002 = 2130706434
01-03 11:28:45.350  1969  2365 W ACodec  : do not know color format 0x7fc00002 = 2143289346
01-03 11:28:45.350  1969  2365 W ACodec  : do not know color format 0x7f000003 = 2130706435
01-03 11:28:45.350  1969  2365 W ACodec  : do not know color format 0x7f000789 = 2130708361
01-03 11:28:45.360  1964  2325 I ip6tables: ip6tables: No chain/target/match by that name.
01-03 11:28:45.360  1964  2325 I ip6tables: ip6tables terminated by exit(1)
01-03 11:28:45.360  1964  2325 E Netd    : exec() res=0, status=256 for /system/bin/ip6tables -w -F st_clear_detect 
01-03 11:28:45.380  1964  2325 I iptables: iptables: No chain/target/match by that name.
01-03 11:28:45.390  1969  2365 W OMXNodeInstance: [15:google.mpeg4.decoder] component does not support metadata mode; using fallback
01-03 11:28:45.390  1964  2325 I iptables: iptables terminated by exit(1)
01-03 11:28:45.390  1964  2325 E Netd    : exec() res=0, status=256 for /system/bin/iptables -w -X st_penalty_log 
01-03 11:28:45.390  1969  2365 W OMXNodeInstance: [16:google.mpeg4.decoder] component does not support metadata mode; using fallback
01-03 11:28:45.400  1969  2365 W MediaCodecList: ignoring Limit specified outside of a Type
01-03 11:28:45.400  1969  2365 W MediaCodecList: ignoring Limit specified outside of a Type
01-03 11:28:45.400  1969  2365 W MediaCodecList: ignoring Limit specified outside of a Type
01-03 11:28:45.400  1969  2365 W MediaCodecList: ignoring Limit specified outside of a Type
01-03 11:28:45.400  1969  2365 W MediaCodecList: ignoring Limit specified outside of a Type
01-03 11:28:45.400  1969  2365 W MediaCodecList: ignoring Feature specified outside of a Type
01-03 11:28:45.400  1969  2365 W OMXNodeInstance: [17:google.h263.decoder] component does not support metadata mode; using fallback
01-03 11:28:45.400  1964  2325 I ip6tables: ip6tables: No chain/target/match by that name.
01-03 11:28:45.410  1964  2325 I ip6tables: ip6tables terminated by exit(1)
01-03 11:28:45.410  1964  2325 E Netd    : exec() res=0, status=256 for /system/bin/ip6tables -w -X st_penalty_log 
01-03 11:28:45.420  3269  3325 D NFCJNI  : phLibNfc_SE_GetSecureElementList()
01-03 11:28:45.420  3269  3325 D NFCJNI  : 
01-03 11:28:45.420  3269  3325 D NFCJNI  : > Number of Secure Element(s) : 1
01-03 11:28:45.420  3269  3325 D NFCJNI  : phLibNfc_SE_GetSecureElementList(): SMX detected, handle=0xabcdef
01-03 11:28:45.420  3269  3325 D NFCJNI  : phLibNfc_SE_SetMode() returned 0x000d[NFCSTATUS_PENDING]
01-03 11:28:45.425  1969  2365 W OMXNodeInstance: [18:google.h264.decoder] component does not support metadata mode; using fallback
01-03 11:28:45.430  1964  2325 I iptables: iptables: No chain/target/match by that name.
01-03 11:28:45.435  1964  2325 I iptables: iptables terminated by exit(1)
01-03 11:28:45.435  1964  2325 E Netd    : exec() res=0, status=256 for /system/bin/iptables -w -X st_penalty_reject 
01-03 11:28:45.440  3269  3325 I NFCJNI  : NFC Initialized
01-03 11:28:45.440  3269  3325 D NdefPushServer: start, thread = null
01-03 11:28:45.440  3269  3325 D NdefPushServer: starting new server thread
01-03 11:28:45.450  1964  2325 I ip6tables: ip6tables: No chain/target/match by that name.
01-03 11:28:45.455  3269  3418 D NdefPushServer: about create LLCP service socket
01-03 11:28:45.455  3269  3418 D NdefPushServer: created LLCP service socket
01-03 11:28:45.455  3269  3418 D NdefPushServer: about to accept
01-03 11:28:45.460  1964  2325 I ip6tables: ip6tables terminated by exit(1)
01-03 11:28:45.460  1964  2325 E Netd    : exec() res=0, status=256 for /system/bin/ip6tables -w -X st_penalty_reject 
01-03 11:28:45.460  1969  2365 W OMXNodeInstance: [19:google.hevc.decoder] component does not support metadata mode; using fallback
01-03 11:28:45.465  2372  3043 D WifiService: New client listening to asynchronous messages
01-03 11:28:45.470  1969  2365 W OMXNodeInstance: [1a:google.vp8.decoder] component does not support metadata mode; using fallback
01-03 11:28:45.475  1964  2325 I iptables: iptables: No chain/target/match by that name.
01-03 11:28:45.480  1969  2365 W OMXNodeInstance: [1b:google.vp9.decoder] component does not support metadata mode; using fallback
01-03 11:28:45.490  1964  2325 I iptables: iptables terminated by exit(1)
01-03 11:28:45.490  1964  2325 E Netd    : exec() res=0, status=256 for /system/bin/iptables -w -X st_clear_caught 
01-03 11:28:45.490  1969  2365 I SoftMPEG4Encoder: Construct SoftMPEG4Encoder
01-03 11:28:45.490  1969  2365 W ACodec  : do not know color format 0x7f000789 = 2130708361
01-03 11:28:45.500  3269  3325 W Settings: Setting device_provisioned has moved from android.provider.Settings.Secure to android.provider.Settings.Global.
01-03 11:28:45.505  1964  2325 I ip6tables: ip6tables: No chain/target/match by that name.
01-03 11:28:45.505  3269  3429 E WVMExtractor: Failed to open libwvm.so: dlopen failed: library "libQSEEComAPI.so" not found
01-03 11:28:45.505  3269  3429 I FFmpegExtractor: android-source:0x43e1ca18
01-03 11:28:45.505  1969  2365 W ACodec  : do not know color format 0x7f000789 = 2130708361
01-03 11:28:45.510  1964  2325 I ip6tables: ip6tables terminated by exit(1)
01-03 11:28:45.510  1964  2325 E Netd    : exec() res=0, status=256 for /system/bin/ip6tables -w -X st_clear_caught 
01-03 11:28:45.510  1969  2365 I SoftMPEG4Encoder: Construct SoftMPEG4Encoder
01-03 11:28:45.510  1969  2365 W ACodec  : do not know color format 0x7f000789 = 2130708361
01-03 11:28:45.515  3269  3429 I FFmpegExtractor: adjust mime(application/ogg -> audio/vorbis)
01-03 11:28:45.515  3269  3429 D FFmpegExtractor: suppoted codec(vorbis) by official Stagefright
01-03 11:28:45.515  3269  3429 D FFmpegExtractor: ffmpeg detected media content as 'audio/vorbis' with confidence 0.08
01-03 11:28:45.525  1964  2325 I iptables: iptables: No chain/target/match by that name.
01-03 11:28:45.525  1969  2365 W ACodec  : do not know color format 0x7f000789 = 2130708361
01-03 11:28:45.525  1964  2325 I iptables: iptables terminated by exit(1)
01-03 11:28:45.525  1964  2325 E Netd    : exec() res=0, status=256 for /system/bin/iptables -w -X st_clear_detect 
01-03 11:28:45.530  1969  2365 V FFmpegOMXPlugin: makeComponentInstance 'OMX.ffmpeg.aac.decoder'
01-03 11:28:45.530  1969  2365 D SoftFFmpegAudio: SoftFFmpegAudio component: OMX.ffmpeg.aac.decoder mCodingType: 21
01-03 11:28:45.540  1969  2365 V FFmpegOMXPlugin: makeComponentInstance 'OMX.ffmpeg.ape.decoder'
01-03 11:28:45.540  1969  2365 D SoftFFmpegAudio: SoftFFmpegAudio component: OMX.ffmpeg.ape.decoder mCodingType: 2130706435
01-03 11:28:45.550  1969  2365 V FFmpegOMXPlugin: makeComponentInstance 'OMX.ffmpeg.atrial.decoder'
01-03 11:28:45.550  1969  2365 D SoftFFmpegAudio: SoftFFmpegAudio component: OMX.ffmpeg.atrial.decoder mCodingType: 1
01-03 11:28:45.550  1964  2325 I ip6tables: ip6tables: No chain/target/match by that name.
01-03 11:28:45.550  1964  2325 I ip6tables: ip6tables terminated by exit(1)
01-03 11:28:45.550  1964  2325 E Netd    : exec() res=0, status=256 for /system/bin/ip6tables -w -X st_clear_detect 
01-03 11:28:45.550  1969  2365 V FFmpegOMXPlugin: makeComponentInstance 'OMX.ffmpeg.dts.decoder'
01-03 11:28:45.550  1969  2365 D SoftFFmpegAudio: SoftFFmpegAudio component: OMX.ffmpeg.dts.decoder mCodingType: 2130706436
01-03 11:28:45.555  1969  2365 V FFmpegOMXPlugin: makeComponentInstance 'OMX.ffmpeg.flac.decoder'
01-03 11:28:45.555  1969  2365 D SoftFFmpegAudio: SoftFFmpegAudio component: OMX.ffmpeg.flac.decoder mCodingType: 28
01-03 11:28:45.560  1969  2365 V FFmpegOMXPlugin: makeComponentInstance 'OMX.ffmpeg.mp2.decoder'
01-03 11:28:45.560  1969  2365 D SoftFFmpegAudio: SoftFFmpegAudio component: OMX.ffmpeg.mp2.decoder mCodingType: 2130706433
01-03 11:28:45.565  1969  2365 V FFmpegOMXPlugin: makeComponentInstance 'OMX.ffmpeg.ra.decoder'
01-03 11:28:45.565  1969  2365 D SoftFFmpegAudio: SoftFFmpegAudio component: OMX.ffmpeg.ra.decoder mCodingType: 26
01-03 11:28:45.565  1969  2365 V FFmpegOMXPlugin: makeComponentInstance 'OMX.ffmpeg.wma.decoder'
01-03 11:28:45.565  1969  2365 D SoftFFmpegAudio: SoftFFmpegAudio component: OMX.ffmpeg.wma.decoder mCodingType: 25
01-03 11:28:45.565  1969  2365 V FFmpegOMXPlugin: makeComponentInstance 'OMX.ffmpeg.divx.decoder'
01-03 11:28:45.565  1969  2365 D SoftFFmpegVideo: SoftFFmpegVideo component: OMX.ffmpeg.divx.decoder codingType=2130706435 appData: 0x4481cc68
01-03 11:28:45.565  1969  2365 W OMXNodeInstance: [28:ffmpeg.divx.decoder] component does not support metadata mode; using fallback
01-03 11:28:45.565  1969  2365 V FFmpegOMXPlugin: makeComponentInstance 'OMX.ffmpeg.flv1.decoder'
01-03 11:28:45.565  1969  2365 D SoftFFmpegVideo: SoftFFmpegVideo component: OMX.ffmpeg.flv1.decoder codingType=2130706434 appData: 0x44abc9b8
01-03 11:28:45.565  1969  2365 W OMXNodeInstance: [29:ffmpeg.flv1.decoder] component does not support metadata mode; using fallback
01-03 11:28:45.565  1969  2365 V FFmpegOMXPlugin: makeComponentInstance 'OMX.ffmpeg.mpeg2.decoder'
01-03 11:28:45.570  1969  2365 D SoftFFmpegVideo: SoftFFmpegVideo component: OMX.ffmpeg.mpeg2.decoder codingType=2 appData: 0x446c5d98
01-03 11:28:45.570  1969  2365 W OMXNodeInstance: [2a:ffmpeg.mpeg2.decoder] component does not support metadata mode; using fallback
01-03 11:28:45.575  1969  2365 V FFmpegOMXPlugin: makeComponentInstance 'OMX.ffmpeg.mpeg4.decoder'
01-03 11:28:45.575  1969  2365 D SoftFFmpegVideo: SoftFFmpegVideo component: OMX.ffmpeg.mpeg4.decoder codingType=4 appData: 0x44bafe40
01-03 11:28:45.575  1969  2365 W OMXNodeInstance: [2b:ffmpeg.mpeg4.decoder] component does not support metadata mode; using fallback
01-03 11:28:45.575  1969  2365 V FFmpegOMXPlugin: makeComponentInstance 'OMX.ffmpeg.rv.decoder'
01-03 11:28:45.575  1969  2365 D SoftFFmpegVideo: SoftFFmpegVideo component: OMX.ffmpeg.rv.decoder codingType=6 appData: 0x445f3a50
01-03 11:28:45.575  1969  2365 W OMXNodeInstance: [2c:ffmpeg.rv.decoder] component does not support metadata mode; using fallback
01-03 11:28:45.575  1969  2365 V FFmpegOMXPlugin: makeComponentInstance 'OMX.ffmpeg.vc1.decoder'
01-03 11:28:45.575  1969  2365 D SoftFFmpegVideo: SoftFFmpegVideo component: OMX.ffmpeg.vc1.decoder codingType=2130706433 appData: 0x44bafce8
01-03 11:28:45.575  1969  2365 W OMXNodeInstance: [2d:ffmpeg.vc1.decoder] component does not support metadata mode; using fallback
01-03 11:28:45.580  3269  3325 I NfcService: First Boot
01-03 11:28:45.580  2372  3048 D NotificationSQLiteLog: Pruned event entries: 0
01-03 11:28:45.585  1969  2365 V FFmpegOMXPlugin: makeComponentInstance 'OMX.ffmpeg.vtrial.decoder'
01-03 11:28:45.585  1969  2365 D SoftFFmpegVideo: SoftFFmpegVideo component: OMX.ffmpeg.vtrial.decoder codingType=1 appData: 0x445f3a38
01-03 11:28:45.585  1969  2365 W OMXNodeInstance: [2e:ffmpeg.vtrial.decoder] component does not support metadata mode; using fallback
01-03 11:28:45.585  1969  2365 V FFmpegOMXPlugin: makeComponentInstance 'OMX.ffmpeg.wmv.decoder'
01-03 11:28:45.585  1969  2365 D SoftFFmpegVideo: SoftFFmpegVideo component: OMX.ffmpeg.wmv.decoder codingType=5 appData: 0x445f3b40
01-03 11:28:45.585  1969  2365 W OMXNodeInstance: [2f:ffmpeg.wmv.decoder] component does not support metadata mode; using fallback
01-03 11:28:45.590  1969  2365 W MediaCodecList: unable to open media codecs configuration xml file: /etc/media_codecs_performance.xml
01-03 11:28:45.590  1969  2365 W MediaCodecList: unable to open media codecs configuration xml file: /data/misc/media/media_codecs_profiling_results.xml
01-03 11:28:45.590  3237  3337 I OMXClient: Using client-side OMX mux.
01-03 11:28:45.590  3269  3439 I OMXClient: Using client-side OMX mux.
01-03 11:28:45.600  3269  3439 E SEC_COMP_REGS: .
01-03 11:28:45.600  3269  3439 E SEC_COMP_REGS: ..
01-03 11:28:45.600  3269  3439 E SEC_COMP_REGS: libOMX.SEC.AVC.Decoder.so
01-03 11:28:45.600  3269  3439 E SEC_COMP_REGS: Path & libName : /system/lib/omx/libOMX.SEC.AVC.Decoder.so
01-03 11:28:45.605  3269  3439 E SEC_COMP_REGS: libOMX.SEC.AVC.Encoder.so
01-03 11:28:45.605  3269  3439 E SEC_COMP_REGS: Path & libName : /system/lib/omx/libOMX.SEC.AVC.Encoder.so
01-03 11:28:45.610  3269  3439 E SEC_COMP_REGS: libOMX.SEC.M4V.Decoder.so
01-03 11:28:45.610  3269  3439 E SEC_COMP_REGS: Path & libName : /system/lib/omx/libOMX.SEC.M4V.Decoder.so
01-03 11:28:45.610  3237  3337 E SEC_COMP_REGS: .
01-03 11:28:45.610  3237  3337 E SEC_COMP_REGS: ..
01-03 11:28:45.610  3237  3337 E SEC_COMP_REGS: libOMX.SEC.AVC.Decoder.so
01-03 11:28:45.610  3237  3337 E SEC_COMP_REGS: Path & libName : /system/lib/omx/libOMX.SEC.AVC.Decoder.so
01-03 11:28:45.615  3269  3439 E SEC_COMP_REGS: libOMX.SEC.M4V.Encoder.so
01-03 11:28:45.615  3269  3439 E SEC_COMP_REGS: Path & libName : /system/lib/omx/libOMX.SEC.M4V.Encoder.so
01-03 11:28:45.615  3237  3337 E SEC_COMP_REGS: libOMX.SEC.AVC.Encoder.so
01-03 11:28:45.615  3237  3337 E SEC_COMP_REGS: Path & libName : /system/lib/omx/libOMX.SEC.AVC.Encoder.so
01-03 11:28:45.620  3269  3439 E SEC_COMP_REGS: libOMX.SEC.WMV.Decoder.so
01-03 11:28:45.620  3269  3439 E SEC_COMP_REGS: Path & libName : /system/lib/omx/libOMX.SEC.WMV.Decoder.so
01-03 11:28:45.625  3237  3337 E SEC_COMP_REGS: libOMX.SEC.M4V.Decoder.so
01-03 11:28:45.625  3237  3337 E SEC_COMP_REGS: Path & libName : /system/lib/omx/libOMX.SEC.M4V.Decoder.so
01-03 11:28:45.640  3237  3337 E SEC_COMP_REGS: libOMX.SEC.M4V.Encoder.so
01-03 11:28:45.640  3237  3337 E SEC_COMP_REGS: Path & libName : /system/lib/omx/libOMX.SEC.M4V.Encoder.so
01-03 11:28:45.650  3237  3337 E SEC_COMP_REGS: libOMX.SEC.WMV.Decoder.so
01-03 11:28:45.650  3237  3337 E SEC_COMP_REGS: Path & libName : /system/lib/omx/libOMX.SEC.WMV.Decoder.so
01-03 11:28:45.680  1901  1952 I fsck_msdos: ** Phase 3 - Checking Directories
01-03 11:28:45.680  3307  3307 D fsck_msdos: rootDir->head :2
01-03 11:28:45.700  3269  3429 I FFmpegExtractor: android-source:0x444618e8
01-03 11:28:45.700  3269  3429 I FFmpegExtractor: adjust mime(application/ogg -> audio/vorbis)
01-03 11:28:45.700  3269  3429 D FFmpegExtractor: suppoted codec(vorbis) by official Stagefright
01-03 11:28:45.705  3269  3429 D FFmpegExtractor: ffmpeg detected media content as 'audio/vorbis' with confidence 0.08
01-03 11:28:45.715  3269  3486 I OMXClient: Using client-side OMX mux.
01-03 11:28:45.715  3237  3315 I FFmpegExtractor: android-source:0x42d55eb0
01-03 11:28:45.715  3237  3315 I FFmpegExtractor: adjust mime(application/ogg -> audio/vorbis)
01-03 11:28:45.715  3237  3315 D FFmpegExtractor: suppoted codec(vorbis) by official Stagefright
01-03 11:28:45.715  3237  3315 D FFmpegExtractor: ffmpeg detected media content as 'audio/vorbis' with confidence 0.08
01-03 11:28:45.720  3269  3486 E SEC_COMP_REGS: .
01-03 11:28:45.720  3269  3486 E SEC_COMP_REGS: ..
01-03 11:28:45.720  3269  3486 E SEC_COMP_REGS: libOMX.SEC.AVC.Decoder.so
01-03 11:28:45.720  3269  3486 E SEC_COMP_REGS: Path & libName : /system/lib/omx/libOMX.SEC.AVC.Decoder.so
01-03 11:28:45.735  3269  3486 E SEC_COMP_REGS: libOMX.SEC.AVC.Encoder.so
01-03 11:28:45.735  3269  3486 E SEC_COMP_REGS: Path & libName : /system/lib/omx/libOMX.SEC.AVC.Encoder.so
01-03 11:28:45.740  3269  3486 E SEC_COMP_REGS: libOMX.SEC.M4V.Decoder.so
01-03 11:28:45.740  3269  3486 E SEC_COMP_REGS: Path & libName : /system/lib/omx/libOMX.SEC.M4V.Decoder.so
01-03 11:28:45.740  3237  3488 I OMXClient: Using client-side OMX mux.
01-03 11:28:45.745  3237  3488 E SEC_COMP_REGS: .
01-03 11:28:45.745  3237  3488 E SEC_COMP_REGS: ..
01-03 11:28:45.745  3237  3488 E SEC_COMP_REGS: libOMX.SEC.AVC.Decoder.so
01-03 11:28:45.745  3237  3488 E SEC_COMP_REGS: Path & libName : /system/lib/omx/libOMX.SEC.AVC.Decoder.so
01-03 11:28:45.750  3269  3486 E SEC_COMP_REGS: libOMX.SEC.M4V.Encoder.so
01-03 11:28:45.750  3269  3486 E SEC_COMP_REGS: Path & libName : /system/lib/omx/libOMX.SEC.M4V.Encoder.so
01-03 11:28:45.755  3237  3488 E SEC_COMP_REGS: libOMX.SEC.AVC.Encoder.so
01-03 11:28:45.755  3237  3488 E SEC_COMP_REGS: Path & libName : /system/lib/omx/libOMX.SEC.AVC.Encoder.so
01-03 11:28:45.760  3269  3486 E SEC_COMP_REGS: libOMX.SEC.WMV.Decoder.so
01-03 11:28:45.760  3269  3486 E SEC_COMP_REGS: Path & libName : /system/lib/omx/libOMX.SEC.WMV.Decoder.so
01-03 11:28:45.765  3237  3488 E SEC_COMP_REGS: libOMX.SEC.M4V.Decoder.so
01-03 11:28:45.765  3237  3488 E SEC_COMP_REGS: Path & libName : /system/lib/omx/libOMX.SEC.M4V.Decoder.so
01-03 11:28:45.770  3237  3488 E SEC_COMP_REGS: libOMX.SEC.M4V.Encoder.so
01-03 11:28:45.770  3237  3488 E SEC_COMP_REGS: Path & libName : /system/lib/omx/libOMX.SEC.M4V.Encoder.so
01-03 11:28:45.780  3237  3488 E SEC_COMP_REGS: libOMX.SEC.WMV.Decoder.so
01-03 11:28:45.780  3237  3488 E SEC_COMP_REGS: Path & libName : /system/lib/omx/libOMX.SEC.WMV.Decoder.so
01-03 11:28:45.785  3230  3304 D ContactDirectoryManager: Found com.android.exchange.directory.provider
01-03 11:28:45.795  3237  3493 D OpenGLRenderer: Use EGL_SWAP_BEHAVIOR_PRESERVED: false
01-03 11:28:45.810  2372  3226 I ActivityManager: Start proc 3495:com.android.exchange/u0a38 for content provider com.android.exchange/.provider.ExchangeDirectoryProvider
01-03 11:28:45.880  3269  3429 I FFmpegExtractor: android-source:0x44450970
01-03 11:28:45.880  3269  3429 I FFmpegExtractor: adjust mime(application/ogg -> audio/vorbis)
01-03 11:28:45.880  3269  3429 D FFmpegExtractor: suppoted codec(vorbis) by official Stagefright
01-03 11:28:45.880  3269  3429 D FFmpegExtractor: ffmpeg detected media content as 'audio/vorbis' with confidence 0.08
01-03 11:28:45.895  3269  3512 I OMXClient: Using client-side OMX mux.
01-03 11:28:45.915  3269  3512 E SEC_COMP_REGS: .
01-03 11:28:45.915  3269  3512 E SEC_COMP_REGS: ..
01-03 11:28:45.915  3269  3512 E SEC_COMP_REGS: libOMX.SEC.AVC.Decoder.so
01-03 11:28:45.915  3269  3512 E SEC_COMP_REGS: Path & libName : /system/lib/omx/libOMX.SEC.AVC.Decoder.so
01-03 11:28:45.915  3237  3315 I FFmpegExtractor: android-source:0x43db3030
01-03 11:28:45.915  3237  3315 I FFmpegExtractor: adjust mime(application/ogg -> audio/vorbis)
01-03 11:28:45.915  3237  3315 D FFmpegExtractor: suppoted codec(vorbis) by official Stagefright
01-03 11:28:45.915  3237  3315 D FFmpegExtractor: ffmpeg detected media content as 'audio/vorbis' with confidence 0.08
01-03 11:28:45.930  3269  3512 E SEC_COMP_REGS: libOMX.SEC.AVC.Encoder.so
01-03 11:28:45.930  3269  3512 E SEC_COMP_REGS: Path & libName : /system/lib/omx/libOMX.SEC.AVC.Encoder.so
01-03 11:28:45.940  3269  3512 E SEC_COMP_REGS: libOMX.SEC.M4V.Decoder.so
01-03 11:28:45.940  3269  3512 E SEC_COMP_REGS: Path & libName : /system/lib/omx/libOMX.SEC.M4V.Decoder.so
01-03 11:28:45.940  3237  3517 I OMXClient: Using client-side OMX mux.
01-03 11:28:45.945  3269  3512 E SEC_COMP_REGS: libOMX.SEC.M4V.Encoder.so
01-03 11:28:45.945  3269  3512 E SEC_COMP_REGS: Path & libName : /system/lib/omx/libOMX.SEC.M4V.Encoder.so
01-03 11:28:45.945  3237  3517 E SEC_COMP_REGS: .
01-03 11:28:45.945  3237  3517 E SEC_COMP_REGS: ..
01-03 11:28:45.945  3237  3517 E SEC_COMP_REGS: libOMX.SEC.AVC.Decoder.so
01-03 11:28:45.945  3237  3517 E SEC_COMP_REGS: Path & libName : /system/lib/omx/libOMX.SEC.AVC.Decoder.so
01-03 11:28:45.950  3269  3512 E SEC_COMP_REGS: libOMX.SEC.WMV.Decoder.so
01-03 11:28:45.950  3269  3512 E SEC_COMP_REGS: Path & libName : /system/lib/omx/libOMX.SEC.WMV.Decoder.so
01-03 11:28:45.960  3237  3517 E SEC_COMP_REGS: libOMX.SEC.AVC.Encoder.so
01-03 11:28:45.960  3237  3517 E SEC_COMP_REGS: Path & libName : /system/lib/omx/libOMX.SEC.AVC.Encoder.so
01-03 11:28:45.970  3237  3517 E SEC_COMP_REGS: libOMX.SEC.M4V.Decoder.so
01-03 11:28:45.970  3237  3517 E SEC_COMP_REGS: Path & libName : /system/lib/omx/libOMX.SEC.M4V.Decoder.so
01-03 11:28:45.980  3237  3517 E SEC_COMP_REGS: libOMX.SEC.M4V.Encoder.so
01-03 11:28:45.980  3237  3517 E SEC_COMP_REGS: Path & libName : /system/lib/omx/libOMX.SEC.M4V.Encoder.so
01-03 11:28:45.990  3237  3517 E SEC_COMP_REGS: libOMX.SEC.WMV.Decoder.so
01-03 11:28:45.990  3237  3517 E SEC_COMP_REGS: Path & libName : /system/lib/omx/libOMX.SEC.WMV.Decoder.so
01-03 11:28:46.005  3307  3307 D fsck_msdos: Verify Filesystem information
01-03 11:28:46.005  3307  3307 W fsck_msdos: 509 files, 3356844 free (839211 clusters)
01-03 11:28:46.005  3307  3307 I fsck_msdos: free_rb_tree 
01-03 11:28:46.010  1901  1952 I fsck_msdos: ** Phase 4 - Checking for Lost Files
01-03 11:28:46.010  3307  3307 I fsck_msdos: free_fragment_tree
01-03 11:28:46.010  3307  3307 I fsck_msdos: free_fragment_tree
01-03 11:28:46.010  3307  3307 I fsck_msdos: free_fragment_tree: rb_tree is empty 
01-03 11:28:46.015  3495  3495 W System  : ClassLoader referenced unknown path: /system/app/Exchange2/lib/arm
01-03 11:28:46.035  1901  1952 I Vold    : Filesystem check completed OK
01-03 11:28:46.050  1901  1952 V vold    : Waiting for FUSE to spin up...
01-03 11:28:46.060  2372  3226 I ActivityManager: Start proc 3528:com.android.email/u0a36 for content provider com.android.email/.provider.EmailProvider
01-03 11:28:46.090  3230  3304 I ContactDirectoryManager: deleted 0 stale rows which don't have any relevant directory
01-03 11:28:46.095  2372  2415 D BluetoothManagerService: Message: 20
01-03 11:28:46.095  2372  2415 D BluetoothManagerService: Added callback: android.bluetooth.IBluetoothManagerCallback$Stub$Proxy@2142856:true
01-03 11:28:46.100  2372  2415 D BluetoothManagerService: Message: 30
01-03 11:28:46.100  2372  2639 D VoldConnector: RCV <- {651 public:179_17 2}
01-03 11:28:46.100  2372  2639 D VoldConnector: RCV <- {200 28 Command succeeded}
01-03 11:28:46.100  2372  2638 E VoldConnector: NDC Command {28 volume mount public:179_17 2 0} took too long (1678ms)
01-03 11:28:46.110  2372  2415 D BluetoothManagerService: Message: 30
01-03 11:28:46.110  3237  3237 D LocalBluetoothProfileManager: Adding local MAP profile
01-03 11:28:46.115  3237  3237 D BluetoothMap: Create BluetoothMap proxy object
01-03 11:28:46.115  2372  2415 D BluetoothManagerService: Message: 30
01-03 11:28:46.115  3230  3304 I ContactDirectoryManager: Discovered 0 contact directories in 475ms
01-03 11:28:46.120  2372  2415 D BluetoothManagerService: Message: 30
01-03 11:28:46.125  3237  3237 D LocalBluetoothProfileManager: LocalBluetoothProfileManager construction complete
01-03 11:28:46.135  3230  3304 I ContactsProvider: Upgrading aggregation algorithm
01-03 11:28:46.135  2372  2409 D ConnectivityService: listenForNetwork for Listen from uid/pid:10018/3237 for NetworkRequest [ id=3, legacyType=-1, [] ]
01-03 11:28:46.140  3230  3304 I ContactAggregator: Marked all visible contacts for aggregation: 0 raw contacts, 2 ms
01-03 11:28:46.150  3237  3237 I CameraManagerGlobal: Connecting to camera service
01-03 11:28:46.160  1969  3052 I CameraService: getCameraCharacteristics: Switching to HAL1 shim implementation...
01-03 11:28:46.160  1969  3052 D exynos_camera: exynos_camera_get_camera_info(0, 0x430475fc)
01-03 11:28:46.160  1969  3052 D exynos_camera: Selected camera: S5C73M3
01-03 11:28:46.160  1969  3052 I CameraService: CameraService::connect call (PID 1969 "media", camera ID 0) for HAL version default and Camera API version 1
01-03 11:28:46.160  1969  3052 E CameraService: getCameraPriorityFromProcState: Received invalid process state -1 from ActivityManagerService!
01-03 11:28:46.160  1969  3052 D exynos_camera: exynos_camera_get_number_of_cameras()
01-03 11:28:46.160  1969  3052 I CameraService: onTorchStatusChangedLocked: Torch status changed for cameraId=0, newStatus=0
01-03 11:28:46.160  1969  3052 D exynos_camera: exynos_camera_get_camera_info(0, 0x4304749c)
01-03 11:28:46.160  1969  3052 D exynos_camera: Selected camera: S5C73M3
01-03 11:28:46.165  3528  3528 W System  : ClassLoader referenced unknown path: /system/app/Email/lib/arm
01-03 11:28:46.180  1969  3554 E WVMExtractor: Failed to open libwvm.so: dlopen failed: library "libQSEEComAPI.so" not found
01-03 11:28:46.180  1969  3554 I FFmpegExtractor: android-source:0x4494bdd0
01-03 11:28:46.180  1969  3554 I FFmpegExtractor: adjust mime(application/ogg -> audio/vorbis)
01-03 11:28:46.180  1969  3554 D FFmpegExtractor: suppoted codec(vorbis) by official Stagefright
01-03 11:28:46.180  1969  3554 D FFmpegExtractor: ffmpeg detected media content as 'audio/vorbis' with confidence 0.08
01-03 11:28:46.185  3230  3304 I ContactsProvider: Aggregation algorithm upgraded for 0 raw contacts in 47ms
01-03 11:28:46.190  1969  3553 D NuPlayerDriver: notifyListener_l(0x445f3c30), (1, 0, 0)
01-03 11:28:46.195  1969  3558 I FFmpegExtractor: android-source:0x4001dd88
01-03 11:28:46.200  1969  3558 I FFmpegExtractor: adjust mime(application/ogg -> audio/vorbis)
01-03 11:28:46.200  1969  3558 D FFmpegExtractor: suppoted codec(vorbis) by official Stagefright
01-03 11:28:46.200  1969  3558 D FFmpegExtractor: ffmpeg detected media content as 'audio/vorbis' with confidence 0.08
01-03 11:28:46.205  1969  3557 D NuPlayerDriver: notifyListener_l(0x403bb570), (1, 0, 0)
01-03 11:28:46.210  1969  3561 I FFmpegExtractor: android-source:0x4170b7a8
01-03 11:28:46.210  1969  3561 I FFmpegExtractor: adjust mime(application/ogg -> audio/vorbis)
01-03 11:28:46.210  1969  3561 D FFmpegExtractor: suppoted codec(vorbis) by official Stagefright
01-03 11:28:46.210  1969  3561 D FFmpegExtractor: ffmpeg detected media content as 'audio/vorbis' with confidence 0.08
01-03 11:28:46.220  1969  3560 D NuPlayerDriver: notifyListener_l(0x4170b038), (1, 0, 0)
01-03 11:28:46.225  1969  3052 I CameraClient: Opening camera 0
01-03 11:28:46.225  1969  3052 D exynos_camera: exynos_camera_get_camera_info(0, 0x43047474)
01-03 11:28:46.225  1969  3052 D exynos_camera: Selected camera: S5C73M3
01-03 11:28:46.225  1969  3052 D exynos_camera: exynos_camera_open(0x4100a004, 0, 0x4170c80c)
01-03 11:28:46.235  3528  3567 D ActivityThread: Loading provider com.android.email.provider;com.android.email.notifier: com.android.email.provider.EmailProvider
01-03 11:28:46.250  3230  3304 I ContactsFTS: Rebuild contact search index in 64ms, 0 contacts
01-03 11:28:46.250  3528  3568 D ActivityThread: Loading provider com.android.email.provider;com.android.email.notifier: com.android.email.provider.EmailProvider
01-03 11:28:46.250  3528  3528 D ActivityThread: Loading provider com.android.email.provider;com.android.email.notifier: com.android.email.provider.EmailProvider
01-03 11:28:46.260  3528  3573 D ActivityThread: Loading provider com.android.email.provider;com.android.email.notifier: com.android.email.provider.EmailProvider
01-03 11:28:46.295  2372  2411 E NetdConnector: NDC Command {3 strict enable} took too long (1174ms)
01-03 11:28:46.310  2372  2411 W System  : ClassLoader referenced unknown path: /system/framework/ConnectivityExt.jar
01-03 11:28:46.310  2372  2411 W ConnectivityExtension: Connectivity extension is not available
01-03 11:28:46.455  2372  2411 D PermissionMonitor: Monitoring
01-03 11:28:46.465  2372  2411 D PermissionMonitor: Users: 1, Apps: 67
01-03 11:28:46.470  1969  1969 E bt_a2dp_hw: adev_set_parameters: ERROR: set param called even when stream out is null
01-03 11:28:46.470  2372  2415 D BluetoothManagerService: Message: 30
01-03 11:28:46.470  2372  2411 I SystemServiceManager: Starting phase 600
01-03 11:28:46.475  2372  2415 D BluetoothManagerService: Message: 30
01-03 11:28:46.475  1969  3051 I AudioFlinger: systemReady
01-03 11:28:46.495  2372  2411 I BackupManagerService: Backup enabled => false
01-03 11:28:46.505  2372  3587 E WVMExtractor: Failed to open libwvm.so: dlopen failed: library "libQSEEComAPI.so" not found
01-03 11:28:46.505  2372  3587 I FFmpegExtractor: android-source:0x56fe72b8
01-03 11:28:46.505  2372  2411 E InputMethodManagerService: Ignoring updateSystemUiLocked due to an invalid token. uid:1000 token:null
01-03 11:28:46.510  2372  3587 I FFmpegExtractor: adjust mime(application/ogg -> audio/vorbis)
01-03 11:28:46.510  2372  3587 D FFmpegExtractor: suppoted codec(vorbis) by official Stagefright
01-03 11:28:46.510  2372  3587 D FFmpegExtractor: ffmpeg detected media content as 'audio/vorbis' with confidence 0.08
01-03 11:28:46.515  2372  2411 W InputMethodManagerService: Reset the default IME as "Resource" is ready here.
01-03 11:28:46.525  2372  3589 I OMXClient: Using client-side OMX mux.
01-03 11:28:46.525  2372  2411 I InputMethodManagerService: Selected default: com.android.inputmethod.latin/.LatinIME
01-03 11:28:46.530  2372  3589 E SEC_COMP_REGS: .
01-03 11:28:46.530  2372  3589 E SEC_COMP_REGS: ..
01-03 11:28:46.530  2372  3589 E SEC_COMP_REGS: libOMX.SEC.AVC.Decoder.so
01-03 11:28:46.530  2372  3589 E SEC_COMP_REGS: Path & libName : /system/lib/omx/libOMX.SEC.AVC.Decoder.so
01-03 11:28:46.530  2372  3589 E SEC_COMP_REGS: libOMX.SEC.AVC.Encoder.so
01-03 11:28:46.530  2372  3589 E SEC_COMP_REGS: Path & libName : /system/lib/omx/libOMX.SEC.AVC.Encoder.so
01-03 11:28:46.530  2372  3069 V KeyValueBackupJob: Scheduling k/v pass in 249 minutes
01-03 11:28:46.535  2372  3589 E SEC_COMP_REGS: libOMX.SEC.M4V.Decoder.so
01-03 11:28:46.535  2372  3589 E SEC_COMP_REGS: Path & libName : /system/lib/omx/libOMX.SEC.M4V.Decoder.so
01-03 11:28:46.540  2372  3589 E SEC_COMP_REGS: libOMX.SEC.M4V.Encoder.so
01-03 11:28:46.540  2372  3589 E SEC_COMP_REGS: Path & libName : /system/lib/omx/libOMX.SEC.M4V.Encoder.so
01-03 11:28:46.540  2372  2411 I ActivityManager: Start proc 3590:com.android.inputmethod.latin/u0a43 for service com.android.inputmethod.latin/.LatinIME
01-03 11:28:46.540  2372  2411 V InputMethodManagerService: Adding window token: android.os.Binder@6b5c8c2
01-03 11:28:46.540  2372  2372 W InputMethodManagerService: Illegal subtype state: old subtype = null, new subtype = android.view.inputmethod.InputMethodSubtype@c9194f98
01-03 11:28:46.550  2372  3589 E SEC_COMP_REGS: libOMX.SEC.WMV.Decoder.so
01-03 11:28:46.550  2372  3589 E SEC_COMP_REGS: Path & libName : /system/lib/omx/libOMX.SEC.WMV.Decoder.so
01-03 11:28:46.560  1969  3052 E exynos_param: exynos_param_string_get: Unable to get data for key recording-hint
01-03 11:28:46.565  2372  2411 W linker  : /system/lib/hw/gps.exynos4.so has text relocations. This is wasting memory and prevents security hardening. Please fix.
01-03 11:28:46.565  2372  2411 D libgps  : gps_proxy_get_gps_interface()
01-03 11:28:46.565  2372  2411 D libgps  : proxy_gps_get_extension()
01-03 11:28:46.565  2372  2411 D libgps  : proxy_gps_get_extension()
01-03 11:28:46.565  2372  2411 D libgps  : proxy_gps_get_extension()
01-03 11:28:46.565  2372  2411 D libgps  : proxy_gps_get_extension()
01-03 11:28:46.565  2372  2411 D libgps  : proxy_gps_get_extension()
01-03 11:28:46.565  2372  2411 D libgps  : proxy_gps_get_extension()
01-03 11:28:46.565  2372  2411 E libgps  : proxy_gps_get_extension: Unsupported GpsInterface extension: "gps_geofencing"
01-03 11:28:46.565  2372  2411 E gpslogd : Interface "gps_geofencing" is not supported
01-03 11:28:46.565  2372  2411 D libgps  : proxy_gps_get_extension()
01-03 11:28:46.565  2372  2411 E libgps  : proxy_gps_get_extension: Unsupported GpsInterface extension: "gps_measurement"
01-03 11:28:46.565  2372  2411 E gpslogd : Interface "gps_measurement" is not supported
01-03 11:28:46.565  2372  2411 D libgps  : proxy_gps_get_extension()
01-03 11:28:46.565  2372  2411 E libgps  : proxy_gps_get_extension: Unsupported GpsInterface extension: "gps_navigation_message"
01-03 11:28:46.565  2372  2411 E gpslogd : Interface "gps_navigation_message" is not supported
01-03 11:28:46.565  2372  2411 D libgps  : proxy_gps_get_extension()
01-03 11:28:46.565  2372  2411 E libgps  : proxy_gps_get_extension: Unsupported GpsInterface extension: "gnss_configuration"
01-03 11:28:46.565  2372  2411 E gpslogd : Interface "gnss_configuration" is not supported
01-03 11:28:46.575  2372  2411 W ServiceWatcher: com.google.android.gms not found
01-03 11:28:46.575  2372  2411 W ServiceWatcher: com.google.android.gms not found
01-03 11:28:46.580  2372  2411 W ServiceWatcher: com.google.android.gms not found
01-03 11:28:46.580  2372  2410 D GpsLocationProvider: Reset GPS properties, previous size = 0
01-03 11:28:46.580  2372  2410 D GpsLocationProvider: GpsParamsResource: SUPL_HOST=supl.google.com
01-03 11:28:46.580  2372  2410 D GpsLocationProvider: GpsParamsResource: SUPL_PORT=7275
01-03 11:28:46.580  2372  2410 D GpsLocationProvider: GpsParamsResource: NTP_SERVER=north-america.pool.ntp.org
01-03 11:28:46.580  2372  2410 D GpsLocationProvider: GpsParamsResource: SUPL_VER=0x20000
01-03 11:28:46.580  2372  2411 W ServiceWatcher: com.google.android.gms not found
01-03 11:28:46.580  2372  2410 D GpsLocationProvider: GpsParamsResource: SUPL_MODE=1
01-03 11:28:46.580  2372  2411 W LocationManagerService: no network location provider found
01-03 11:28:46.580  2372  2411 E LocationManagerService: no geocoder provider found
01-03 11:28:46.585  2372  2411 E FlpHardwareProvider: Error hw_get_module 'flp': -2
01-03 11:28:46.585  2372  2411 W ServiceWatcher: com.google.android.gms not found
01-03 11:28:46.585  1969  3052 D exynos_camera: exynos_camera_params_apply: Preview size: 960x720, picture size: 3264x2448, recording size: 1280x720
01-03 11:28:46.585  1969  3052 D exynos_camera: exynos_camera_capture_thread_start()
01-03 11:28:46.585  1969  3052 D exynos_camera: exynos_camera_set_callbacks(0x4001c118, 0x4170c808)
01-03 11:28:46.585  1969  3052 D exynos_camera: exynos_camera_enable_msg_type(0x4001c118, 3085)
01-03 11:28:46.585  1969  3052 D exynos_camera: exynos_camera_get_parameters(0x4001c118)
01-03 11:28:46.585  1969  3052 D exynos_camera: exynos_camera_put_parameters(0x4001c118)
01-03 11:28:46.585  1969  3052 D exynos_camera: exynos_camera_disable_msg_type(0x4001c118, 65535)
01-03 11:28:46.585  1969  3052 D exynos_camera: exynos_camera_stop_preview(0x4001c118)
01-03 11:28:46.585  1969  3052 D exynos_camera: exynos_camera_preview_stop()
01-03 11:28:46.585  1969  3052 E exynos_camera: Preview was already stopped!
01-03 11:28:46.585  2372  2411 E ActivityRecognitionHardware: Error hw_get_module: -2
01-03 11:28:46.585  2372  2411 E LocationManagerService: FLP HAL not supported
01-03 11:28:46.585  2372  2411 E LocationManagerService: Unable to bind FLP Geofence proxy.
01-03 11:28:46.590  2372  2411 W ServiceWatcher: com.google.android.gms not found
01-03 11:28:46.590  2372  2372 W System  : ClassLoader referenced unknown path: /system/priv-app/FusedLocation/lib/arm
01-03 11:28:46.590  2372  2411 E ActivityRecognitionProxy: ServiceWatcher could not start.
01-03 11:28:46.590  1969  3052 D exynos_camera: exynos_camera_cancel_picture(0x4001c118)
01-03 11:28:46.590  1969  3052 D exynos_camera: exynos_camera_picture_stop()
01-03 11:28:46.590  1969  3052 E exynos_camera: Picture was already stopped!
01-03 11:28:46.590  1969  3052 D exynos_camera: exynos_camera_release(0x4001c118)
01-03 11:28:46.590  1969  3052 D exynos_camera: exynos_camera_capture_thread_stop()
01-03 11:28:46.590  1969  3597 E exynos_camera: exynos_camera_capture_thread: Starting thread
01-03 11:28:46.590  1969  3597 E exynos_camera: exynos_camera_capture_thread: Exiting thread
01-03 11:28:46.590  2372  2411 E LocationManagerService: Hardware Activity-Recognition not supported.
01-03 11:28:46.590  2372  2411 E LocationManagerService: Unable to bind ActivityRecognitionProxy.
01-03 11:28:46.595  2372  2412 I ActivityManager: Config changes=20 {1.0 ?mcc?mnc en_US ldltr sw360dp w360dp h616dp 320dpi nrml long port finger -keyb/v/h -nav/h s.6 themeResource=null}
01-03 11:28:46.605  2372  2411 I CommonTimeManagementService: No common time service detected on this platform.  Common time services will be unavailable.
01-03 11:28:46.605  2372  2411 I MmsServiceBroker: Delay connecting to MmsService until an API is called
01-03 11:28:46.610  2372  2637 I InputReader: Reconfiguring input devices.  changes=0x00000020
01-03 11:28:46.610  2372  2410 D GpsLocationProvider: GPS properties reloaded, size = 8
01-03 11:28:46.610  2372  2410 D libgps  : proxy_agps_set_server()
01-03 11:28:46.620  2372  2410 D gpslogd : agps_set_server: Waiting for IPC connection...
01-03 11:28:46.620  2372  2372 V WiredAccessoryManager: init()
01-03 11:28:46.635  2372  3587 I FFmpegExtractor: android-source:0x4dac0c20
01-03 11:28:46.635  2372  3587 I FFmpegExtractor: adjust mime(application/ogg -> audio/vorbis)
01-03 11:28:46.635  2372  3587 D FFmpegExtractor: suppoted codec(vorbis) by official Stagefright
01-03 11:28:46.635  2372  3587 D FFmpegExtractor: ffmpeg detected media content as 'audio/vorbis' with confidence 0.08
01-03 11:28:46.640  1969  3052 I CameraFlashlight: Destroying camera 0
01-03 11:28:46.640  1969  3052 D exynos_camera: exynos_camera_close(0x4001c118)
01-03 11:28:46.645  1969  3052 I CameraService: onTorchStatusChangedLocked: Torch status changed for cameraId=0, newStatus=1
01-03 11:28:46.645  1969  3052 D exynos_camera: exynos_camera_get_number_of_cameras()
01-03 11:28:46.645  1969  3052 I CameraService: onTorchStatusChangedLocked: Torch status changed for cameraId=0, newStatus=1
01-03 11:28:46.645  1969  3052 I CameraService: disconnect: Disconnected client for camera 0 for PID 1969
01-03 11:28:46.645  1969  3052 D NuPlayerDriver: reset(0x445f3c30)
01-03 11:28:46.645  1969  3052 D NuPlayerDriver: notifyListener_l(0x445f3c30), (8, 0, 0)
01-03 11:28:46.645  1969  3553 W AMessage: failed to post message as target looper for handler 0 is gone.
01-03 11:28:46.645  1969  3553 D NuPlayerDriver: notifyResetComplete(0x445f3c30)
01-03 11:28:46.645  1969  3052 D NuPlayerDriver: reset(0x403bb570)
01-03 11:28:46.645  1969  3052 D NuPlayerDriver: notifyListener_l(0x403bb570), (8, 0, 0)
01-03 11:28:46.645  1969  3557 W AMessage: failed to post message as target looper for handler 0 is gone.
01-03 11:28:46.645  1969  3557 D NuPlayerDriver: notifyResetComplete(0x403bb570)
01-03 11:28:46.645  1969  3052 D NuPlayerDriver: reset(0x4170b038)
01-03 11:28:46.645  1969  3052 D NuPlayerDriver: notifyListener_l(0x4170b038), (8, 0, 0)
01-03 11:28:46.645  2372  2411 D com.android.server.ThemeService: Previous api level not found. First time booting?
01-03 11:28:46.645  1969  3560 W AMessage: failed to post message as target looper for handler 0 is gone.
01-03 11:28:46.645  2372  2411 D com.android.server.ThemeService: Prev api level was: -1, api is now: 23
01-03 11:28:46.645  2372  2411 D com.android.server.ThemeService: The system has been upgraded to a theme new api, checking if currently set theme is compatible
01-03 11:28:46.645  1969  3560 D NuPlayerDriver: notifyResetComplete(0x4170b038)
01-03 11:28:46.650  1969  2365 I CameraService: getCameraCharacteristics: Switching to HAL1 shim implementation...
01-03 11:28:46.650  1969  2365 D exynos_camera: exynos_camera_get_camera_info(1, 0x42e495fc)
01-03 11:28:46.650  1969  2365 D exynos_camera: Selected camera: S5K6A3
01-03 11:28:46.650  1969  2365 I CameraService: CameraService::connect call (PID 1969 "media", camera ID 1) for HAL version default and Camera API version 1
01-03 11:28:46.650  1969  2365 E CameraService: getCameraPriorityFromProcState: Received invalid process state -1 from ActivityManagerService!
01-03 11:28:46.650  1969  2365 D exynos_camera: exynos_camera_get_number_of_cameras()
01-03 11:28:46.650  1969  2365 I CameraService: onTorchStatusChangedLocked: Torch status changed for cameraId=0, newStatus=0
01-03 11:28:46.650  1969  2365 D exynos_camera: exynos_camera_get_camera_info(1, 0x42e4949c)
01-03 11:28:46.650  1969  2365 D exynos_camera: Selected camera: S5K6A3
01-03 11:28:46.655  1969  3612 I FFmpegExtractor: android-source:0x41711298
01-03 11:28:46.655  1969  3612 I FFmpegExtractor: adjust mime(application/ogg -> audio/vorbis)
01-03 11:28:46.655  1969  3612 D FFmpegExtractor: suppoted codec(vorbis) by official Stagefright
01-03 11:28:46.655  1969  3612 D FFmpegExtractor: ffmpeg detected media content as 'audio/vorbis' with confidence 0.08
01-03 11:28:46.655  2372  2637 I InputReader: Reconfiguring input devices.  changes=0x00000010
01-03 11:28:46.660  2372  3613 I OMXClient: Using client-side OMX mux.
01-03 11:28:46.660  2372  3613 E SEC_COMP_REGS: .
01-03 11:28:46.660  2372  3613 E SEC_COMP_REGS: ..
01-03 11:28:46.660  2372  3613 E SEC_COMP_REGS: libOMX.SEC.AVC.Decoder.so
01-03 11:28:46.660  2372  3613 E SEC_COMP_REGS: Path & libName : /system/lib/omx/libOMX.SEC.AVC.Decoder.so
01-03 11:28:46.665  1969  3611 D NuPlayerDriver: notifyListener_l(0x445f3c30), (1, 0, 0)
01-03 11:28:46.665  1969  3616 I FFmpegExtractor: android-source:0x41712918
01-03 11:28:46.670  1969  3616 I FFmpegExtractor: adjust mime(application/ogg -> audio/vorbis)
01-03 11:28:46.670  1969  3616 D FFmpegExtractor: suppoted codec(vorbis) by official Stagefright
01-03 11:28:46.670  2372  3613 E SEC_COMP_REGS: libOMX.SEC.AVC.Encoder.so
01-03 11:28:46.670  1969  3616 D FFmpegExtractor: ffmpeg detected media content as 'audio/vorbis' with confidence 0.08
01-03 11:28:46.670  2372  3613 E SEC_COMP_REGS: Path & libName : /system/lib/omx/libOMX.SEC.AVC.Encoder.so
01-03 11:28:46.670  2372  2411 I ActivityManager: Start proc 3614:org.cyanogenmod.themes.provider/u0a20 for content provider org.cyanogenmod.themes.provider/.ThemesProvider
01-03 11:28:46.675  2372  3613 E SEC_COMP_REGS: libOMX.SEC.M4V.Decoder.so
01-03 11:28:46.675  2372  3613 E SEC_COMP_REGS: Path & libName : /system/lib/omx/libOMX.SEC.M4V.Decoder.so
01-03 11:28:46.675  1969  3615 D NuPlayerDriver: notifyListener_l(0x41712300), (1, 0, 0)
01-03 11:28:46.680  2372  3613 E SEC_COMP_REGS: libOMX.SEC.M4V.Encoder.so
01-03 11:28:46.680  2372  3613 E SEC_COMP_REGS: Path & libName : /system/lib/omx/libOMX.SEC.M4V.Encoder.so
01-03 11:28:46.680  2372  3613 E SEC_COMP_REGS: libOMX.SEC.WMV.Decoder.so
01-03 11:28:46.680  2372  3613 E SEC_COMP_REGS: Path & libName : /system/lib/omx/libOMX.SEC.WMV.Decoder.so
01-03 11:28:46.700  1969  3625 I FFmpegExtractor: android-source:0x417141a8
01-03 11:28:46.700  1969  3625 I FFmpegExtractor: adjust mime(application/ogg -> audio/vorbis)
01-03 11:28:46.700  1969  3625 D FFmpegExtractor: suppoted codec(vorbis) by official Stagefright
01-03 11:28:46.700  1969  3625 D FFmpegExtractor: ffmpeg detected media content as 'audio/vorbis' with confidence 0.08
01-03 11:28:46.710  1969  3621 D NuPlayerDriver: notifyListener_l(0x41713b00), (1, 0, 0)
01-03 11:28:46.710  1969  2365 I CameraClient: Opening camera 1
01-03 11:28:46.710  1969  2365 D exynos_camera: exynos_camera_get_camera_info(1, 0x42e49474)
01-03 11:28:46.710  1969  2365 D exynos_camera: Selected camera: S5K6A3
01-03 11:28:46.710  1969  2365 D exynos_camera: exynos_camera_open(0x4100a004, 1, 0x41715274)
01-03 11:28:46.710  2372  3225 W ActivityManager: Unable to start service Intent { cmp=com.android.email/.service.AttachmentService } U=0: not found
01-03 11:28:46.725  2372  3587 I FFmpegExtractor: android-source:0x4dac0c20
01-03 11:28:46.725  2372  3587 I FFmpegExtractor: adjust mime(application/ogg -> audio/vorbis)
01-03 11:28:46.725  2372  3587 D FFmpegExtractor: suppoted codec(vorbis) by official Stagefright
01-03 11:28:46.725  2372  3587 D FFmpegExtractor: ffmpeg detected media content as 'audio/vorbis' with confidence 0.08
01-03 11:28:46.725  2372  3131 W ActivityManager: Unable to start service Intent { act=com.android.mail.action.BACKUP_DATA_CHANGED pkg=com.android.email } U=0: not found
01-03 11:28:46.730  2372  2409 W ActivityManager: Unable to start service Intent { act=com.android.mail.action.BACKUP_DATA_CHANGED pkg=com.android.email } U=0: not found
01-03 11:28:46.730  2372  3179 W ActivityManager: Unable to start service Intent { act=com.android.mail.action.BACKUP_DATA_CHANGED pkg=com.android.email } U=0: not found
01-03 11:28:46.735  2372  2408 W ActivityManager: Unable to start service Intent { act=com.android.mail.action.BACKUP_DATA_CHANGED pkg=com.android.email } U=0: not found
01-03 11:28:46.745  2372  3131 W ActivityManager: Unable to start service Intent { act=com.android.mail.action.BACKUP_DATA_CHANGED pkg=com.android.email } U=0: not found
01-03 11:28:46.745  2372  3227 W ActivityManager: Unable to start service Intent { act=com.android.mail.action.BACKUP_DATA_CHANGED pkg=com.android.email } U=0: not found
01-03 11:28:46.745  2372  3225 W ActivityManager: Unable to start service Intent { act=com.android.mail.action.BACKUP_DATA_CHANGED pkg=com.android.email } U=0: not found
01-03 11:28:46.750  2372  3635 I OMXClient: Using client-side OMX mux.
01-03 11:28:46.750  2372  3227 W ActivityManager: Unable to start service Intent { cmp=com.android.email/.service.AttachmentService } U=0: not found
01-03 11:28:46.755  2372  3635 E SEC_COMP_REGS: .
01-03 11:28:46.755  2372  3635 E SEC_COMP_REGS: ..
01-03 11:28:46.755  2372  3635 E SEC_COMP_REGS: libOMX.SEC.AVC.Decoder.so
01-03 11:28:46.755  2372  3635 E SEC_COMP_REGS: Path & libName : /system/lib/omx/libOMX.SEC.AVC.Decoder.so
01-03 11:28:46.760  3528  3634 I Email   : Observing account changes for notifications
01-03 11:28:46.765  2372  3635 E SEC_COMP_REGS: libOMX.SEC.AVC.Encoder.so
01-03 11:28:46.765  2372  3635 E SEC_COMP_REGS: Path & libName : /system/lib/omx/libOMX.SEC.AVC.Encoder.so
01-03 11:28:46.770  3614  3614 W System  : ClassLoader referenced unknown path: /system/priv-app/ThemesProvider/lib/arm
01-03 11:28:46.775  2372  3635 E SEC_COMP_REGS: libOMX.SEC.M4V.Decoder.so
01-03 11:28:46.775  2372  3635 E SEC_COMP_REGS: Path & libName : /system/lib/omx/libOMX.SEC.M4V.Decoder.so
01-03 11:28:46.790  2372  3635 E SEC_COMP_REGS: libOMX.SEC.M4V.Encoder.so
01-03 11:28:46.790  2372  3635 E SEC_COMP_REGS: Path & libName : /system/lib/omx/libOMX.SEC.M4V.Encoder.so
01-03 11:28:46.790  2372  3635 E SEC_COMP_REGS: libOMX.SEC.WMV.Decoder.so
01-03 11:28:46.790  2372  3635 E SEC_COMP_REGS: Path & libName : /system/lib/omx/libOMX.SEC.WMV.Decoder.so
01-03 11:28:46.835  2372  3587 I FFmpegExtractor: android-source:0x4dac0c20
01-03 11:28:46.840  2372  3587 I FFmpegExtractor: adjust mime(application/ogg -> audio/vorbis)
01-03 11:28:46.840  2372  3587 D FFmpegExtractor: suppoted codec(vorbis) by official Stagefright
01-03 11:28:46.840  2372  3587 D FFmpegExtractor: ffmpeg detected media content as 'audio/vorbis' with confidence 0.08
01-03 11:28:46.845  3590  3590 I LatinIME: Hardware accelerated drawing: true
01-03 11:28:46.850  2372  3639 I OMXClient: Using client-side OMX mux.
01-03 11:28:46.855  2372  3639 E SEC_COMP_REGS: .
01-03 11:28:46.855  2372  3639 E SEC_COMP_REGS: ..
01-03 11:28:46.855  2372  3639 E SEC_COMP_REGS: libOMX.SEC.AVC.Decoder.so
01-03 11:28:46.855  2372  3639 E SEC_COMP_REGS: Path & libName : /system/lib/omx/libOMX.SEC.AVC.Decoder.so
01-03 11:28:46.860  2372  3639 E SEC_COMP_REGS: libOMX.SEC.AVC.Encoder.so
01-03 11:28:46.860  2372  3639 E SEC_COMP_REGS: Path & libName : /system/lib/omx/libOMX.SEC.AVC.Encoder.so
01-03 11:28:46.860  2372  3639 E SEC_COMP_REGS: libOMX.SEC.M4V.Decoder.so
01-03 11:28:46.860  2372  3639 E SEC_COMP_REGS: Path & libName : /system/lib/omx/libOMX.SEC.M4V.Decoder.so
01-03 11:28:46.865  3528  3567 W art     : Long monitor contention event with owner method=boolean android.os.BinderProxy.transactNative(int, android.os.Parcel, android.os.Parcel, int) from Binder.java:4294967294 waiters=0 for 606ms
01-03 11:28:46.865  3528  3568 W art     : Long monitor contention event with owner method=boolean android.os.BinderProxy.transactNative(int, android.os.Parcel, android.os.Parcel, int) from Binder.java:4294967294 waiters=1 for 605ms
01-03 11:28:46.865  3528  3573 W art     : Long monitor contention event with owner method=boolean android.os.BinderProxy.transactNative(int, android.os.Parcel, android.os.Parcel, int) from Binder.java:4294967294 waiters=2 for 598ms
01-03 11:28:46.865  2372  3639 E SEC_COMP_REGS: libOMX.SEC.M4V.Encoder.so
01-03 11:28:46.865  2372  3639 E SEC_COMP_REGS: Path & libName : /system/lib/omx/libOMX.SEC.M4V.Encoder.so
01-03 11:28:46.875  2372  3639 E SEC_COMP_REGS: libOMX.SEC.WMV.Decoder.so
01-03 11:28:46.875  2372  3639 E SEC_COMP_REGS: Path & libName : /system/lib/omx/libOMX.SEC.WMV.Decoder.so
01-03 11:28:46.875  2372  3131 W ActivityManager: Unable to start service Intent { cmp=com.android.email/.service.AttachmentService } U=0: not found
01-03 11:28:46.895  2372  3179 W ActivityManager: Unable to start service Intent { cmp=com.android.email/.service.AttachmentService } U=0: not found
01-03 11:28:46.915  2372  2409 W ActivityManager: Unable to start service Intent { cmp=com.android.email/.service.AttachmentService } U=0: not found
01-03 11:28:46.925  3528  3572 W art     : Long monitor contention event with owner method=com.android.mail.preferences.MailPrefs com.android.mail.preferences.MailPrefs.get(android.content.Context) from MailPrefs.java:4294967295 waiters=0 for 662ms
01-03 11:28:46.925  2372  3587 I FFmpegExtractor: android-source:0x4dac0c20
01-03 11:28:46.925  2372  3587 I FFmpegExtractor: adjust mime(application/ogg -> audio/vorbis)
01-03 11:28:46.925  2372  3587 D FFmpegExtractor: suppoted codec(vorbis) by official Stagefright
01-03 11:28:46.925  2372  3587 D FFmpegExtractor: ffmpeg detected media content as 'audio/vorbis' with confidence 0.08
01-03 11:28:46.930  3495  3495 I Exchange: EasService.onCreate
01-03 11:28:46.945  2372  2411 D com.android.server.ThemeService: Current overlay theme is same as default. Not doing anything for mods_status_bar
01-03 11:28:46.945  2372  2411 D com.android.server.ThemeService: Current overlay theme is same as default. Not doing anything for mods_navigation_bar
01-03 11:28:46.945  2372  2411 D com.android.server.ThemeService: Current overlay theme is same as default. Not doing anything for mods_overlays
01-03 11:28:46.945  2372  2411 D com.android.server.ThemeService: Current theme is compatible with the system. Not unapplying anything
01-03 11:28:46.945  3495  3648 I Exchange: RestartPingTask
01-03 11:28:46.945  2372  3647 I OMXClient: Using client-side OMX mux.
