E/AEE/DUMPSTATE( 5750): copy_process: execv /system/xbin/proc_mem failed(2), No such file or directory
E/AEE/DUMPSTATE( 5751): copy_process: execv /system/bin/dmlog failed(2), No such file or directory
D/BootAnimation(  289): [BootAnimation movie 882]8,delay=41
D/BootAnimation(  289): [BootAnimation checkExit 707]exitnow=0
D/BootAnimation(  289): [BootAnimation movie 844]i=1,r=119,j=23,lastFrame=279000159712(279000 ms),file=loop854_00088.png
D/BootAnimation(  289): [BootAnimation movie 847]glBindTexture,i=1,r=119,j=23,frame.tid=24,name=loop854_00088.png
D/BootAnimation(  289): [BootAnimation movie 882]1,delay=48
D/BootAnimation(  289): [BootAnimation checkExit 707]exitnow=0
D/BootAnimation(  289): [BootAnimation movie 844]i=1,r=119,j=24,lastFrame=279050360020(279050 ms),file=loop854_00089.png
D/BootAnimation(  289): [BootAnimation movie 847]glBindTexture,i=1,r=119,j=24,frame.tid=25,name=loop854_00089.png
D/BootAnimation(  289): [BootAnimation movie 882]1,delay=48
D/BootAnimation(  289): [BootAnimation checkExit 707]exitnow=0
D/BootAnimation(  289): [BootAnimation movie 844]i=1,r=119,j=25,lastFrame=279100500250(279100 ms),file=loop854_00090.png
D/BootAnimation(  289): [BootAnimation movie 847]glBindTexture,i=1,r=119,j=25,frame.tid=26,name=loop854_00090.png
D/BootAnimation(  289): [BootAnimation movie 882]1,delay=48
D/BootAnimation(  289): [BootAnimation checkExit 707]exitnow=0
D/BootAnimation(  289): [BootAnimation movie 844]i=1,r=119,j=26,lastFrame=279150638635(279150 ms),file=loop854_00091.png
D/BootAnimation(  289): [BootAnimation movie 847]glBindTexture,i=1,r=119,j=26,frame.tid=27,name=loop854_00091.png
D/BootAnimation(  289): [BootAnimation movie 882]1,delay=48
D/BootAnimation(  289): [BootAnimation checkExit 707]exitnow=0
D/BootAnimation(  289): [BootAnimation movie 844]i=1,r=119,j=27,lastFrame=279200804327(279200 ms),file=loop854_00092.png
D/BootAnimation(  289): [BootAnimation movie 847]glBindTexture,i=1,r=119,j=27,frame.tid=28,name=loop854_00092.png
D/BootAnimation(  289): [BootAnimation movie 882]1,delay=48
D/BootAnimation(  289): [BootAnimation checkExit 707]exitnow=0
D/BootAnimation(  289): [BootAnimation movie 844]i=1,r=119,j=28,lastFrame=279250944020(279250 ms),file=loop854_00093.png
D/BootAnimation(  289): [BootAnimation movie 847]glBindTexture,i=1,r=119,j=28,frame.tid=29,name=loop854_00093.png
D/BootAnimation(  289): [BootAnimation movie 882]1,delay=48
D/BootAnimation(  289): [BootAnimation checkExit 707]exitnow=0
D/BootAnimation(  289): [BootAnimation movie 844]i=1,r=119,j=29,lastFrame=279301057635(279301 ms),file=loop854_00094.png
D/BootAnimation(  289): [BootAnimation movie 847]glBindTexture,i=1,r=119,j=29,frame.tid=30,name=loop854_00094.png
D/BootAnimation(  289): [BootAnimation movie 882]1,delay=48
D/ADB_SERVICES(  147): adb fdevent_process list (17) (11) 
W/ADB_SERVICES(  147): create_local_service_socket() name=shell:export ANDROID_LOG_TAGS="" ; exec logcat
W/ADB_SERVICES(  147): LS(1): bound to 'shell:export ANDROID_LOG_TAGS="" ; exec logcat' via 18
W/ADB_SERVICES( 5752): adb: unable to open /proc/5752/oom_adj
D/ADB_SERVICES(  147): adb local_socket_ready list (18) 
D/ADB_SERVICES(  147): adb socket read list (18) 
D/ADB_SERVICES(  147): read_data=40
D/ADB_SERVICES(  147): max_read_time=0.000069 max_send_time=0.000032 
D/BootAnimation(  289): [BootAnimation checkExit 707]exitnow=0
D/BootAnimation(  289): [BootAnimation movie 844]i=1,r=119,j=30,lastFrame=279351172712(279351 ms),file=loop854_00095.png
D/BootAnimation(  289): [BootAnimation movie 847]glBindTexture,i=1,r=119,j=30,frame.tid=31,name=loop854_00095.png
D/BootAnimation(  289): [BootAnimation movie 882]2,delay=47
D/BootAnimation(  289): [BootAnimation checkExit 707]exitnow=0
D/BootAnimation(  289): [BootAnimation movie 844]i=1,r=119,j=31,lastFrame=279401288943(279401 ms),file=loop854_00096.png
D/BootAnimation(  289): [BootAnimation movie 847]glBindTexture,i=1,r=119,j=31,frame.tid=32,name=loop854_00096.png
D/BootAnimation(  289): [BootAnimation movie 882]2,delay=47
I/BufferQueue(  119): [BootAnimation](this:0x41de1e10,api:1) [release] fps:18.67, dur:1017.47, max:146.41, min:29.63
I/SurfaceFlinger(  119): [SurfaceFlinger] fps:18.675327,dur:1017.39,max:146.39,min:29.59
D/BootAnimation(  289): [BootAnimation checkExit 707]exitnow=0
D/BootAnimation(  289): [BootAnimation movie 844]i=1,r=119,j=32,lastFrame=279451449250(279451 ms),file=loop854_00097.png
D/BootAnimation(  289): [BootAnimation movie 847]glBindTexture,i=1,r=119,j=32,frame.tid=33,name=loop854_00097.png
D/BootAnimation(  289): [BootAnimation movie 882]2,delay=47
I/SurfaceTextureClient(  289): [STC::queueBuffer] (this:0x4129fe38) fps:18.60, dur:1021.77, max:106.00, min:44.62
I/BufferQueue(  119): [FramebufferSurface](this:0x41dd94b8,api:1) [queue] fps:18.93, dur:1056.66, max:117.40, min:19.55
D/BootAnimation(  289): [BootAnimation checkExit 707]exitnow=0
D/BootAnimation(  289): [BootAnimation movie 844]i=1,r=119,j=33,lastFrame=279501615404(279501 ms),file=loop854_00098.png
D/BootAnimation(  289): [BootAnimation movie 847]glBindTexture,i=1,r=119,j=33,frame.tid=34,name=loop854_00098.png
D/BootAnimation(  289): [BootAnimation movie 882]1,delay=48
D/BootAnimation(  289): [BootAnimation checkExit 707]exitnow=0
D/BootAnimation(  289): [BootAnimation movie 844]i=1,r=119,j=34,lastFrame=279551748404(279551 ms),file=loop854_00099.png
D/BootAnimation(  289): [BootAnimation movie 847]glBindTexture,i=1,r=119,j=34,frame.tid=35,name=loop854_00099.png
D/BootAnimation(  289): [BootAnimation movie 882]1,delay=48
D/BootAnimation(  289): [BootAnimation checkExit 707]exitnow=0
D/BootAnimation(  289): [BootAnimation movie 844]i=1,r=119,j=35,lastFrame=279601884943(279601 ms),file=loop854_00100.png
D/BootAnimation(  289): [BootAnimation movie 847]glBindTexture,i=1,r=119,j=35,frame.tid=36,name=loop854_00100.png
D/BootAnimation(  289): [BootAnimation movie 882]2,delay=47
D/BootAnimation(  289): [BootAnimation checkExit 707]exitnow=0
D/BootAnimation(  289): [BootAnimation movie 844]i=1,r=119,j=36,lastFrame=279652010097(279652 ms),file=loop854_00101.png
D/BootAnimation(  289): [BootAnimation movie 847]glBindTexture,i=1,r=119,j=36,frame.tid=37,name=loop854_00101.png
D/BootAnimation(  289): [BootAnimation movie 882]1,delay=48
D/BootAnimation(  289): [BootAnimation checkExit 707]exitnow=0
D/BootAnimation(  289): [BootAnimation movie 844]i=1,r=119,j=37,lastFrame=279702186558(279702 ms),file=loop854_00102.png
D/BootAnimation(  289): [BootAnimation movie 847]glBindTexture,i=1,r=119,j=37,frame.tid=38,name=loop854_00102.png
D/BootAnimation(  289): [BootAnimation movie 882]1,delay=48
I/SurfaceTextureClient(  119): [STC::queueBuffer] (this:0x41dd9f88) fps:18.90, dur:1005.52, max:120.34, min:32.13
I/BufferQueue(  119): [FramebufferSurface](this:0x41dd94b8,api:1) [release] fps:18.90, dur:1005.52, max:120.36, min:32.13
D/BootAnimation(  289): [BootAnimation checkExit 707]exitnow=0
D/BootAnimation(  289): [BootAnimation movie 844]i=1,r=119,j=38,lastFrame=279752304866(279752 ms),file=loop854_00103.png
D/BootAnimation(  289): [BootAnimation movie 847]glBindTexture,i=1,r=119,j=38,frame.tid=39,name=loop854_00103.png
D/BootAnimation(  289): [BootAnimation movie 882]1,delay=48
D/BootAnimation(  289): [BootAnimation checkExit 707]exitnow=0
D/BootAnimation(  289): [BootAnimation movie 844]i=1,r=119,j=39,lastFrame=279802432097(279802 ms),file=loop854_00104.png
D/BootAnimation(  289): [BootAnimation movie 847]glBindTexture,i=1,r=119,j=39,frame.tid=40,name=loop854_00104.png
D/BootAnimation(  289): [BootAnimation movie 882]2,delay=47
I/BufferQueue(  119): [BootAnimation](this:0x41de1e10,api:1) [queue] fps:18.58, dur:1022.36, max:106.05, min:44.85
D/BootAnimation(  289): [BootAnimation checkExit 707]exitnow=0
D/BootAnimation(  289): [BootAnimation movie 844]i=1,r=119,j=40,lastFrame=279852564250(279852 ms),file=loop854_00105.png
D/BootAnimation(  289): [BootAnimation movie 847]glBindTexture,i=1,r=119,j=40,frame.tid=41,name=loop854_00105.png
D/BootAnimation(  289): [BootAnimation movie 882]1,delay=48
D/BootAnimation(  289): [BootAnimation checkExit 707]exitnow=0
D/BootAnimation(  289): [BootAnimation movie 844]i=1,r=119,j=41,lastFrame=279902713635(279902 ms),file=loop854_00106.png
D/BootAnimation(  289): [BootAnimation movie 847]glBindTexture,i=1,r=119,j=41,frame.tid=42,name=loop854_00106.png
I/AEE/DUMPSTATE( 5728): join multi thread dump done!
I/AEE/DUMPSTATE( 5728): done
D/AEE/AED ( 5727): aed_report_archive: pack files in /data/aee_exp/temp/db.pw5727
D/AEE/AED ( 5727): put_in_archive: Archive file /data/aee_exp/temp/db.pw5727/__exp_main.txt, size 10706
D/AEE/AED ( 5727): put_in_archive: Archive file /data/aee_exp/temp/db.pw5727/_exp_detail.txt, size 9701
D/AEE/AED ( 5727): put_in_archive: Archive file /data/aee_exp/temp/db.pw5727/PROCESS_FILE_STATE, size 12334
D/AEE/AED ( 5727): put_in_archive: Archive file /data/aee_exp/temp/db.pw5727/PROCESS_STATE, size 816
D/AEE/AED ( 5727): put_in_archive: Archive file /data/aee_exp/temp/db.pw5727/PROCESS_OOM_SCORE, size 2
D/AEE/AED ( 5727): put_in_archive: Archive file /data/aee_exp/temp/db.pw5727/PROCESS_OOM_ADJ, size 4
D/AEE/AED ( 5727): put_in_archive: Archive file /data/aee_exp/temp/db.pw5727/PROCESS_CMDLINE, size 76
D/AEE/AED ( 5727): put_in_archive: Archive file /data/aee_exp/temp/db.pw5727/PROCESS_ENVIRONMENT, size 973
D/AEE/AED ( 5727): put_in_archive: Archive file /data/aee_exp/temp/db.pw5727/PROCESS_SCHED, size 2376
D/AEE/AED ( 5727): put_in_archive: Archive file /data/aee_exp/temp/db.pw5727/PROCESS_SHOWMAP, size 20933
D/AEE/AED ( 5727): put_in_archive: Archive file /data/aee_exp/temp/db.pw5727/PROCESS_MAPS, size 68908
D/AEE/LIBAEE( 5665): shell: got the request (cmd:Ind,AE_IND_LOG_CLOSE)
D/AEE/LIBAEE( 5665): shell: Got session close ind from AED
I/SystemServer( 5665): LockSettingsService
D/BootAnimation(  289): [BootAnimation movie 882]79,delay=-29
D/BootAnimation(  289): [BootAnimation checkExit 707]exitnow=0
D/BootAnimation(  289): [BootAnimation movie 844]i=1,r=119,j=42,lastFrame=279981928097(279981 ms),file=loop854_00107.png
D/BootAnimation(  289): [BootAnimation movie 847]glBindTexture,i=1,r=119,j=42,frame.tid=43,name=loop854_00107.png
I/SystemServer( 5665): Device Policy
I/SystemServer( 5665): Status Bar
D/BootAnimation(  289): [BootAnimation movie 882]108,delay=-58
D/BootAnimation(  289): [BootAnimation checkExit 707]exitnow=0
D/BootAnimation(  289): [BootAnimation movie 844]i=1,r=119,j=43,lastFrame=280090694789(280090 ms),file=loop854_00108.png
D/BootAnimation(  289): [BootAnimation movie 847]glBindTexture,i=1,r=119,j=43,frame.tid=44,name=loop854_00108.png
I/SystemServer( 5665): Clipboard Service
I/SystemServer( 5665): NetworkManagement Service
D/NetworkManagementService( 5665): Creating NetworkManagementService
D/NetworkManagementService( 5665): Awaiting socket connection
D/NetworkManagementService( 5665): Connected
I/SystemServer( 5665): Text Service Manager Service
D/AEE/AED ( 5727): put_in_archive: Archive file /data/aee_exp/temp/db.pw5727/PROCESS_PAGEMAP, size 6258688
D/BootAnimation(  289): [BootAnimation movie 882]91,delay=-41
D/BootAnimation(  289): [BootAnimation checkExit 707]exitnow=0
D/BootAnimation(  289): [BootAnimation movie 844]i=1,r=120,j=0,lastFrame=280182365250(280182 ms),file=loop854_00065.png
D/BootAnimation(  289): [BootAnimation movie 847]glBindTexture,i=1,r=120,j=0,frame.tid=1,name=loop854_00065.png
D/AEE/AED ( 5727): put_in_archive: Archive file /data/aee_exp/temp/db.pw5727/SYS_M4UMVA, size 1802492
V/Provider/Settings( 5665): from db cache, name = selected_spell_checker , value = null
W/TextServicesManagerService( 5665): no available spell checker services found
I/SystemServer( 5665): NetworkStats Service
V/Provider/Settings( 5665): from db cache, name = ntp_server , value = null
V/Provider/Settings( 5665): from db cache, name = ntp_timeout , value = null
D/NtpTrustedTime( 5665): creating NtpTrustedTime using asia.pool.ntp.org
I/SystemServer( 5665): NetworkPolicy Service
D/AEE/AED ( 5727): put_in_archive: Archive file /data/aee_exp/temp/db.pw5727/SYS_ANDROID_LOG, size 586486
D/AEE/AED ( 5727): put_in_archive: Archive file /data/aee_exp/temp/db.pw5727/SYS_ANDROID_EVENT_LOG, size 41705
D/AEE/AED ( 5727): put_in_archive: Archive file /data/aee_exp/temp/db.pw5727/SYS_ANDROID_RADIO_LOG, size 148089
D/AEE/AED ( 5727): put_in_archive: Archive file /data/aee_exp/temp/db.pw5727/SYS_EVENT_LOG_TAGS, size 13988
D/AEE/AED ( 5727): put_in_archive: Archive file /data/aee_exp/temp/db.pw5727/SYS_MEMORY_INFO, size 1036
D/AEE/AED ( 5727): put_in_archive: Archive file /data/aee_exp/temp/db.pw5727/SYS_PROC_SCHED_DEBUG, size 7613
D/AEE/AED ( 5727): put_in_archive: Archive file /data/aee_exp/temp/db.pw5727/SYS_CPU_INFO, size 2445
D/AEE/AED ( 5727): put_in_archive: Archive file /data/aee_exp/temp/db.pw5727/SYS_VIRTUAL_MEMORY_STATS, size 1537
D/AEE/AED ( 5727): put_in_archive: Archive file /data/aee_exp/temp/db.pw5727/SYS_VMALLOC_INFO, size 4640
D/AEE/AED ( 5727): put_in_archive: Archive file /data/aee_exp/temp/db.pw5727/SYS_ZONEINFO, size 1165
D/AEE/AED ( 5727): put_in_archive: Archive file /data/aee_exp/temp/db.pw5727/SYS_BUDDY_INFO, size 100
D/AEE/AED ( 5727): put_in_archive: Archive file /data/aee_exp/temp/db.pw5727/SYS_NETWORK_STATE, size 843
D/AEE/AED ( 5727): put_in_archive: Archive file /data/aee_exp/temp/db.pw5727/SYS_PROCRANK, size 0
D/BootAnimation(  289): [BootAnimation movie 882]65,delay=-15
D/BootAnimation(  289): [BootAnimation checkExit 707]exitnow=0
D/BootAnimation(  289): [BootAnimation movie 844]i=1,r=120,j=1,lastFrame=280248046404(280248 ms),file=loop854_00066.png
D/BootAnimation(  289): [BootAnimation movie 847]glBindTexture,i=1,r=120,j=1,frame.tid=2,name=loop854_00066.png
D/AEE/AED ( 5727): put_in_archive: Archive file /data/aee_exp/temp/db.pw5727/SCREEN.png, size 24865
D/AEE/AED ( 5727): put_in_archive: Archive file /data/aee_exp/temp/db.pw5727/SYS_LIBRANK, size 0
D/AEE/AED ( 5727): put_in_archive: Archive file /data/aee_exp/temp/db.pw5727/SYS_PROPERTIES, size 8407
D/AEE/AED ( 5727): put_in_archive: Archive file /data/aee_exp/temp/db.pw5727/SYS_KERNEL_LOG, size 131072
D/AEE/AED ( 5727): put_in_archive: Archive file /data/aee_exp/temp/db.pw5727/SYS_KERNEL_CPUFREQ, size 53
D/BootAnimation(  289): [BootAnimation movie 882]17,delay=32
D/AEE/AED ( 5727): put_in_archive: Archive file /data/aee_exp/temp/db.pw5727/SYS_PROCESSES_AND_THREADS, size 23210
D/AEE/AED ( 5727): put_in_archive: Archive file /data/aee_exp/temp/db.pw5727/SYS_FILE_SYSTEMS, size 542
D/AEE/AED ( 5727): put_in_archive: Archive file /data/aee_exp/temp/db.pw5727/SYS_PACKAGE_SETTINGS, size 69662
D/AEE/AED ( 5727): put_in_archive: Archive file /data/aee_exp/temp/db.pw5727/SYS_PACKAGE_UID_ERRORS, size 60
D/AEE/AED ( 5727): put_in_archive: Archive file /data/aee_exp/temp/db.pw5727/SYS_BACKLIGHTS, size 91
D/AEE/AED ( 5727): put_in_archive: Archive file /data/aee_exp/temp/db.pw5727/SYS_VERSION_INFO, size 4669
D/AEE/AED ( 5727): put_in_archive: Archive file /data/aee_exp/temp/db.pw5727/DUMPSYS_ACTIVITY, size 2253
D/AEE/AED ( 5727): put_in_archive: Archive file /data/aee_exp/temp/db.pw5727/DUMPSYS_WINDOW, size 2257
D/AEE/AED ( 5727): put_in_archive: Archive file /data/aee_exp/temp/db.pw5727/SYS_LOW_MEMORY_KILLER, size 45
D/AEE/AED ( 5727): put_in_archive: Archive file /data/aee_exp/temp/db.pw5727/SYS_PROC_MEM, size 0
D/AEE/AED ( 5727): put_in_archive: Archive file /data/aee_exp/temp/db.pw5727/SYS_MEMORY_LOG, size 0
D/AEE/AED ( 5727): put_in_archive: Archive file /data/aee_exp/temp/db.pw5727/ZZ_INTERNAL, size 106
I/AEE/AED ( 5727): aed_report_archive: pack /data/aee_exp/temp/db.pw5727/CURRENT.dbg completed
I/AEE/AED ( 5727): *** INDEX: '/data/aee_exp/db.02' from /data/aee_exp/temp/db.pw5727 ***
I/AEE/AED ( 5727): aed_report_complete: OK find db slot /data/aee_exp/db.02
D/AEE/AED ( 5757): notify_ok: am broadcast calling for /data/aee_exp/db.02
D/BootAnimation(  289): [BootAnimation checkExit 707]exitnow=0
D/BootAnimation(  289): [BootAnimation movie 844]i=1,r=120,j=2,lastFrame=280298217789(280298 ms),file=loop854_00067.png
D/BootAnimation(  289): [BootAnimation movie 847]glBindTexture,i=1,r=120,j=2,frame.tid=3,name=loop854_00067.png
D/BootAnimation(  289): [BootAnimation movie 882]2,delay=47
D/NetworkPolicy( 5665): initDataUsageSimInfo num=2
I/SystemServer( 5665): Wi-Fi P2pService
D/WifiP2pService( 5665): P2pDisabledState
I/SystemServer( 5665): Wi-Fi Service
D/BootAnimation(  289): [BootAnimation checkExit 707]exitnow=0
D/BootAnimation(  289): [BootAnimation movie 844]i=1,r=120,j=3,lastFrame=280349826173(280349 ms),file=loop854_00068.png
D/BootAnimation(  289): [BootAnimation movie 847]glBindTexture,i=1,r=120,j=3,frame.tid=4,name=loop854_00068.png
D/BootAnimation(  289): [BootAnimation movie 882]1,delay=48
D/AndroidRuntime( 5757): 
D/AndroidRuntime( 5757): >>>>>> AndroidRuntime START com.android.internal.os.RuntimeInit (tool) <<<<<<
D/AndroidRuntime( 5757): JNI trace buf :-Xjnitrace:
D/AndroidRuntime( 5757): CheckJNI is OFF
D/AndroidRuntime( 5757): language=-Duser.language=zh region=-Duser.region=CN
D/BootAnimation(  289): [BootAnimation checkExit 707]exitnow=0
D/BootAnimation(  289): [BootAnimation movie 844]i=1,r=120,j=4,lastFrame=280400001327(280400 ms),file=loop854_00069.png
D/BootAnimation(  289): [BootAnimation movie 847]glBindTexture,i=1,r=120,j=4,frame.tid=5,name=loop854_00069.png
D/dalvikvm( 5757): Trying to load lib libjavacore.so 0x0
D/dalvikvm( 5757): Added shared lib libjavacore.so 0x0
D/dalvikvm( 5757): Trying to load lib libnativehelper.so 0x0
D/dalvikvm( 5757): Added shared lib libnativehelper.so 0x0
D/MediatekClassFactory( 5665): createInstance(): Begin = 280435
D/MediatekClassFactory( 5665): create Instance with :  interface com.mediatek.common.wifi.IWifiFwkExt
D/MediatekClassFactory( 5665): create Instance from operator library :  com.mediatek.op.wifi.WifiFwkExtOP01
D/MediatekClassFactory( 5665): getInstanceHelper: paramType=class android.content.Context, actualType=class android.app.ContextImpl
D/MediatekClassFactory( 5665): Parameter matched
D/MediatekClassFactory( 5665): Constructor matched
D/MediatekClassFactory( 5665): createInstance(): End = 280436
D/dalvikvm( 5757): Elevating priority from 0 to -8
D/jdwp    ( 5757): prepping for JDWP over ADB
D/jdwp    ( 5757): ADB transport startup
D/jdwp    ( 5757): JDWP: thread running
D/jdwp    ( 5757): acceptConnection
D/jdwp    ( 5757): trying to receive file descriptor from ADB
D/ADB_SERVICES(  147): Adding socket 19 pid 5757 to jdwp process list
D/BootAnimation(  289): [BootAnimation movie 882]42,delay=7
D/BootAnimation(  289): [BootAnimation checkExit 707]exitnow=0
D/BootAnimation(  289): [BootAnimation movie 844]i=1,r=120,j=5,lastFrame=280450974635(280450 ms),file=loop854_00070.png
D/BootAnimation(  289): [BootAnimation movie 847]glBindTexture,i=1,r=120,j=5,frame.tid=6,name=loop854_00070.png
D/BootAnimation(  289): [BootAnimation movie 882]1,delay=48
D/dalvikvm( 5757): Note: class Landroid/app/ActivityManagerNative; has 162 unimplemented (abstract) methods
I/BufferQueue(  119): [BootAnimation](this:0x41de1e10,api:1) [release] fps:16.09, dur:1056.68, max:137.13, min:19.57
I/SurfaceFlinger(  119): [SurfaceFlinger] fps:16.087868,dur:1056.70,max:137.20,min:19.60
D/MediatekClassFactory( 5665): createInstance(): Begin = 280467
D/MediatekClassFactory( 5665): create Instance with :  interface com.mediatek.common.wifi.IWifiFwkExt
D/MediatekClassFactory( 5665): create Instance from operator library :  com.mediatek.op.wifi.WifiFwkExtOP01
D/MediatekClassFactory( 5665): getInstanceHelper: paramType=class android.content.Context, actualType=class android.app.ContextImpl
D/MediatekClassFactory( 5665): Parameter matched
D/MediatekClassFactory( 5665): Constructor matched
D/MediatekClassFactory( 5665): createInstance(): End = 280467
I/SurfaceTextureClient(  289): [STC::queueBuffer] (this:0x4129fe38) fps:16.76, dur:1014.44, max:123.21, min:16.86
V/Provider/Settings( 5665): from db cache, name = wifi_suspend_optimizations_enabled , value = null
V/Provider/Settings( 5665): from db cache, name = wifi_hotspot_auto_disable , value = null
D/StateMachine( 5665): completeConstruction: E
D/StateMachine( 5665): completeConstruction: maxDepth=6
D/StateMachine( 5665): setupInitialStateStack: E mInitialState=InitialState
D/StateMachine( 5665): moveTempStackToStateStack: i=1,j=0
D/StateMachine( 5665): moveTempStackToStateStack: i=0,j=1
D/StateMachine( 5665): moveTempStackToStateStack: X mStateStackTop=1,startingIndex=0,Top=InitialState
D/StateMachine( 5665): completeConstruction: X
D/StateMachine( 5665): handleMessage: E msg.what=-2
D/StateMachine( 5665): invokeEnterMethods: DefaultState
D/StateMachine( 5665): invokeEnterMethods: InitialState
D/WifiStateMachine( 5665): InitialState
D/WifiCommon( 5665): Check driver status: not loaded
D/StateMachine( 5665): transitionTo: destState=DriverUnloadedState
D/NetdConnector( 5665): SND -> {1 interface ipv6 wlan0 disable}
D/BootAnimation(  289): [BootAnimation checkExit 707]exitnow=0
D/BootAnimation(  289): [BootAnimation movie 844]i=1,r=120,j=6,lastFrame=280501120712(280501 ms),file=loop854_00071.png
D/BootAnimation(  289): [BootAnimation movie 847]glBindTexture,i=1,r=120,j=6,frame.tid=7,name=loop854_00071.png
I/BufferQueue(  119): [FramebufferSurface](this:0x41dd94b8,api:1) [queue] fps:16.71, dur:1017.55, max:156.55, min:19.55
V/Provider/Settings( 5665): from db cache, name = wifi_networks_available_repeat_delay , value = null
V/Provider/Settings( 5665): from db cache, name = wifi_networks_available_notification_on , value = 1
I/SystemServer( 5665): Connectivity Service
D/ConnectivityService( 5665): ConnectivityService starting up
D/FrameworkListener( 5434): dispatchCommand data = (1 interface ipv6 wlan0 disable)
D/CommandListener( 5434): interface ipv6 wlan0 disable
E/CommandListener( 5434): Failed to open /proc/sys/net/ipv6/conf/wlan0/disable_ipv6: No such file or directory
D/SocketClient( 5434): SocketClient msg = Failed to change IPv6 state
D/SocketClient( 5434): SocketClient sendDatalocked done: 400 1 Failed to change IPv6 state (No such file or directory)
V/Provider/Settings( 5665): from db cache, name = default_dns_server , value = null
V/Provider/Settings( 5665): from db cache, name = network_preference , value = 1
D/ConnectivityService( 5665): new UsbDataStateTracker
E/MobileDataStateTracker( 5665): MobileDataStateReceiver add target tracker [rcse]
E/MobileDataStateTracker( 5665): MobileDataStateReceiver add target tracker [cmmail]
E/MobileDataStateTracker( 5665): MobileDataStateReceiver add target tracker [net]
E/MobileDataStateTracker( 5665): MobileDataStateReceiver add target tracker [wap]
E/MobileDataStateTracker( 5665): MobileDataStateReceiver add target tracker [dm]
E/MobileDataStateTracker( 5665): MobileDataStateReceiver add target tracker [hipri]
E/MobileDataStateTracker( 5665): MobileDataStateReceiver add target tracker [dun]
E/MobileDataStateTracker( 5665): MobileDataStateReceiver add target tracker [cbs]
E/MobileDataStateTracker( 5665): MobileDataStateReceiver add target tracker [ims]
E/MobileDataStateTracker( 5665): MobileDataStateReceiver add target tracker [fota]
E/MobileDataStateTracker( 5665): MobileDataStateReceiver add target tracker [supl]
E/MobileDataStateTracker( 5665): MobileDataStateReceiver add target tracker [mms]
D/WifiManager( 5665): Enter init, sThreadRefCount:0
D/WifiManager( 5665): Create WifiManager handlerthread
D/WifiService( 5665): New client listening to asynchronous messages
D/WifiStateMachine( 5665): shouldStartWifi, mDeviceIdle:false, currentState:android.net.wifi.WifiStateMachine$InitialState@4116dd18
E/MobileDataStateTracker( 5665): MobileDataStateReceiver add target tracker [default]
E/MobileDataStateTracker( 5665): default: Ignoring feature request because could not acquire PhoneService
E/MobileDataStateTracker( 5665): default: Could not enable APN type "default"
D/AndroidRuntime( 5757): Calling main entry com.android.commands.am.Am
D/BootAnimation(  289): [BootAnimation movie 882]92,delay=-42
D/BootAnimation(  289): [BootAnimation checkExit 707]exitnow=0
D/BootAnimation(  289): [BootAnimation movie 844]i=1,r=120,j=7,lastFrame=280593438020(280593 ms),file=loop854_00072.png
D/BootAnimation(  289): [BootAnimation movie 847]glBindTexture,i=1,r=120,j=7,frame.tid=8,name=loop854_00072.png
D/NetdConnector( 5665): RCV <- {400 1 Failed to change IPv6 state (No such file or directory)}
E/ActivityManager( 5665): Attempt to launch receivers of broadcast intent Intent { act=com.mediatek.log2server.EXCEPTION_HAPPEND (has extras) } before boot completion
E/ActivityManager( 5665): Activity Manager Crash
E/ActivityManager( 5665): java.lang.IllegalStateException: Cannot broadcast before boot completed
E/ActivityManager( 5665): 	at com.android.server.am.ActivityManagerService.verifyBroadcastLocked(ActivityManagerService.java)
E/ActivityManager( 5665): 	at com.android.server.am.ActivityManagerService.broadcastIntent(ActivityManagerService.java)
E/ActivityManager( 5665): 	at android.app.ActivityManagerNative.onTransact(ActivityManagerNative.java:348)
E/ActivityManager( 5665): 	at com.android.server.am.ActivityManagerService.onTransact(ActivityManagerService.java)
E/ActivityManager( 5665): 	at android.os.Binder.execTransact(Binder.java:351)
E/ActivityManager( 5665): 	at dalvik.system.NativeStart.run(Native Method)
W/System.err( 5665): java.lang.IllegalStateException: Cannot broadcast before boot completed
W/System.err( 5665): 	at com.android.server.am.ActivityManagerService.verifyBroadcastLocked(ActivityManagerService.java)
W/System.err( 5665): 	at com.android.server.am.ActivityManagerService.broadcastIntent(ActivityManagerService.java)
W/System.err( 5665): 	at android.app.ActivityManagerNative.onTransact(ActivityManagerNative.java:348)
W/System.err( 5665): 	at com.android.server.am.ActivityManagerService.onTransact(ActivityManagerService.java)
W/System.err( 5665): 	at android.os.Binder.execTransact(Binder.java:351)
W/System.err( 5665): 	at dalvik.system.NativeStart.run(Native Method)
D/NetdConnector( 5665): RMV <- {400 1 Failed to change IPv6 state (No such file or directory)}
I/AndroidRuntime( 5757): VM exiting with result code 1.
E/WifiStateMachine( 5665): Failed to disable IPv6: java.lang.IllegalStateException: command '1 interface ipv6 wlan0 disable' failed with '400 1 Failed to change IPv6 state (No such file or directory)'
D/StateMachine( 5665): handleMessage: new destination call exit
D/StateMachine( 5665): setupTempStateStackWithStatesToEnter: X mTempStateStackCount=1,curStateInfo: state=DefaultState,active=true,parent=null
D/StateMachine( 5665): invokeExitMethods: InitialState
D/StateMachine( 5665): moveTempStackToStateStack: i=0,j=1
D/StateMachine( 5665): moveTempStackToStateStack: X mStateStackTop=1,startingIndex=1,Top=DriverUnloadedState
D/StateMachine( 5665): invokeEnterMethods: DriverUnloadedState
D/WifiStateMachine( 5665): DriverUnloadedState
D/StateMachine( 5665): handleMessage: X
D/StateMachine( 5665): handleMessage: E msg.what=131154
D/StateMachine( 5665): processMsg: DriverUnloadedState
D/WifiStateMachine( 5665): DriverUnloadedState{ what=131154 when=-138ms arg1=1 target=Handler (com.android.internal.util.StateMachine$SmHandler) {4121f6e8} }
D/StateMachine( 5665): processMsg: DefaultState
D/WifiStateMachine( 5665): DefaultState{ what=131154 when=-139ms arg1=1 target=Handler (com.android.internal.util.StateMachine$SmHandler) {4121f6e8} }
D/StateMachine( 5665): handleMessage: X
D/StateMachine( 5665): handleMessage: E msg.what=69632
D/StateMachine( 5665): processMsg: DriverUnloadedState
D/WifiStateMachine( 5665): DriverUnloadedState{ what=69632 when=-138ms obj=com.android.internal.util.AsyncChannel@41131c68 target=Handler (com.android.internal.util.StateMachine$SmHandler) {4121f6e8} }
D/StateMachine( 5665): processMsg: DefaultState
D/WifiStateMachine( 5665): DefaultState{ what=69632 when=-140ms obj=com.android.internal.util.AsyncChannel@41131c68 target=Handler (com.android.internal.util.StateMachine$SmHandler) {4121f6e8} }
D/WifiP2pService( 5665): P2pDisabledState{ what=69633 when=0 target=Handler (com.android.internal.util.StateMachine$SmHandler) {4112a800} }
D/WifiP2pService( 5665): DefaultState{ what=69633 when=0 target=Handler (com.android.internal.util.StateMachine$SmHandler) {4112a800} }
D/WifiP2pService( 5665): P2pDisabledState{ what=69632 when=-1ms obj=com.android.internal.util.AsyncChannel@412490f8 target=Handler (com.android.internal.util.StateMachine$SmHandler) {4112a800} }
D/WifiP2pService( 5665): DefaultState{ what=69632 when=-1ms obj=com.android.internal.util.AsyncChannel@412490f8 target=Handler (com.android.internal.util.StateMachine$SmHandler) {4112a800} }
D/WifiP2pService( 5665): Full connection with WifiStateMachine established
D/StateMachine( 5665): handleMessage: X
D/StateMachine( 5665): handleMessage: E msg.what=131085
D/StateMachine( 5665): processMsg: DriverUnloadedState
D/WifiStateMachine( 5665): DriverUnloadedState{ what=131085 when=-53ms target=Handler (com.android.internal.util.StateMachine$SmHandler) {4121f6e8} }
D/StateMachine( 5665): processMsg: DefaultState
D/WifiStateMachine( 5665): DefaultState{ what=131085 when=-53ms target=Handler (com.android.internal.util.StateMachine$SmHandler) {4121f6e8} }
D/StateMachine( 5665): handleMessage: X
D/StateMachine( 5665): handleMessage: E msg.what=131147
D/StateMachine( 5665): processMsg: DriverUnloadedState
D/WifiStateMachine( 5665): DriverUnloadedState{ what=131147 when=-53ms target=Handler (com.android.internal.util.StateMachine$SmHandler) {4121f6e8} }
D/StateMachine( 5665): processMsg: DefaultState
D/AEE/AED ( 5727): all finished dumping /data/aee_exp/db.02.
D/Tethering( 5665): upstreamIfaceTypes.add:0
D/Tethering( 5665): upstreamIfaceTypes.add:1
D/Tethering( 5665): upstreamIfaceTypes.add:5
D/Tethering( 5665): upstreamIfaceTypes.add:7
D/Tethering( 5665): upstreamIfaceTypes.add:9
D/AEE/AED (  113): $===AEE===AEE===AEE===$
D/AEE/AED (  113): p 0 poll events 1 revents 0
D/AEE/AED (  113): not know revents:0
D/AEE/AED (  113): p 1 poll events 1 revents 0
D/AEE/AED (  113): not know revents:0
D/AEE/AED (  113): p 2 poll events 1 revents 0
D/AEE/AED (  113): not know revents:0
D/AEE/AED (  113): p 3 poll events 1 revents 0
D/AEE/AED (  113): not know revents:0
D/AEE/AED (  113): p 4 poll events 1 revents 0
D/AEE/AED (  113): not know revents:0
W/ADB_SERVICES(  147): terminating JDWP 5757 connection: Try again
D/ADB_SERVICES(  147): remove pid 5757 to jdwp process list
D/WifiStateMachine( 5665): DefaultState{ what=131147 when=-57ms target=Handler (com.android.internal.util.StateMachine$SmHandler) {4121f6e8} }
D/StateMachine( 5665): handleMessage: X
V/Provider/Settings( 5665): from db cache, name = tether_dun_required , value = null
D/Tethering( 5665): checkDunRequired:2
V/Provider/Settings( 5665): from db cache, name = tether_ipv6_feature , value = null
D/Tethering( 5665): getIpv6FeatureEnable:0
D/Tethering( 5665): upstreamIfaceTypes.add:0
D/Tethering( 5665): upstreamIfaceTypes.add:1
D/Tethering( 5665): upstreamIfaceTypes.add:5
D/Tethering( 5665): upstreamIfaceTypes.add:7
D/Tethering( 5665): upstreamIfaceTypes.add:9
V/Provider/Settings( 5665):  from settings cache , name = tether_dun_required , value = null
D/Tethering( 5665): checkDunRequired:2
V/Provider/Settings( 5665):  from settings cache , name = tether_ipv6_feature , value = null
D/Tethering( 5665): getIpv6FeatureEnable:0
D/Tethering( 5665): [MSM_Initial][Ipv6TetherMaster] enter
D/BootAnimation(  289): [BootAnimation movie 882]36,delay=13
D/Tethering( 5665): [MSM_Initial][TetherMaster] enter
V/Provider/Settings( 5665): from db cache, name = captive_portal_server , value = null
V/Provider/Settings( 5665): from db cache, name = captive_portal_detection_enabled , value = null
D/BootAnimation(  289): [BootAnimation checkExit 707]exitnow=0
D/BootAnimation(  289): [BootAnimation movie 844]i=1,r=120,j=8,lastFrame=280666250943(280666 ms),file=loop854_00073.png
D/BootAnimation(  289): [BootAnimation movie 847]glBindTexture,i=1,r=120,j=8,frame.tid=9,name=loop854_00073.png
V/Provider/Settings( 5665): from db cache, name = global_http_proxy_host , value = null
V/Provider/Settings( 5665): from db cache, name = global_http_proxy_port , value = null
V/Provider/Settings( 5665): from db cache, name = global_http_proxy_exclusion_list , value = null
V/Provider/Settings( 5665): from db cache, name = wifi_ap_connect_type , value = null
V/Provider/Settings( 5665): from db cache, name = wifi_connect_type , value = null
V/Provider/Settings( 5665):  from settings cache , name = airplane_mode_radios , value = cell,bluetooth,wifi,nfc,wimax
V/Provider/Settings( 5665):  from settings cache , name = airplane_mode_on , value = 0
V/Provider/Settings( 5665): from db cache, name = wifi_on , value = 0
D/WifiService( 5665): isAirplaneModeOn:false, getPersistedWifiState:0
V/Provider/Settings( 5665):  from settings cache , name = airplane_mode_radios , value = cell,bluetooth,wifi,nfc,wimax
V/Provider/Settings( 5665):  from settings cache , name = airplane_mode_on , value = 0
V/Provider/Settings( 5665): from db cache, name = wifi_saved_state , value = null
I/WifiService( 5665): WifiService starting up with Wi-Fi disabled
V/Provider/Settings( 5665): Global.putString(name=wifi_watchdog_on, value=1 for 0
D/Provider/Settings( 5665): put string name = wifi_watchdog_on , value = 1 userHandle = 0
D/CaptivePortalTracker( 5665): DefaultState
D/CaptivePortalTracker( 5665): NoActiveNetworkState
D/BootAnimation(  289): [BootAnimation movie 882]20,delay=29
V/Provider/Settings( 5665): from db cache, name = wifi_watchdog_on , value = 1
D/WifiWatchdogStateMachine( 5665): Watchdog enabled true
D/WifiWatchdogStateMachine( 5665): Updating secure settings
V/Provider/Settings( 5665): from db cache, name = wifi_watchdog_poor_network_test_enabled , value = null
D/WifiWatchdogStateMachine( 5665): DefaultState
D/WifiWatchdogStateMachine( 5665): WatchdogEnabledState
D/WifiWatchdogStateMachine( 5665): NotConnectedState
I/SystemServer( 5665): Network Service Discovery Service
D/BootAnimation(  289): [BootAnimation checkExit 707]exitnow=0
D/BootAnimation(  289): [BootAnimation movie 844]i=1,r=120,j=9,lastFrame=280716612327(280716 ms),file=loop854_00074.png
D/BootAnimation(  289): [BootAnimation movie 847]glBindTexture,i=1,r=120,j=9,frame.tid=10,name=loop854_00074.png
V/Provider/Settings( 5665): from db cache, name = nsd_on , value = null
D/NsdService( 5665): Network service discovery enabled true
V/ActivityManager( 5665): Broadcast sticky: Intent { act=android.net.nsd.STATE_CHANGED flg=0x48000010 (has extras) } ordered=false userid=-1 callerApp=ProcessRecord{41014528 5665:system/1000}
D/BootAnimation(  289): [BootAnimation movie 882]15,delay=34
I/SurfaceTextureClient(  119): [STC::queueBuffer] (this:0x41dd9f88) fps:15.72, dur:1017.63, max:152.14, min:18.08
I/BufferQueue(  119): [FramebufferSurface](this:0x41dd94b8,api:1) [release] fps:15.72, dur:1017.64, max:152.14, min:18.06
I/SystemServer( 5665): Throttle Service
I/SystemServer( 5665): UpdateLock Service
V/ActivityManager( 5665): Broadcast sticky: Intent { act=android.os.UpdateLock.UPDATE_LOCK_CHANGED flg=0x48000010 (has extras) } ordered=false userid=-1 callerApp=ProcessRecord{41014528 5665:system/1000}
D/BootAnimation(  289): [BootAnimation checkExit 707]exitnow=0
D/BootAnimation(  289): [BootAnimation movie 844]i=1,r=120,j=10,lastFrame=280766733789(280766 ms),file=loop854_00075.png
D/BootAnimation(  289): [BootAnimation movie 847]glBindTexture,i=1,r=120,j=10,frame.tid=11,name=loop854_00075.png
D/BootAnimation(  289): [BootAnimation movie 882]10,delay=39
D/BootAnimation(  289): [BootAnimation checkExit 707]exitnow=0
D/BootAnimation(  289): [BootAnimation movie 844]i=1,r=120,j=11,lastFrame=280816890019(280816 ms),file=loop854_00076.png
D/BootAnimation(  289): [BootAnimation movie 847]glBindTexture,i=1,r=120,j=11,frame.tid=12,name=loop854_00076.png
D/BootAnimation(  289): [BootAnimation movie 882]16,delay=33
I/BufferQueue(  119): [BootAnimation](this:0x41de1e10,api:1) [queue] fps:15.55, dur:1028.83, max:133.15, min:4.60
V/SyncManager( 5665): File is broken,write a new accounts.xml info
D/BootAnimation(  289): [BootAnimation checkExit 707]exitnow=0
D/BootAnimation(  289): [BootAnimation movie 844]i=1,r=120,j=12,lastFrame=280867029250(280867 ms),file=loop854_00077.png
D/BootAnimation(  289): [BootAnimation movie 847]glBindTexture,i=1,r=120,j=12,frame.tid=13,name=loop854_00077.png
D/BootAnimation(  289): [BootAnimation movie 882]1,delay=48
D/MediatekClassFactory( 5665): createInstance(): Begin = 280903
D/MediatekClassFactory( 5665): create Instance with :  interface com.mediatek.common.IFwkExt
D/MediatekClassFactory( 5665): create Instance from operator library :  com.mediatek.op.FwkExtOP01
E/FWKEXT  ( 5665): FwkExt Contrustor !
E/FWKEXTOP01( 5665): FwkExtOP01 Contrustor !
D/MediatekClassFactory( 5665): createInstance(): End = 280904
D/BootAnimation(  289): [BootAnimation checkExit 707]exitnow=0
D/BootAnimation(  289): [BootAnimation movie 844]i=1,r=120,j=13,lastFrame=280917193712(280917 ms),file=loop854_00078.png
D/BootAnimation(  289): [BootAnimation movie 847]glBindTexture,i=1,r=120,j=13,frame.tid=14,name=loop854_00078.png
D/BootAnimation(  289): [BootAnimation movie 882]1,delay=48
I/SystemServer( 5665): Notification Manager
V/Provider/Settings( 5665):  from settings cache , name = device_provisioned , value = 0
V/Provider/Settings( 5665): from db cache, name = notification_light_pulse , value = 1
I/SystemServer( 5665): Device Storage Monitor
V/Provider/Settings( 5665): from db cache, name = sys_free_storage_log_interval , value = null
V/Provider/Settings( 5665): from db cache, name = disk_free_change_reporting_threshold , value = null
I/SystemServer( 5665): Location Manager
I/SystemServer( 5665): Country Detector
I/SystemServer( 5665): Search Service
I/SystemServer( 5665): Search Engine Service
D/MediatekClassFactory( 5665): createInstance(): Begin = 280963
D/MediatekClassFactory( 5665): create Instance with :  interface com.mediatek.common.search.ISearchEngineManagerService
D/MediatekClassFactory( 5665): create Instance from mediatek-framework library :  com.mediatek.search.SearchEngineManagerService
D/MediatekClassFactory( 5665): getInstanceHelper: paramType=class android.content.Context, actualType=class android.app.ContextImpl
D/MediatekClassFactory( 5665): Parameter matched
D/MediatekClassFactory( 5665): Constructor matched
D/MediatekClassFactory( 5665): createInstance(): End = 280964
I/SystemServer( 5665): DropBox Service
I/SystemServer( 5665): Wallpaper Service
D/BootAnimation(  289): [BootAnimation checkExit 707]exitnow=0
D/BootAnimation(  289): [BootAnimation movie 844]i=1,r=120,j=14,lastFrame=280967342789(280967 ms),file=loop854_00079.png
D/BootAnimation(  289): [BootAnimation movie 847]glBindTexture,i=1,r=120,j=14,frame.tid=15,name=loop854_00079.png
D/BootAnimation(  289): [BootAnimation movie 882]1,delay=48
V/WallpaperManagerService( 5665): WallpaperService startup
V/WallpaperManagerService( 5665): loadSettingsLocked
W/WallpaperManagerService( 5665): no current wallpaper -- first boot?
I/SystemServer( 5665): Audio Service
I/dalvikvm( 5665): Could not find method android.view.VolumePanel.createSliders, referenced from method android.view.VolumePanel.access$700
W/dalvikvm( 5665): VFY: unable to resolve direct method 10519: Landroid/view/VolumePanel;.createSliders ()V
D/dalvikvm( 5665): VFY: replacing opcode 0x70 at 0x0000
D/BootAnimation(  289): [BootAnimation checkExit 707]exitnow=0
D/BootAnimation(  289): [BootAnimation movie 844]i=1,r=120,j=15,lastFrame=281017670096(281017 ms),file=loop854_00080.png
D/BootAnimation(  289): [BootAnimation movie 847]glBindTexture,i=1,r=120,j=15,frame.tid=16,name=loop854_00080.png
D/BootAnimation(  289): [BootAnimation movie 882]1,delay=48
D/MediatekClassFactory( 5665): createInstance(): Begin = 281052
D/MediatekClassFactory( 5665): create Instance with :  interface com.mediatek.common.media.IAudioServiceExt
D/MediatekClassFactory( 5665): create Instance from operator library :  com.mediatek.op.media.AudioServiceExtOP01
D/MediatekClassFactory( 5665): createInstance(): End = 281053
D/AudioService( 5665): plugin cameraSoundForced: true
V/Provider/Settings( 5665): from db cache, name = audio_safe_volume_state , value = null
V/Provider/Settings( 5665): from db cache, name = mode_ringer , value = 2
V/Provider/Settings( 5665): get setting for user -2 by user 0 so skipping cache
V/Provider/Settings( 5665): from db cache, name = mode_ringer_streams_affected , value = 38
I/Provider/Settings( 5665): call-query of user -2 by 0 so not updating cache
D/Provider/Settings( 5665): put string name = mode_ringer_streams_affected , value = 38 userHandle = -2
V/Provider/Settings( 5665): from db cache, name = dock_audio_media_enabled , value = null
V/Provider/Settings( 5665): get setting for user -2 by user 0 so skipping cache
V/Provider/Settings( 5665): from db cache, name = mute_streams_affected , value = 46
I/Provider/Settings( 5665): call-query of user -2 by 0 so not updating cache
V/Provider/Settings( 5665): get setting for user -2 by user 0 so skipping cache
V/Provider/Settings( 5665): from db cache, name = volume_master_mute , value = null
I/Provider/Settings( 5665): call-query of user -2 by 0 so not updating cache
D/AudioMTKPolicyManager( 5433): setForceUse() usage 4, config 11, mPhoneState 0
D/AudioMTKPolicyManager( 5433): getNewDevice() selected device 0 output= 2
D/AudioMTKPolicyManager( 5433): setOutputDevice() output 2 device 0000 delayMs 0
D/AudioMTKPolicyManager( 5433): checkDeviceMuteStrategies outputDesc = 0x4175ddf8 prevDevice = 2 delayMs = 0
D/AudioFlinger( 5433): registerClient() client 0x420751e8, pid 5665
D/AudioFlinger( 5433): sendIoConfigEvent() num events 1 event 0, param 0
D/AudioFlinger( 5433): thread 0x4175ea18 type 0 TID 5662 waking up
D/PowerManagerService( 5665): acquireWakeLockInternal: lock=1093688584, flags=0x1, tag="AudioOut_2", ws=null, uid=1013, pid=5433
D/AudioFlinger( 5433): acquireWakeLock_l() AudioOut_2 status 0
D/AudioFlinger( 5433): processConfigEvents() remaining events 1
D/AudioFlinger( 5433): PlaybackThread::audioConfigChanged_l, thread 0x4175ea18, event 0, param 0
D/AudioMTKPolicyManager( 5433): setOutputDevice() setting same device 0000 or null device for output 2
V/ActivityManager( 5665): Broadcast sticky: Intent { act=android.media.MASTER_MUTE_CHANGED_ACTION flg=0x68000010 (has extras) } ordered=false userid=-1 callerApp=ProcessRecord{41014528 5665:system/1000}
D/AudioMTKPolicyManager( 5433): setForceUse() usage 3, config 0, mPhoneState 0
D/AudioMTKPolicyManager( 5433): getNewDevice() selected device 0 output= 2
D/AudioMTKPolicyManager( 5433): setOutputDevice() output 2 device 0000 delayMs 0
V/ActivityManager( 5665): Broadcast sticky: Intent { act=android.media.RINGER_MODE_CHANGED flg=0x68000010 (has extras) } ordered=false userid=-1 callerApp=ProcessRecord{41014528 5665:system/1000}
D/AudioMTKPolicyManager( 5433): checkDeviceMuteStrategies outputDesc = 0x4175ddf8 prevDevice = 2 delayMs = 0
D/AudioMTKPolicyManager( 5433): setOutputDevice() setting same device 0000 or null device for output 2
V/Provider/Settings( 5665): get setting for user -2 by user 0 so skipping cache
V/Provider/Settings( 5665): from db cache, name = media_button_receiver , value = null
I/Provider/Settings( 5665): call-query of user -2 by 0 so not updating cache
D/AudioMTKPolicyManager( 5433): initStreamVolume() stream 0, min 0, max 5
V/Provider/Settings( 5665): get setting for user -2 by user 0 so skipping cache
V/Provider/Settings( 5665): from db cache, name = volume_voice_earpiece , value = null
I/Provider/Settings( 5665): call-query of user -2 by 0 so not updating cache
V/Provider/Settings( 5665): get setting for user -2 by user 0 so skipping cache
V/Provider/Settings( 5665): from db cache, name = volume_voice_speaker , value = null
I/Provider/Settings( 5665): call-query of user -2 by 0 so not updating cache
V/Provider/Settings( 5665): get setting for user -2 by user 0 so skipping cache
V/Provider/Settings( 5665): from db cache, name = volume_voice_headset , value = null
I/Provider/Settings( 5665): call-query of user -2 by 0 so not updating cache
V/Provider/Settings( 5665): get setting for user -2 by user 0 so skipping cache
V/Provider/Settings( 5665): from db cache, name = volume_voice_headphone , value = null
I/Provider/Settings( 5665): call-query of user -2 by 0 so not updating cache
V/Provider/Settings( 5665): get setting for user -2 by user 0 so skipping cache
V/Provid