D/AwesomePlayer( 5433): @@[SF_PROPERTY]sched_setscheduler ok..., priority:95
I/AwesomePlayer( 5433): play 
I/AwesomePlayer( 5433): play_l:mFlags=0x10
I/AwesomePlayer( 5433): play_l:startAudioPlayer_l
D/MtkOmxAudioDecBase( 5433): MtkOmxAudioDecodeThread created pOmxAudioDec=0x41E616B0, tid=5703
D/MtkOmxVorbisDec( 5433): DecodeAudio OMX_BUFFERFLAG_CODECCONFIG HEADERTYPE = 1
D/MtkOmxVorbisDec( 5433): Vorbis SWIP : nCh : 2, nSample : 48000, ret: 0
D/MtkOmxVorbisDec( 5433): out put pcm mode:channel count:2,sample rate:48000
D/MtkOmxVorbisDec( 5433): DecodeAudio OMX_BUFFERFLAG_CODECCONFIG HEADERTYPE = 5
D/MtkOmxVorbisDec( 5433): Vorbis SWIP get pcm output may fail!
D/AudioCache( 5433): open(48000, 2, 0x0, 1, 6)
I/AwesomePlayer( 5433): AudioPlayer mLatencyUs 0
V/ActivityManager( 5665): Broadcast sticky: Intent { act=android.intent.action.HDMI_PLUGGED flg=0x48000010 (has extras) } ordered=false userid=-1 callerApp=ProcessRecord{41014528 5665:system/1000}
I/SurfaceFlinger(  119): [doDisplayComposition] skip composition for DisplayDevice(type:0) since dirtyRegion is empty
D/BootAnimation(  289): [BootAnimation checkExit 707]exitnow=0
D/BootAnimation(  289): [BootAnimation movie 844]i=1,r=118,j=33,lastFrame=277198585019(277198 ms),file=loop854_00098.png
D/BootAnimation(  289): [BootAnimation movie 847]glBindTexture,i=1,r=118,j=33,frame.tid=34,name=loop854_00098.png
D/BootAnimation(  289): [BootAnimation movie 882]1,delay=48
D/MtkOmxVorbisDec( 5433): discarding 763 frames at end of page
D/MtkOmxVorbisDec( 5433): Vorbis EOS received, TS=0
D/MtkOmxVorbisDec( 5433): FlushAudioDecoder(Vorbis)
D/OMXCodec( 5433): OMXCodec::on_message EOS received!!!!
E/OMXCodec( 5433): [OMX.MTK.AUDIO.DECODER.VORBIS] No more output data in fillOutputBuffer, mFilledBuffers size=2
E/OMXCodec( 5433): [OMX.MTK.AUDIO.DECODER.VORBIS] No more output data in fillOutputBuffer, mFilledBuffers size=1
E/OMXCodec( 5433): [OMX.MTK.AUDIO.DECODER.VORBIS] No more output data in fillOutputBuffer, mFilledBuffers size=0
E/OMXCodec( 5433): [OMX.MTK.AUDIO.DECODER.VORBIS] read() final return
D/AudioPlayer( 5433): postEOSDelayUs =201 ms
I/AwesomePlayer( 5433): AudioCache needn't delay post EOS!!!
D/AwesomePlayer( 5433): onStreamDone:mStreamDoneStatus =-1011,video EOS=0,audio EOS=256
D/AudioCache( 5433): notify(0x41aa6f48, 2, 0, 0)
D/AwesomePlayer( 5433): pause_l :at_eos=1
D/MediaPlayerService( 5433): return memory @ 0x41e63000, sampleRate=48000, channelCount = 2, format = 1
I/AwesomePlayer( 5433): stop extractor in reset
D/AwesomePlayer( 5433): reset_l
D/MtkOmxAudioDecBase( 5433): SendCommand cmd=OMX_CommandStateSet
D/MtkOmxAudioDecBase( 5433): set MTK_OMX_IDLE_PENDING
D/MtkOmxAudioDecBase( 5433): # Got general command (OMX_CommandStateSet)
D/MtkOmxAudioDecBase( 5433): Request [OMX_StateExecuting]-> [OMX_StateIdle]
D/MtkOmxAudioDecBase( 5433): FlushInputPort -> mNumPendingInput(0)
D/MtkOmxAudioDecBase( 5433): -FlushInputPort
D/MtkOmxAudioDecBase( 5433): FlushOutputPort -> mNumPendingOutput(0)
D/MtkOmxVorbisDec( 5433): FlushAudioDecoder(Vorbis)
D/MtkOmxAudioDecBase( 5433): -FlushOutputPort -> mNumPendingOutput(0)
D/MtkOmxVorbisDec( 5433): DeinitAudioDecoder(Vorbis)
D/MtkOmxAudioDecBase( 5433): SendCommand cmd=OMX_CommandStateSet
D/MtkOmxAudioDecBase( 5433): set MTK_OMX_LOADED_PENDING
D/MtkOmxAudioDecBase( 5433): FreeBuffer input (0x41F73858)
D/MtkOmxAudioDecBase( 5433): # Got general command (OMX_CommandStateSet)
D/MtkOmxAudioDecBase( 5433): Request [OMX_StateIdle]-> [OMX_StateLoaded]
D/MtkOmxAudioDecBase( 5433): wait on mInPortFreeDoneSem(0), mOutPortFreeDoneSem(0)
D/MtkOmxAudioDecBase( 5433): FreeBuffer input (0x420755C8)
D/MtkOmxAudioDecBase( 5433): FreeBuffer input (0x42075268)
D/MtkOmxAudioDecBase( 5433): FreeBuffer input (0x41F71F98)
D/MtkOmxAudioDecBase( 5433): FreeBuffer input (0x41C33190)
D/MtkOmxAudioDecBase( 5433): FreeBuffer all input buffers have been freed!!! signal mInPortFreeDoneSem(1)
D/MtkOmxAudioDecBase( 5433): FreeBuffer output (0x41E61F00)
D/MtkOmxAudioDecBase( 5433): FreeBuffer output (0x41E61DE8)
D/MtkOmxAudioDecBase( 5433): FreeBuffer output (0x41F73C00)
D/MtkOmxAudioDecBase( 5433): FreeBuffer output (0x41F73AB0)
D/MtkOmxAudioDecBase( 5433): FreeBuffer all output buffers have been freed!!! signal mOutPortFreeDoneSem(1)
D/MtkOmxAudioDecBase( 5433): GetState (mState=OMX_StateLoaded)
D/MtkOmxCore( 5433): Mtk_OMX_FreeHandle
D/MtkOmxAudioDecBase( 5433): +ComponentDeInit
D/MtkOmxAudioDecBase( 5433): MtkOmxAudioDecodeThread terminated pOmxAudioDec=0x41E616B0
D/MtkOmxAudioDecBase( 5433): MtkOmxAudioCommandThread terminated
D/MtkOmxAudioDecBase( 5433): -ComponentDeInit
D/MtkOmxVorbisDec( 5433): ~MtkOmxVorbisDec this= 0x41E616B0
D/MtkOmxAudioDecBase( 5433): ~MtkOmxAudioDecBase this= 0x41E616B0
D/MtkOmxCore( 5433): free_inst_handle dlclose(0x40039F00), free(0x41E616B4)
D/OMXCodec( 5433): !@@!>> destroy tid (5433) 
I/AwesomePlayer( 5433): set flag for stopped
D/AwesomePlayer( 5433): reset_l
I/AwesomePlayer( 5433): set flag for stopped
D/AwesomePlayer( 5433): reset_l
D/MediaPlayerService( 5433): decode(26, 0, 12866)
D/AwesomePlayer( 5433): @@[SF_PROPERTY]sf.video.jump.key.ms =-1
D/AwesomePlayer( 5433): @@[SF_PROPERTY]sf.video.force.display.cnt=0
D/AwesomePlayer( 5433): @@[SF_PROPERTY]sf.video.late.margin.ms = 250
I/AwesomePlayer( 5433): set flag for stopped
D/AwesomePlayer( 5433): reset_l
D/AwesomePlayer( 5433): reset_l
D/DataSource( 5433): fastsniff: fd is 33, urlStr is , strlen(urlStr) is 0
D/DataSource( 5433): fastsniff is .ogg
D/MediaExtractor( 5433): JB +MediaExtractor::Create
D/KeyguardViewMediator( 5665): >>>onScreenTurnedOn, ---ScreenOn seq = 0seq will be change in synchronized Before--synchronized (this)
D/KeyguardViewMediator( 5665): onScreenTurnedOn, seq = 1
D/KeyguardViewMediator( 5665): <<<onScreenTurnedOn, ---ScreenOn seq = 1
I/WindowManager( 5665): No lock screen!
V/Provider/Settings( 5665): from db cache, name = volume_revoke , value = null
V/Provider/Settings( 5665): from db cache, name = disable_power_menu_when_lock , value = null
V/Provider/Settings( 5665): from db cache, name = hardware_key_config , value = null
D/MediaExtractor( 5433): JB -MediaExtractor::Create
V/WindowManager( 5665): mIsAlarmBooting = false
D/MtkOmxCore( 5433): Mtk_OMX_GetHandle (OMX.MTK.AUDIO.DECODER.VORBIS)
D/MtkOmxCore( 5433): comp_index(23), path(libMtkOmxVorbisDec.so)
W/AutoLaunchController( 5665): No command broadcast blacklist file found.
D/MtkOmxAudioDecBase( 5433): MtkOmxAudioDecBase::MtkOmxAudioDecBase this= 0x41E627F8
D/MtkOmxVorbisDec( 5433): MtkOmxVorbisDec::MtkOmxVorbisDec this= 0x41E627F8
D/MtkOmxVorbisDec( 5433): MtkOmxComponentCreate mCompHandle(0x41E627F8)
D/MtkOmxAudioDecBase( 5433): ComponentInit (OMX.MTK.AUDIO.DECODER.VORBIS)
D/MtkOmxVorbisDec( 5433): MtkOmxVorbisDec::InitAudioParams(VORBIS)
D/MtkOmxAudioDecBase( 5433): 0x41e627f8_Ctrl 0, total path is in ,out 
W/LockedAppsController( 5665): No common locked applications list file found.
D/MtkOmxCore( 5433): MtkOmxSetCoreGlobal is NOT supported on this component
D/MtkOmxCore( 5433): +++++ dump_inst_handle_pool +++++
D/MtkOmxCore( 5433): gCoreCompInstance[0].comp_module=0x40039F00, comp_handle=0x41E627FC
D/MtkOmxCore( 5433): ----- dump_inst_handle_pool -----
D/MtkOmxAudioDecBase( 5433): SetParameter index(0x01000017)
D/MtkOmxAudioDecBase( 5433): MtkOmxAudioDecodeThread created pOmxAudioDec=0x41E627F8, tid=5709
D/OMXCodec( 5433): !@@!>> create tid (5707) OMXCodec mOMXLivesLocally=1, mIsVideoDecoder(0), mIsVideoEncoder(0), mime(audio/vorbis)
D/MtkOmxAudioDecBase( 5433): GetParameter (0x02000001)
D/MtkOmxAudioDecBase( 5433): GetParameter (0x02000001)
D/MtkOmxAudioDecBase( 5433): GetParameter (0x04000002)
D/MtkOmxAudioDecBase( 5433): GetParameter (0x7F000008)
I/OMXCodec( 5433): mSupportsPartialFrames 0 err 0 
D/MtkOmxAudioDecBase( 5433): SendCommand cmd=OMX_CommandStateSet
D/MtkOmxAudioDecBase( 5433): set MTK_OMX_IDLE_PENDING
D/MtkOmxAudioDecBase( 5433): GetParameter (0x02000001)
D/OMXCodec( 5433): @@ [IN] def.nBufferSize = 32768
D/OMXCodec( 5433): allocating 5 buffers of size 32768 on input port
D/OMXCodec( 5433): @@ Input totalSize = 163840
D/MtkOmxAudioDecBase( 5433): UseBuffer port_idx(0x0), idx[0], pBuffHead(0x42076E50), pBuffer(0x425BB000)
D/OMXCodec( 5433): @@ Input[0], info.mData(0x425BB000)
D/MtkOmxAudioDecBase( 5433): UseBuffer port_idx(0x0), idx[1], pBuffHead(0x42074820), pBuffer(0x425C3000)
D/OMXCodec( 5433): @@ Input[1], info.mData(0x425C3000)
D/MtkOmxAudioDecBase( 5433): UseBuffer port_idx(0x0), idx[2], pBuffHead(0x42074900), pBuffer(0x425CB000)
D/OMXCodec( 5433): @@ Input[2], info.mData(0x425CB000)
D/MtkOmxAudioDecBase( 5433): UseBuffer port_idx(0x0), idx[3], pBuffHead(0x420749E0), pBuffer(0x425D3000)
D/OMXCodec( 5433): @@ Input[3], info.mData(0x425D3000)
D/MtkOmxAudioDecBase( 5433): UseBuffer port_idx(0x0), idx[4], pBuffHead(0x42074AA8), pBuffer(0x425DB000)
D/MtkOmxAudioDecBase( 5433): signal mInPortAllocDoneSem (1)
D/MtkOmxAudioDecBase( 5433): input port populated
D/OMXCodec( 5433): @@ Input[4], info.mData(0x425DB000)
D/MtkOmxAudioDecBase( 5433): GetParameter (0x02000001)
E/OMXCodec( 5433): @@ [OUT] def.nBufferSize = 32768
E/OMXCodec( 5433): @@ [OUT] totalSize = 131072
D/OMXCodec( 5433): OMXCodec::allocateBuffersOnOutputPort:totalSize=131072
D/MtkOmxAudioDecBase( 5433): UseBuffer port_idx(0x1), idx[0], pBuffHead(0x42074D18), pBuffer(0x425E3000)
D/MtkOmxAudioDecBase( 5433): UseBuffer port_idx(0x1), idx[1], pBuffHead(0x42074EE0), pBuffer(0x425EB000)
D/MtkOmxAudioDecBase( 5433): UseBuffer port_idx(0x1), idx[2], pBuffHead(0x42074728), pBuffer(0x425F3000)
D/MtkOmxAudioDecBase( 5433): UseBuffer port_idx(0x1), idx[3], pBuffHead(0x42076828), pBuffer(0x425FB000)
D/MtkOmxAudioDecBase( 5433): signal mOutPortAllocDoneSem (1)
D/MtkOmxAudioDecBase( 5433): output port populated
D/MtkOmxAudioDecBase( 5433): MtkOmxAudioCommandThread created pOmxAudioDec=0x41E627F8
D/MtkOmxAudioDecBase( 5433): fdmax = 34
D/MtkOmxAudioDecBase( 5433): # Got general command (OMX_CommandStateSet)
D/MtkOmxAudioDecBase( 5433): Request [OMX_StateLoaded]-> [OMX_StateIdle]
D/MtkOmxAudioDecBase( 5433): wait on mInPortAllocDoneSem(1), mOutPortAllocDoneSem(1)!!
D/MtkOmxAudioDecBase( 5433): SendCommand cmd=OMX_CommandStateSet
D/MtkOmxAudioDecBase( 5433): # Got general command (OMX_CommandStateSet)
D/MtkOmxAudioDecBase( 5433): Request [OMX_StateIdle]-> [OMX_StateExecuting]
D/MtkOmxAudioDecBase( 5433): state changes to OMX_StateExecuting
D/AudioCache( 5433): notify(0x41aa6f48, 5, 0, 0)
D/AudioCache( 5433): notify(0x41aa6f48, 1, 0, 0)
I/AwesomePlayer( 5433): play 
D/AwesomePlayer( 5433): @@[SF_PROPERTY]sched_setscheduler ok..., priority:95
I/AwesomePlayer( 5433): play_l:mFlags=0x10
I/AwesomePlayer( 5433): play_l:startAudioPlayer_l
D/MtkOmxVorbisDec( 5433): DecodeAudio OMX_BUFFERFLAG_CODECCONFIG HEADERTYPE = 1
D/MtkOmxVorbisDec( 5433): Vorbis SWIP : nCh : 2, nSample : 48000, ret: 0
D/MtkOmxVorbisDec( 5433): out put pcm mode:channel count:2,sample rate:48000
D/MtkOmxVorbisDec( 5433): DecodeAudio OMX_BUFFERFLAG_CODECCONFIG HEADERTYPE = 5
D/MtkOmxVorbisDec( 5433): Vorbis SWIP get pcm output may fail!
V/Provider/Settings( 5665): from db cache, name = sys_black_app_list_key , value = com.baidu.BaiduMap;com.baidu.browser.apps;com.baidu.appsearch;com.baidu.voiceassistant;com.baidu.searchbox;com.android.email;com.baidu.reader;com.baidu.sync;com.chaozh.iReaderFree
D/AudioCache( 5433): open(48000, 2, 0x0, 1, 6)
I/AwesomePlayer( 5433): AudioPlayer mLatencyUs 0
V/Provider/Settings( 5665): from db cache, name = third_white_app_list_key , value = com.tencent.mm
D/MtkOmxVorbisDec( 5433): Vorbis EOS received, TS=0
D/MtkOmxVorbisDec( 5433): FlushAudioDecoder(Vorbis)
D/OMXCodec( 5433): OMXCodec::on_message EOS received!!!!
E/OMXCodec( 5433): [OMX.MTK.AUDIO.DECODER.VORBIS] No more output data in fillOutputBuffer, mFilledBuffers size=2
E/OMXCodec( 5433): [OMX.MTK.AUDIO.DECODER.VORBIS] No more output data in fillOutputBuffer, mFilledBuffers size=1
E/OMXCodec( 5433): [OMX.MTK.AUDIO.DECODER.VORBIS] No more output data in fillOutputBuffer, mFilledBuffers size=0
E/OMXCodec( 5433): [OMX.MTK.AUDIO.DECODER.VORBIS] read() final return
D/AudioPlayer( 5433): postEOSDelayUs =184 ms
I/AwesomePlayer( 5433): AudioCache needn't delay post EOS!!!
D/AwesomePlayer( 5433): onStreamDone:mStreamDoneStatus =-1011,video EOS=0,audio EOS=256
D/AudioCache( 5433): notify(0x41aa6f48, 2, 0, 0)
D/AwesomePlayer( 5433): pause_l :at_eos=1
D/MediaPlayerService( 5433): return memory @ 0x41f74000, sampleRate=48000, channelCount = 2, format = 1
I/AwesomePlayer( 5433): stop extractor in reset
D/AwesomePlayer( 5433): reset_l
D/MtkOmxAudioDecBase( 5433): SendCommand cmd=OMX_CommandStateSet
D/MtkOmxAudioDecBase( 5433): set MTK_OMX_IDLE_PENDING
D/MtkOmxAudioDecBase( 5433): # Got general command (OMX_CommandStateSet)
D/MtkOmxAudioDecBase( 5433): Request [OMX_StateExecuting]-> [OMX_StateIdle]
D/MtkOmxAudioDecBase( 5433): FlushInputPort -> mNumPendingInput(0)
D/MtkOmxAudioDecBase( 5433): -FlushInputPort
D/MtkOmxAudioDecBase( 5433): FlushOutputPort -> mNumPendingOutput(0)
D/MtkOmxVorbisDec( 5433): FlushAudioDecoder(Vorbis)
D/MtkOmxAudioDecBase( 5433): -FlushOutputPort -> mNumPendingOutput(0)
D/MtkOmxVorbisDec( 5433): DeinitAudioDecoder(Vorbis)
D/MtkOmxAudioDecBase( 5433): SendCommand cmd=OMX_CommandStateSet
D/MtkOmxAudioDecBase( 5433): set MTK_OMX_LOADED_PENDING
D/MtkOmxAudioDecBase( 5433): FreeBuffer input (0x42074AA8)
D/MtkOmxAudioDecBase( 5433): # Got general command (OMX_CommandStateSet)
D/MtkOmxAudioDecBase( 5433): Request [OMX_StateIdle]-> [OMX_StateLoaded]
D/MtkOmxAudioDecBase( 5433): wait on mInPortFreeDoneSem(0), mOutPortFreeDoneSem(0)
D/MtkOmxAudioDecBase( 5433): FreeBuffer input (0x420749E0)
D/MtkOmxAudioDecBase( 5433): FreeBuffer input (0x42074900)
D/MtkOmxAudioDecBase( 5433): FreeBuffer input (0x42074820)
D/MtkOmxAudioDecBase( 5433): FreeBuffer input (0x42076E50)
D/MtkOmxAudioDecBase( 5433): FreeBuffer all input buffers have been freed!!! signal mInPortFreeDoneSem(1)
D/MtkOmxAudioDecBase( 5433): FreeBuffer output (0x42076828)
D/MtkOmxAudioDecBase( 5433): FreeBuffer output (0x42074728)
D/MtkOmxAudioDecBase( 5433): FreeBuffer output (0x42074EE0)
D/MtkOmxAudioDecBase( 5433): FreeBuffer output (0x42074D18)
D/MtkOmxAudioDecBase( 5433): FreeBuffer all output buffers have been freed!!! signal mOutPortFreeDoneSem(1)
D/MtkOmxAudioDecBase( 5433): GetState (mState=OMX_StateLoaded)
D/MtkOmxCore( 5433): Mtk_OMX_FreeHandle
D/MtkOmxAudioDecBase( 5433): +ComponentDeInit
D/MtkOmxAudioDecBase( 5433): MtkOmxAudioCommandThread terminated
D/MtkOmxAudioDecBase( 5433): MtkOmxAudioDecodeThread terminated pOmxAudioDec=0x41E627F8
D/MtkOmxAudioDecBase( 5433): -ComponentDeInit
D/MtkOmxVorbisDec( 5433): ~MtkOmxVorbisDec this= 0x41E627F8
D/MtkOmxAudioDecBase( 5433): ~MtkOmxAudioDecBase this= 0x41E627F8
D/MtkOmxCore( 5433): free_inst_handle dlclose(0x40039F00), free(0x41E627FC)
D/OMXCodec( 5433): !@@!>> destroy tid (5664) 
I/AwesomePlayer( 5433): set flag for stopped
D/AwesomePlayer( 5433): reset_l
I/AwesomePlayer( 5433): set flag for stopped
D/AwesomePlayer( 5433): reset_l
D/BootAnimation(  289): [BootAnimation checkExit 707]exitnow=0
D/BootAnimation(  289): [BootAnimation movie 844]i=1,r=118,j=34,lastFrame=277248741712(277248 ms),file=loop854_00099.png
D/BootAnimation(  289): [BootAnimation movie 847]glBindTexture,i=1,r=118,j=34,frame.tid=35,name=loop854_00099.png
D/BootAnimation(  289): [BootAnimation movie 882]1,delay=48
D/DynamicPermissionService( 5665): Read premissions done
D/DynamicPermissionService( 5665): Read pre-installed packages done
D/DynamicPermissionService( 5665): Init from files done
D/DynamicPermissionService( 5665): version not match, update permissions
D/BootAnimation(  289): [BootAnimation checkExit 707]exitnow=0
D/BootAnimation(  289): [BootAnimation movie 844]i=1,r=118,j=35,lastFrame=277298885096(277298 ms),file=loop854_00100.png
D/BootAnimation(  289): [BootAnimation movie 847]glBindTexture,i=1,r=118,j=35,frame.tid=36,name=loop854_00100.png
D/BootAnimation(  289): [BootAnimation movie 882]1,delay=48
D/DynamicPermissionService( 5665): write to perm file done
D/DynamicPermissionService( 5665): Write pre-installed packages done
D/DynamicPermissionService( 5665): Add DynamicPermissionService to SystemServer
I/Ifttt   ( 5665): Ifttt Service
D/SmartPowerService( 5665): SmartPowerService create!!!
D/BootAnimation(  289): [BootAnimation checkExit 707]exitnow=0
D/BootAnimation(  289): [BootAnimation movie 844]i=1,r=118,j=36,lastFrame=277349036481(277349 ms),file=loop854_00101.png
D/BootAnimation(  289): [BootAnimation movie 847]glBindTexture,i=1,r=118,j=36,frame.tid=37,name=loop854_00101.png
D/BootAnimation(  289): [BootAnimation movie 882]2,delay=47
I/InputManager( 5665): Starting input manager
V/Provider/Settings( 5665): get setting for user -2 by user 0 so skipping cache
V/Provider/Settings( 5665): from db cache, name = pointer_speed , value = 0
I/Provider/Settings( 5665): call-query of user -2 by 0 so not updating cache
V/Provider/Settings( 5665): get setting for user -2 by user 0 so skipping cache
V/Provider/Settings( 5665): from db cache, name = show_touches , value = null
I/Provider/Settings( 5665): call-query of user -2 by 0 so not updating cache
I/SystemServer( 5665): Bluetooth Service
D/EventHub( 5665): No input device configuration file found for device 'mtk-kpd'.
D/BluetoothService( 5665): [API] BluetoothService
I/BluetoothService.cpp( 5665): android_server_BluetoothService.cpp: initializeNativeDataNative
I/EventHub( 5665): New device: id=1, fd=128, path='/dev/input/event0', name='mtk-kpd', classes=0x21, configuration='', keyLayout='/system/usr/keylayout/mtk-kpd.kl', keyCharacterMap='/system/usr/keychars/Generic.kcm', builtinKeyboard=false, usingSuspendBlockIoctl=true, usingClockIoctl=true
D/EventHub( 5665): No input device configuration file found for device 'mtk-tpd-kpd'.
I/EventHub( 5665): New device: id=2, fd=131, path='/dev/input/event4', name='mtk-tpd-kpd', classes=0x1, configuration='', keyLayout='/system/usr/keylayout/Generic.kl', keyCharacterMap='/system/usr/keychars/Generic.kcm', builtinKeyboard=false, usingSuspendBlockIoctl=true, usingClockIoctl=true
E/EventHub( 5665): could not get driver version for /dev/input/mouse0, Not a typewriter
I/BufferQueue(  119): [BootAnimation](this:0x41de1e10,api:1) [release] fps:19.87, dur:1056.70, max:58.77, min:39.09
I/SurfaceFlinger(  119): [SurfaceFlinger] fps:19.873514,dur:1056.68,max:58.88,min:38.96
I/BluetoothProfileState( 5665): Message:Entering Stable State
I/BufferQueue(  119): [FramebufferSurface](this:0x41dd94b8,api:1) [queue] fps:19.87, dur:1056.69, max:58.73, min:39.12
I/BluetoothProfileState( 5665): Message:Entering Stable State
D/BluetoothService( 5665): [API] registerForAirplaneMode()
I/BluetoothProfileState( 5665): Message:Entering Stable State
V/Provider/Settings( 5665): from db cache, name = airplane_mode_radios , value = cell,bluetooth,wifi,nfc,wimax
V/Provider/Settings( 5665): from db cache, name = airplane_mode_toggleable_radios , value = bluetooth,wifi,nfc
D/BluetoothService( 5665): [API] registerForAirplaneMode(): mIsAirplaneSensitive=true, mIsAirplaneToggleable=true
D/BootAnimation(  289): [BootAnimation checkExit 707]exitnow=0
D/BootAnimation(  289): [BootAnimation movie 844]i=1,r=118,j=37,lastFrame=277399219481(277399 ms),file=loop854_00102.png
D/BootAnimation(  289): [BootAnimation movie 847]glBindTexture,i=1,r=118,j=37,frame.tid=38,name=loop854_00102.png
D/BootAnimation(  289): [BootAnimation movie 882]1,delay=48
I/SurfaceTextureClient(  289): [STC::queueBuffer] (this:0x4129fe38) fps:19.92, dur:1003.90, max:51.03, min:49.19
I/BluetoothEventLoop.cpp( 5665): android_server_BluetoothEventLoop.cpp: initializeNativeDataNative
I/BluetoothEventLoop.cpp( 5665): [GAP] btmtk_host_cache_init
I/BluetoothEventLoop.cpp( 5665): [GAP] btmtk_paired_dev_cache_init
E/BluetoothEventLoop.cpp( 5665): [GAP] btmtk_paired_dev_cache_init open error 2: No such file or directory
D/BluetoothAdapterStateMachine( 5665): Enter PowerOff: -2
I/BluetoothA2dpService.cpp( 5665): [A2DP][JNI] initNative
D/BTSocketService( 5665): [JSR82][Service] Initialization Constructor +++
I/BluetoothSocketService.cpp( 5665): [JSR82][JNI] initNative +++
E/BluetoothSocketService.cpp( 5665): [JSR82] Clear context : index=0, ctx.index=0, ctx.fd=0
E/BluetoothSocketService.cpp( 5665): [JSR82] Clear context : index=1, ctx.index=0, ctx.fd=0
E/BluetoothSocketService.cpp( 5665): [JSR82] Clear context : index=2, ctx.index=0, ctx.fd=0
E/BluetoothSocketService.cpp( 5665): [JSR82] Clear context : index=3, ctx.index=0, ctx.fd=0
E/BluetoothSocketService.cpp( 5665): [JSR82] Clear context : index=4, ctx.index=0, ctx.fd=0
E/BluetoothSocketService.cpp( 5665): [JSR82] Clear context : index=5, ctx.index=0, ctx.fd=0
E/BluetoothSocketService.cpp( 5665): [JSR82] Clear context : index=6, ctx.index=0, ctx.fd=0
E/BluetoothSocketService.cpp( 5665): [JSR82] Clear context : index=7, ctx.index=0, ctx.fd=0
E/BluetoothSocketService.cpp( 5665): [JSR82] Clear context : index=8, ctx.index=0, ctx.fd=0
E/BluetoothSocketService.cpp( 5665): [JSR82] Clear context : index=9, ctx.index=0, ctx.fd=0
E/BluetoothSocketService.cpp( 5665): [JSR82] Clear context : index=10, ctx.index=0, ctx.fd=0
E/BluetoothSocketService.cpp( 5665): [JSR82] Clear context : index=11, ctx.index=0, ctx.fd=0
E/BluetoothSocketService.cpp( 5665): [JSR82] Clear context : index=12, ctx.index=0, ctx.fd=0
E/BluetoothSocketService.cpp( 5665): [JSR82] Clear context : index=13, ctx.index=0, ctx.fd=0
E/BluetoothSocketService.cpp( 5665): [JSR82] Clear context : index=14, ctx.index=0, ctx.fd=0
E/BluetoothSocketService.cpp( 5665): [JSR82] Clear context : index=15, ctx.index=0, ctx.fd=0
E/BluetoothSocketService.cpp( 5665): [JSR82] Clear context : index=16, ctx.index=0, ctx.fd=0
E/BluetoothSocketService.cpp( 5665): [JSR82] Clear context : index=17, ctx.index=0, ctx.fd=0
E/BluetoothSocketService.cpp( 5665): [JSR82] Clear context : index=18, ctx.index=0, ctx.fd=0
E/BluetoothSocketService.cpp( 5665): [JSR82] Clear context : index=19, ctx.index=0, ctx.fd=0
I/BluetoothSocketService.cpp( 5665): [JSR82][JNI] initNative ---
D/BTSocketService( 5665): [JSR82][Service] Initialization Constructor ---
W/Provider/Settings( 5665): Setting airplane_mode_on has moved from android.provider.Settings.System to android.provider.Settings.Global, returning read-only value.
V/Provider/Settings( 5665): from db cache, name = airplane_mode_on , value = 0
V/Provider/Settings( 5665): from db cache, name = bluetooth_state , value = null
I/SystemServer( 5665): bluetoothState = 0
I/SystemServer( 5665): Input Method Service
D/dalvikvm( 5665): GC_CONCURRENT freed 1226K, 24% free 5140K/6716K, paused 1ms+6ms, total 37ms
D/BootAnimation(  289): [BootAnimation checkExit 707]exitnow=0
D/BootAnimation(  289): [BootAnimation movie 844]i=1,r=118,j=38,lastFrame=277449372096(277449 ms),file=loop854_00103.png
D/BootAnimation(  289): [BootAnimation movie 847]glBindTexture,i=1,r=118,j=38,frame.tid=39,name=loop854_00103.png
D/BootAnimation(  289): [BootAnimation movie 882]1,delay=48
W/InputMethodManagerService( 5665): Couldn't create dir.: /data/system/inputmethod
V/Provider/Settings( 5665): from db cache, name = default_input_method , value = null
V/Provider/Settings( 5665): from db cache, name = disabled_system_input_methods , value = null
W/asset   ( 5665): AssetManager-->addDefaultAssets CIP path not exsit!
V/Provider/Settings( 5665):  from settings cache , name = default_input_method , value = null
V/Provider/Settings( 5665): from db cache, name = enabled_input_methods , value = com.baidu.input/.ImeService
W/InputMethodManagerService( 5665): No IME selected. Choose the most applicable IME.
V/Provider/Settings( 5665):  from settings cache , name = enabled_input_methods , value = com.baidu.input/.ImeService
I/InputMethodManagerService( 5665): No default found, using com.baidu.input/.ImeService
V/Provider/Settings( 5665): from db cache, name = input_methods_subtype_history , value = 
D/Provider/Settings( 5665): put string name = input_methods_subtype_history , value =  userHandle = 0
D/Provider/Settings( 5665): put string name = selected_input_method_subtype , value = -1 userHandle = 0
V/Provider/Settings( 5665):  from settings cache , name = default_input_method , value = null
V/Provider/Settings( 5665):  from settings cache , name = enabled_input_methods , value = com.baidu.input/.ImeService
V/Provider/Settings( 5665):  from settings cache , name = enabled_input_methods , value = com.baidu.input/.ImeService
V/Provider/Settings( 5665):  from settings cache , name = input_methods_subtype_history , value = 
V/Provider/Settings( 5665):  from settings cache , name = input_methods_subtype_history , value = 
D/Provider/Settings( 5665): put string name = input_methods_subtype_history , value =  userHandle = 0
D/Provider/Settings( 5665): put string name = selected_input_method_subtype , value = -1 userHandle = 0
V/Provider/Settings( 5665):  from settings cache , name = default_input_method , value = null
I/SystemServer( 5665): Accessibility Manager
V/Provider/Settings( 5665): from db cache, name = display_size_forced , value = null
V/Provider/Settings( 5665): from db cache, name = display_density_forced , value = null
D/InputReader( 5665): InputReader:: getSwitchState lock 
D/InputReader( 5665): InputReader::getStateLocked:: return 
I/ActivityManager( 5665): Config changes=15f8 {1.1 ?mcc?mnc zh_CN ldltr sw320dp w320dp h544dp 240dpi nrml long port ?uimode ?night -touch -keyb/h/h -nav/h skin=/system/framework/framework-res.apk s.2 themeChanged=0}
V/ActivityManager( 5665): Broadcast: Intent { act=android.intent.action.CONFIGURATION_CHANGED flg=0x60000010 } ordered=false userid=-1 callerApp=null
D/InputReader( 5665): InputReader:: requestRefreshConfiguration lock 
D/InputReader( 5665): InputReader:: requestRefreshConfiguration unlock 
D/InputReader( 5665): InputReader:: requestRefreshConfiguration lock 
D/InputReader( 5665): InputReader:: requestRefreshConfiguration unlock 
I/SystemServer( 5665): Mount Service
W/dalvikvm( 5665): VFY: register index out of range (6 >= 4)
W/dalvikvm( 5665): VFY:  rejecting opcode 0x0d at 0x0005
W/dalvikvm( 5665): VFY:  rejected Lcom/android/server/MountService;.updatePublicVolumeState (Landroid/os/storage/StorageVolume;Ljava/lang/String;)V
W/dalvikvm( 5665): Verifier rejected class Lcom/android/server/MountService;
W/SystemServer( 5665): ***********************************************
F/SystemServer( 5665): BOOT FAILURE starting Mount Service
F/SystemServer( 5665): java.lang.VerifyError: com/android/server/MountService
F/SystemServer( 5665): 	at com.android.server.ServerThread.run(SystemServer.java:564)
V/WindowAnimator( 5665): No window is displayed, unset the SET_ORIENTATION_CHANGE_COMPLETE flag
V/Provider/Settings( 5665): from db cache, name = logcat_for_system_server_wtf , value = null
W/AES     ( 5665): Exception Log handling...
D/BootAnimation(  289): [BootAnimation checkExit 707]exitnow=0
D/BootAnimation(  289): [BootAnimation movie 844]i=1,r=118,j=39,lastFrame=277499566712(277499 ms),file=loop854_00104.png
D/BootAnimation(  289): [BootAnimation movie 847]glBindTexture,i=1,r=118,j=39,frame.tid=40,name=loop854_00104.png
D/EventHub( 5665): No input device configuration file found for device 'mtk-tpd'.
E/filemap ( 5665): mmap(0,4096) failed: No such device
D/AES     ( 5665): ExceptionLog: notify aed
D/AES     ( 5665):     process : system_server
D/AES     ( 5665):      module : 
D/AES     ( 5665):       cause : system_server_wtf
D/AES     ( 5665):       pid : 5665
W/AES     ( 5665): not correct type, but use JE as default
D/AEE/LIBAEE( 5665): shell: raise_exp(2, 5665, -1361051648, system_server, 0x0x52550f78, 0x0x0)
D/AEE/LIBAEE( 5665): shell: connected with AED OK
D/AEE/AED (  113): $===AEE===AEE===AEE===$
D/AEE/AED (  113): p 0 poll events 1 revents 0
D/AEE/AED (  113): not know revents:0
D/AEE/AED (  113): p 1 poll events 1 revents 1
D/AEE/AED (  113): aed_main_fork_worker: generator 0x111b150, worker 0xbef1ba18, recv_fd 15
D/AEE/AED (  113): p 2 poll events 1 revents 0
D/AEE/AED (  113): not know revents:0
D/AEE/AED (  113): p 3 poll events 1 revents 0
D/AEE/AED (  113): not know revents:0
D/AEE/AED (  113): p 4 poll events 1 revents 0
D/AEE/AED (  113): not know revents:0
D/BootAnimation(  289): [BootAnimation movie 882]4,delay=45
D/AEE/AED ( 5727): read success, handling msg (Ind, AE_IND_FATAL_RAISED)
W/AEE/AED ( 5727): DAL feature is off, just return
I/AEE/AED ( 5727): FATAL 'Java (JE)' raised
I/AEE/AED ( 5727): Dumping EXP/Java (JE)
I/AEE/AED ( 5727): aed_get_boot_mode is 0 
I/AEE/AED ( 5727): db base:/data/aee_exp
D/AEE/AED ( 5727): aed_report_dump_open: Using /data/aee_exp/temp/db.pw5727
I/AEE/AED ( 5727): $** *** *** *** *** *** *** *** Fatal *** *** *** *** *** *** *** **$
I/AEE/AED ( 5727): Build Info: 'ALPS.JB3.TDD.MP:Y511_R_2.3.67.13:MT6572:S01,HUAWEI/Y511-T00/HWY511-T:4.2.2/HUAWEIY511-T00/Y511_R_2.3.67.13:user/test-keys'
I/AEE/AED ( 5727): Flavor Info: 'None'
I/AEE/AED ( 5727): Exception Log Time:[Wed Jul  3 18:46:13 CST 2013] [277.500000]
I/AEE/AED ( 5727): 
V/AEE/AED ( 5727): Write: Req.AE_REQ_CLASS, seq:0
D/AEE/LIBAEE( 5665): shell: got the request (cmd:Req,AE_REQ_CLASS)
V/AEE/AED ( 5727): Read: Rsp.AE_REQ_CLASS, seq:0, 0, a
I/EventHub( 5665): New device: id=3, fd=147, path='/dev/input/event3', name='mtk-tpd', classes=0x15, configuration='', keyLayout='/system/usr/keylayout/Generic.kl', keyCharacterMap='/system/usr/keychars/Generic.kcm', builtinKeyboard=false, usingSuspendBlockIoctl=true, usingClockIoctl=true
D/EventHub( 5665): No input device configuration file found for device 'hwmdata'.
D/EventHub( 5665): No input device configuration file found for device 'ACCDET'.
I/EventHub( 5665): New device: id=5, fd=149, path='/dev/input/event1', name='ACCDET', classes=0x1, configuration='', keyLayout='/system/usr/keylayout/ACCDET.kl', keyCharacterMap='/system/usr/keychars/Generic.kcm', builtinKeyboard=false, usingSuspendBlockIoctl=true, usingClockIoctl=true
E/EventHub( 5665): could not get driver version for /dev/input/mice, Not a typewriter
D/BootAnimation(  289): [BootAnimation checkExit 707]exitnow=0
D/BootAnimation(  289): [BootAnimation movie 844]i=1,r=118,j=40,lastFrame=277549686712(277549 ms),file=loop854_00105.png
D/BootAnimation(  289): [BootAnimation movie 847]glBindTexture,i=1,r=118,j=40,frame.tid=41,name=loop854_00105.png
D/BootAnimation(  289): [BootAnimation movie 882]1,delay=48
D/BootAnimation(  289): [BootAnimation checkExit 707]exitnow=0
D/BootAnimation(  289): [BootAnimation movie 844]i=1,r=118,j=41,lastFrame=277599814173(277599 ms),file=loop854_00106.png
D/BootAnimation(  289): [BootAnimation movie 847]glBindTexture,i=1,r=118,j=41,frame.tid=42,name=loop854_00106.png
D/BootAnimation(  289): [BootAnimation movie 882]1,delay=48
D/AEE/AED ( 5727):   Got data:Java (JE)
I/AEE/AED ( 5727): Java (JE)
V/AEE/AED ( 5727): Write: Req.AE_REQ_TYPE, seq:1
D/AEE/LIBAEE( 5665): shell: got the request (cmd:Req,AE_REQ_TYPE)
V/AEE/AED ( 5727): Read: Rsp.AE_REQ_TYPE, seq:1, 0, 12
D/BootAnimation(  289): [BootAnimation checkExit 707]exitnow=0
D/BootAnimation(  289): [BootAnimation movie 844]i=1,r=118,j=42,lastFrame=277649945096(277649 ms),file=loop854_00107.png
D/BootAnimation(  289): [BootAnimation movie 847]glBindTexture,i=1,r=118,j=42,frame.tid=43,name=loop854_00107.png
D/BootAnimation(  289): [BootAnimation movie 882]1,delay=48
I/InputReader( 5665): Device added: id=-1, name='Virtual', sources=0x00000301
I/InputReader( 5665): Device added: id=5, name='ACCDET', sources=0x00000101
D/VelocityTracker( 5665): VelocityTracker: int datax = 10
D/VelocityTracker( 5665): VelocityTracker: int m_velocity_magnify_x = 1.000000
D/VelocityTracker( 5665): VelocityTracker: int datay = 10
D/VelocityTracker( 5665): VelocityTracker: int m_velocity_magnify_y = 1.000000
D/VelocityTracker( 5665): VelocityTracker: int datax = 10
D/VelocityTracker( 5665): VelocityTracker: int m_velocity_magnify_x = 1.000000
D/VelocityTracker( 5665): VelocityTracker: int datay = 10
D/VelocityTracker( 5665): VelocityTracker: int m_velocity_magnify_y = 1.000000
D/VelocityTracker( 5665): VelocityTracker: int datax = 10
D/VelocityTracker( 5665): VelocityTracker: int m_velocity_magnify_x = 1.000000
D/VelocityTracker( 5665): VelocityTracker: int datay = 10
D/VelocityTracker( 5665): VelocityTracker: int m_velocity_magnify_y = 1.000000
D/VelocityTracker( 5665): VelocityTracker: int datax = 10
D/VelocityTracker( 5665): VelocityTracker: int m_velocity_magnify_x = 1.000000
D/VelocityTracker( 5665): VelocityTracker: int datay = 10
D/VelocityTracker( 5665): VelocityTracker: int m_velocity_magnify_y = 1.000000
I/InputReader( 5665):   Touch device 'mtk-tpd' could not query the properties of its associated display.  The device will be inoperable until the display size becomes available.
I/InputReader( 5665): Device added: id=3, name='mtk-tpd', sources=0x00001103
I/InputReader( 5665): Device added: id=2, name='mtk-tpd-kpd', sources=0x00000101
I/InputReader( 5665): Device added: id=1, name='mtk-kpd', sources=0x00000301
I/InputReader( 5665): Reconfiguring input devices.  changes=0x00000004
I/InputReader( 5665): Device reconfigured: id=3, name='mtk-tpd', size 480x854, orientation 0, mode 1, display id 0
D/InputReader( 5665): InputReader:: getSwitchState lock 
D/InputReader( 5665): InputReader::getStateLocked:: return 
I/ActivityManager( 5665): Config changes=1468 {1.1 ?mcc?mnc zh_CN ldltr sw320dp w320dp h544dp 240dpi nrml long port ?uimode ?night finger -keyb/h/h dpad/v skin=/system/framework/framework-res.apk s.3 themeChanged=0}
V/ActivityManager( 5665): Broadcast: Intent { act=android.intent.action.CONFIGURATION_CHANGED flg=0x60000010 } ordered=false userid=-1 callerApp=null
V/WindowAnimator( 5665): No window is displayed, unset the SET_ORIENTATION_CHANGE_COMPLETE flag
D/BootAnimation(  289): [BootAnimation checkExit 707]exitnow=0
D/BootAnimation(  289): [BootAnimation movie 844]i=1,r=118,j=43,lastFrame=277700086327(277700 ms),file=loop854_00108.png
D/BootAnimation(  289): [BootAnimation movie 847]glBindTexture,i=1,r=118,j=43,frame.tid=44,name=loop854_00108.png
D/BootAnimation(  289): [BootAnimation movie 882]1,delay=48
D/AEE/AED ( 5727):   Type:system_server_wtf
I/AEE/AED ( 5727): system_server_wtf
V/AEE/AED ( 5727): Write: Req.AE_REQ_PROCESS, seq:2
D/AEE/LIBAEE( 5665): shell: got the request (cmd:Req,AE_REQ_PROCESS)
V/AEE/AED ( 5727): Read: Rsp.AE_REQ_PROCESS, seq:2, 0, e
D/AEE/AED ( 5727):   Process:system_server
I/AEE/AED ( 5727): system_server
V/AEE/AED ( 5727): Write: Req.AE_REQ_MODULE, seq:3
D/AEE/LIBAEE( 5665): shell: got the request (cmd:Req,AE_REQ_MODULE)
V/AEE/AED ( 5727): Read: Rsp.AE_REQ_MODULE, seq:3, 0, 1
D/AEE/AED ( 5727):   Module:
V/AEE/AED ( 5727): Write: Req.AE_REQ_BACKTRACE, seq:4
D/AEE/LIBAEE( 5665): shell: got the request (cmd:Req,AE_REQ_BACKTRACE)
V/AEE/AED ( 5727): Read: Rsp.AE_REQ_BACKTRACE, seq:4, 0, 1f6
D/AEE/AED ( 5727):   Backtrace:Process: system_server
D/AEE/AED ( 5727): Subject: SystemServer
D/AEE/AED ( 5727): Build: HUAWEI/Y511-T00/HWY511-T:4.2.2/HUAWEIY511-T00/Y511_R_2.3.67.13:user/test-keys
D/AEE/AED ( 5727): 
D/AEE/AED ( 5727): android.util.Log$TerribleFailure: BOOT FAILURE starting Mount Service
D/AEE/AED ( 5727): 	at android.util.Log.wtf(Log.java:276)
D/AEE/AED ( 5727): 	at com.android.server.ServerThread.reportWtf(SystemServer.java:135)
D/AEE/AED ( 5727): 	at com.android.server.ServerThread.run(SystemServer.java:567)
D/AEE/AED ( 5727): Caused by: java.lang.VerifyError: com/android/server/MountService
D/AEE/AED ( 5727): 	at com.android.server.ServerThread.run(SystemServer.java:564)
D/AEE/AED ( 5727): 
I/AEE/AED ( 5727): Process: system_server
I/AEE/AED ( 5727): Subject: SystemServer
I/AEE/AED ( 5727): Build: HUAWEI/Y511-T00/HWY511-T:4.2.2/HUAWEIY511-T00/Y511_R_2.3.67.13:user/test-keys
I/AEE/AED ( 5727): 
I/AEE/AED ( 5727): android.util.Log$TerribleFailure: BOOT FAILURE starting Mount Service
I/AEE/AED ( 5727): 	at android.util.Log.wtf(Log.java:276)
I/AEE/AED ( 5727): 	at com.android.server.ServerThread.reportWtf(SystemServer.java:135)
I/AEE/AED ( 5727): 	at com.android.server.ServerThread.run(SystemServer.java:567)
I/AEE/AED ( 5727): Caused by: java.lang.VerifyError: com/android/server/MountService
I/AEE/AED ( 5727): 	at com.android.server.ServerThread.run(SystemServer.java:564)
V/AEE/AED ( 5727): Write: Req.AE_REQ_DETAIL, seq:5
D/AEE/LIBAEE( 5665): shell: got the request (cmd:Req,AE_REQ_DETAIL)
V/AEE/AED ( 5727): Read: Rsp.AE_REQ_DETAIL, seq:5, 0, 25e5
D/AEE/AED ( 5727):   Got data:Backtrace of all threads:
D/AEE/AED ( 5727): 
D/AEE/AED ( 5727): "SoundPool"  prio=5 Thread id=34 RUNNABLE
D/AEE/AED ( 5727): 	dalvik.system.NativeStart.run(Native Method)
D/AEE/AED ( 5727): 
D/AEE/AED ( 5727): "GC" daemon prio=5 Thread id=6 WAITING
D/AEE/AED ( 5727): 	dalvik.system.NativeStart.run(Native Method)
D/AEE/AED ( 5727): 
D/AEE/AED ( 5727): "Binder_3"  prio=5 Thread id=17 RUNNABLE
D/AEE/AED ( 5727): 	dalvik.system.NativeStart.run(Native Method)
D/AEE/AED ( 5727): 
D/AEE/AED ( 5727): "BluetoothProfileState:2"  prio=5 Thread id=46 RUNNABLE
D/AEE/AED ( 5727): 	android.os.MessageQueue.nativePollOnce(Native Method)
D/AEE/AED ( 5727): 	android.os.MessageQueue.next(MessageQueue.java:128)
D/AEE/AED ( 5727): 	android.os.Looper.loop(Looper.java:151)
D/AEE/AED ( 5727): 	android.os.HandlerThread.run(HandlerThread.java:60)
D/AEE/AED ( 5727): 
D/AEE/AED ( 5727): "PowerManagerService"  prio=5 Thread id=32 RUNNABLE
D/AEE/AED ( 5727): 	android.os.MessageQueue.nativePollOnce(Native Method)
D/AEE/AED ( 5727): 	android.os.MessageQueue.next(MessageQueue.java:128)
D/AEE/AED ( 5727): 	android.os.Looper.loop(Looper.java:151)
D/AEE/AED ( 5727): 	android.os.HandlerThread.run(HandlerThread.java:60)
D/AEE/AED ( 5727): 
D/AEE/AED ( 5727): "BluetoothProfileState:1"  prio=5 Thread id=47 RUNNABLE
D/AEE/AED ( 5727): 	android.os.MessageQueue.nativePollOnce(Native Method)
D/AEE/AED ( 5727): 	android.os.MessageQueue.next(MessageQueue.java:128)
D/AEE/AED ( 5727): 	android.os.Looper.loop(Looper.java:151)
D/AEE/AED ( 5727): 	an
I/AEE/AED ( 5727): Backtrace of all threads:
I/AEE/AED ( 5727): 
I/AEE/AED ( 5727): "SoundPool"  prio=5 Thread id=34 RUNNABLE
I/AEE/AED ( 5727): 	dalvik.system.NativeStart.run(Native Method)
I/AEE/AED ( 5727): 
I/AEE/AED ( 5727): "GC" daemon prio=5 Thread id=6 WAITING
I/AEE/AED ( 5727): 	dalvik.system.NativeStart.run(Native Method)
I/AEE/AED ( 5727): 
I/AEE/AED ( 5727): "Binder_3"  prio=5 Thread id=17 RUNNABLE
I/AEE/AED ( 5727): 	dalvik.system.NativeStart.run(Native Method)
I/AEE/AED ( 5727): 
I/AEE/AED ( 5727): "BluetoothProfileState:2"  prio=5 Thread id=46 RUNNABLE
I/AEE/AED ( 5727): 	android.os.MessageQueue.nativePollOnce(Native Method)
I/AEE/AED ( 5727): 	android.os.MessageQueue.next(MessageQueue.java:128)
I/AEE/AED ( 5727): 	android.os.Looper.loop(Looper.java:151)
I/AEE/AED ( 5727): 	android.os.HandlerThread.run(HandlerThread.java:60)
I/AEE/AED ( 5727): 
I/AEE/AED ( 5727): "PowerManagerService"  prio=5 Thread id=32 RUNNABLE
I/AEE/AED ( 5727): 	android.os.MessageQueue.nativePollOnce(Native Method)
I/AEE/AED ( 5727): 	android.os.MessageQueue.next(MessageQueue.java:128)
I/AEE/AED ( 5727): 	android.os.Looper.loop(Looper.java:151)
I/AEE/AED ( 5727): 	android.os.HandlerThread.run(HandlerThread.java:60)
I/AEE/AED ( 5727): 
I/AEE/AED ( 5727): "BluetoothProfileState:1"  prio=5 Thread id=47 RUNNABLE
I/AEE/AED ( 5727): 	android.os.MessageQueue.nativePollOnce(Native Method)
I/AEE/AED ( 5727): 	android.os.MessageQueue.next(MessageQueue.java:128)
I/AEE/AED ( 5727): 	android.os.Looper.loop(Looper.java:151)
I/AEE/AED ( 5727): 	android.os.Ha
I/AEE/AED ( 5727): $** *** *** *** *** *** *** *** Fatal *** *** *** *** *** *** *** **$
D/AEE/AED ( 5727): aed_report_dumpstate: filepath /data/aee_exp/temp/db.pw5727, pid 5665, tid -1361051648, exp_class 2, db_opt 0
I/SurfaceTextureClient(  119): [STC::queueBuffer] (this:0x41dd9f88) fps:20.24, dur:1037.41, max:59.56, min:38.56
I/BufferQueue(  119): [FramebufferSurface](this:0x41dd94b8,api:1) [release] fps:20.24, dur:1037.41, max:59.56, min:38.56
I/AEE/DUMPSTATE( 5728): begin
I/AEE/DUMPSTATE( 5728): aee_opt=0x200c60 
E/AEE/DUMPSTATE( 5728): copy_file: Copy /data/anr/5665.hprof to PROCESS_OOME_HPROF failed(2), No such file or directory
D/BootAnimation(  289): [BootAnimation checkExit 707]exitnow=0
D/BootAnimation(  289): [BootAnimation movie 844]i=1,r=119,j=0,lastFrame=277760056327(277760 ms),file=loop854_00065.png
D/BootAnimation(  289): [BootAnimation movie 847]glBindTexture,i=1,r=119,j=0,frame.tid=1,name=loop854_00065.png
D/BootAnimation(  289): [BootAnimation movie 882]1,delay=48
I/BufferQueue(  119): [BootAnimation](this:0x41de1e10,api:1) [queue] fps:19.75, dur:1012.84, max:60.41, min:42.81
D/BootAnimation(  289): [BootAnimation checkExit 707]exitnow=0
D/BootAnimation(  289): [BootAnimation movie 844]i=1,r=119,j=1,lastFrame=277818296942(277818 ms),file=loop854_00066.png
D/BootAnimation(  289): [BootAnimation movie 847]glBindTexture,i=1,r=119,j=1,frame.tid=2,name=loop854_00066.png
D/BootAnimation(  289): [BootAnimation movie 882]1,delay=48
D/BootAnimation(  289): [BootAnimation checkExit 707]exitnow=0
D/BootAnimation(  289): [BootAnimation movie 844]i=1,r=119,j=2,lastFrame=277868429173(277868 ms),file=loop854_00067.png
D/BootAnimation(  289): [BootAnimation movie 847]glBindTexture,i=1,r=119,j=2,frame.tid=3,name=loop854_00067.png
D/BootAnimation(  289): [BootAnimation movie 882]1,delay=48
D/BootAnimation(  289): [BootAnimation checkExit 707]exitnow=0
D/BootAnimation(  289): [BootAnimation movie 844]i=1,r=119,j=3,lastFrame=277918559019(277918 ms),file=loop854_00068.png
D/BootAnimation(  289): [BootAnimation movie 847]glBindTexture,i=1,r=119,j=3,frame.tid=4,name=loop854_00068.png
D/BootAnimation(  289): [BootAnimation movie 882]1,delay=48
D/BootAnimation(  289): [BootAnimation checkExit 707]exitnow=0
D/BootAnimation(  289): [BootAnimation movie 844]i=1,r=119,j=4,lastFrame=277970103866(277970 ms),file=loop854_00069.png
D/BootAnimation(  289): [BootAnimation movie 847]glBindTexture,i=1,r=119,j=4,frame.tid=5,name=loop854_00069.png
D/BootAnimation(  289): [BootAnimation movie 882]1,delay=48
D/BootAnimation(  289): [BootAnimation checkExit 707]exitnow=0
D/BootAnimation(  289): [BootAnimation movie 844]i=1,r=119,j=5,lastFrame=278020239327(278020 ms),file=loop854_00070.png
D/BootAnimation(  289): [BootAnimation movie 847]glBindTexture,i=1,r=119,j=5,frame.tid=6,name=loop854_00070.png
D/BootAnimation(  289): [BootAnimation movie 882]1,delay=48
D/BootAnimation(  289): [BootAnimation checkExit 707]exitnow=0
D/BootAnimation(  289): [BootAnimation movie 844]i=1,r=119,j=6,lastFrame=278070392327(278070 ms),file=loop854_00071.png
D/BootAnimation(  289): [BootAnimation movie 847]glBindTexture,i=1,r=119,j=6,frame.tid=7,name=loop854_00071.png
D/BootAnimation(  289): [BootAnimation movie 882]1,delay=48
D/BootAnimation(  289): [BootAnimation checkExit 707]exitnow=0
D/BootAnimation(  289): [BootAnimation movie 844]i=1,r=119,j=7,lastFrame=278120532712(278120 ms),file=loop854_00072.png
D/BootAnimation(  289): [BootAnimation movie 847]glBindTexture,i=1,r=119,j=7,frame.tid=8,name=loop854_00072.png
D/BootAnimation(  289): [BootAnimation movie 882]1,delay=48
D/BootAnimation(  289): [BootAnimation checkExit 707]exitnow=0
D/BootAnimation(  289): [BootAnimation movie 844]i=1,r=119,j=8,lastFrame=278174616250(278174 ms),file=loop854_00073.png
D/BootAnimation(  289): [BootAnimation movie 847]glBindTexture,i=1,r=119,j=8,frame.tid=9,name=loop854_00073.png
D/BootAnimation(  289): [BootAnimation movie 882]1,delay=48
D/BootAnimation(  289): [BootAnimation checkExit 707]exitnow=0
D/BootAnimation(  289): [BootAnimation movie 844]i=1,r=119,j=9,lastFrame=278224773789(278224 ms),file=loop854_00074.png
D/BootAnimation(  289): [BootAnimation movie 847]glBindTexture,i=1,r=119,j=9,frame.tid=10,name=loop854_00074.png
D/BootAnimation(  289): [BootAnimation movie 882]1,delay=48
D/BootAnimation(  289): [BootAnimation checkExit 707]exitnow=0
D/BootAnimation(  289): [BootAnimation movie 844]i=1,r=119,j=10,lastFrame=278274921250(278274 ms),file=loop854_00075.png
D/BootAnimation(  289): [BootAnimation movie 847]glBindTexture,i=1,r=119,j=10,frame.tid=11,name=loop854_00075.png
D/BootAnimation(  289): [BootAnimation movie 882]1,delay=48
D/BootAnimation(  289): [BootAnimation checkExit 707]exitnow=0
D/BootAnimation(  289): [BootAnimation movie 844]i=1,r=119,j=11,lastFrame=278325072481(278325 ms),file=loop854_00076.png
D/BootAnimation(  289): [BootAnimation movie 847]glBindTexture,i=1,r=119,j=11,frame.tid=12,name=loop854_00076.png
D/BootAnimation(  289): [BootAnimation movie 882]1,delay=48
D/BootAnimation(  289): [BootAnimation checkExit 707]exitnow=0
D/BootAnimation(  289): [BootAnimation movie 844]i=1,r=119,j=12,lastFrame=278375229404(278375 ms),file=loop854_00077.png
D/BootAnimation(  289): [BootAnimation movie 847]glBindTexture,i=1,r=119,j=12,frame.tid=13,name=loop854_00077.png
D/BootAnimation(  289): [BootAnimation movie 882]1,delay=48
I/BufferQueue(  119): [BootAnimation](this:0x41de1e10,api:1) [release] fps:19.65, dur:1017.61, max:78.35, min:39.01
I/SurfaceFlinger(  119): [SurfaceFlinger] fps:19.653202,dur:1017.65,max:78.37,min:38.95
I/BufferQueue(  119): [FramebufferSurface](this:0x41dd94b8,api:1) [queue] fps:19.28, dur:1037.10, max:78.29, min:19.56
D/BootAnimation(  289): [BootAnimation checkExit 707]exitnow=0
D/BootAnimation(  289): [BootAnimation movie 844]i=1,r=119,j=13,lastFrame=278429071250(278429 ms),file=loop854_00078.png
D/BootAnimation(  289): [BootAnimation movie 847]glBindTexture,i=1,r=119,j=13,frame.tid=14,name=loop854_00078.png
D/BootAnimation(  289): [BootAnimation movie 882]1,delay=48
I/SurfaceTextureClient(  289): [STC::queueBuffer] (this:0x4129fe38) fps:19.42, dur:1030.05, max:60.19, min:45.85
D/BootAnimation(  289): [BootAnimation checkExit 707]exitnow=0
D/BootAnimation(  289): [BootAnimation movie 844]i=1,r=119,j=14,lastFrame=278479231866(278479 ms),file=loop854_00079.png
D/BootAnimation(  289): [BootAnimation movie 847]glBindTexture,i=1,r=119,j=14,frame.tid=15,name=loop854_00079.png
D/BootAnimation(  289): [BootAnimation movie 882]1,delay=48
D/BootAnimation(  289): [BootAnimation checkExit 707]exitnow=0
D/BootAnimation(  289): [BootAnimation movie 844]i=1,r=119,j=15,lastFrame=278529385789(278529 ms),file=loop854_00080.png
D/BootAnimation(  289): [BootAnimation movie 847]glBindTexture,i=1,r=119,j=15,frame.tid=16,name=loop854_00080.png
D/BootAnimation(  289): [BootAnimation movie 882]1,delay=48
D/BootAnimation(  289): [BootAnimation checkExit 707]exitnow=0
D/BootAnimation(  289): [BootAnimation movie 844]i=1,r=119,j=16,lastFrame=278579537789(278579 ms),file=loop854_00081.png
D/BootAnimation(  289): [BootAnimation movie 847]glBindTexture,i=1,r=119,j=16,frame.tid=17,name=loop854_00081.png
D/BootAnimation(  289): [BootAnimation movie 882]1,delay=48
D/BootAnimation(  289): [BootAnimation checkExit 707]exitnow=0
D/BootAnimation(  289): [BootAnimation movie 844]i=1,r=119,j=17,lastFrame=278629679404(278629 ms),file=loop854_00082.png
D/BootAnimation(  289): [BootAnimation movie 847]glBindTexture,i=1,r=119,j=17,frame.tid=18,name=loop854_00082.png
D/BootAnimation(  289): [BootAnimation movie 882]1,delay=48
D/BootAnimation(  289): [BootAnimation checkExit 707]exitnow=0
D/BootAnimation(  289): [BootAnimation movie 844]i=1,r=119,j=18,lastFrame=278679862942(278679 ms),file=loop854_00083.png
D/BootAnimation(  289): [BootAnimation movie 847]glBindTexture,i=1,r=119,j=18,frame.tid=19,name=loop854_00083.png
D/BootAnimation(  289): [BootAnimation movie 882]1,delay=48
I/SurfaceTextureClient(  119): [STC::queueBuffer] (this:0x41dd9f88) fps:18.80, dur:1010.43, max:84.59, min:28.19
I/BufferQueue(  119): [FramebufferSurface](this:0x41dd94b8,api:1) [release] fps:18.80, dur:1010.43, max:84.54, min:28.20
D/BootAnimation(  289): [BootAnimation checkExit 707]exitnow=0
D/BootAnimation(  289): [BootAnimation movie 844]i=1,r=119,j=19,lastFrame=278730041250(278730 ms),file=loop854_00084.png
D/BootAnimation(  289): [BootAnimation movie 847]glBindTexture,i=1,r=119,j=19,frame.tid=20,name=loop854_00084.png
D/BootAnimation(  289): [BootAnimation movie 882]1,delay=48
D/BootAnimation(  289): [BootAnimation checkExit 707]exitnow=0
D/BootAnimation(  289): [BootAnimation movie 844]i=1,r=119,j=20,lastFrame=278780161866(278780 ms),file=loop854_00085.png
D/BootAnimation(  289): [BootAnimation movie 847]glBindTexture,i=1,r=119,j=20,frame.tid=21,name=loop854_00085.png
D/BootAnimation(  289): [BootAnimation movie 882]1,delay=48
I/BufferQueue(  119): [BootAnimation](this:0x41de1e10,api:1) [queue] fps:19.60, dur:1020.41, max:58.72, min:45.83
E/AEE/DUMPSTATE( 5728): copy_file: Copy /proc/gpulog to SYS_GPU_INFO failed(2), No such file or directory
I/AEE/DUMPSTATE( 5728): start multi thread dump!
E/AEE/DUMPSTATE( 5728): copy_file: Copy /proc/slabinfo to SYS_SLAB_INFO failed(2), No such file or directory
D/SurfaceFlinger(  119): Request capture screen (pid=5742, uid=0)
D/BootAnimation(  289): [BootAnimation checkExit 707]exitnow=0
D/BootAnimation(  289): [BootAnimation movie 844]i=1,r=119,j=21,lastFrame=278872541404(278872 ms),file=loop854_00086.png
D/BootAnimation(  289): [BootAnimation movie 847]glBindTexture,i=1,r=119,j=21,frame.tid=22,name=loop854_00086.png
E/AEE/DUMPSTATE( 5728): copy_file: Copy /sys/kernel/debug/wakeup_sources to SYS_KERNEL_WAKELOCKS failed(2), No such file or directory
D/BootAnimation(  289): [BootAnimation movie 882]2,delay=47
D/SurfaceFlinger(  119): screenshot: sw=480, sh=854, minZ=0, maxZ=-1
W/libdbus ( 5746): Failed to start message bus: Failed to open "/system/etc/dbus.conf": No such file or directory
D/BootAnimation(  289): [BootAnimation checkExit 707]exitnow=0
D/BootAnimation(  289): [BootAnimation movie 844]i=1,r=119,j=22,lastFrame=278946552712(278946 ms),file=loop854_00087.png
D/BootAnimation(  289): [BootAnimation movie 847]glBindTexture,i=1,r=119,j=22,frame.tid=23,name=loop854_00087.png
D/SurfaceFlinger(  119): screenshot: result = OK
