D/AudioMTKVolumeController( 5433): speakeraudiovolume 0 = 144
D/AudioMTKVolumeController( 5433): speakeraudiovolume 1 = 0
D/AudioMTKVolumeController( 5433): speakeraudiovolume 2 = 0
D/AudioMTKVolumeController( 5433): speakeraudiovolume 3 = 0
D/AudioMTKVolumeController( 5433): speakeraudiovolume 4 = 0
D/AudioMTKVolumeController( 5433): speakeraudiovolume 5 = 0
D/AudioMTKVolumeController( 5433): headsetspeakeraudiovolume 0 = 112
D/AudioMTKVolumeController( 5433): headsetspeakeraudiovolume 1 = 160
D/AudioMTKVolumeController( 5433): headsetspeakeraudiovolume 2 = 0
D/AudioMTKVolumeController( 5433): headsetspeakeraudiovolume 3 = 0
D/AudioMTKVolumeController( 5433): headsetspeakeraudiovolume 4 = 0
D/AudioMTKVolumeController( 5433): headsetspeakeraudiovolume 5 = 0
D/AudioMTKVolumeController( 5433): headsetspeakeraudiovolume 6 = 0
D/AudioMTKVolumeController( 5433): headsetspeakeraudiovolume 7 = 0
D/AudioMTKVolumeController( 5433): audiovolume_level 0 = 7
D/AudioMTKVolumeController( 5433): audiovolume_level 1 = 7
D/AudioMTKVolumeController( 5433): audiovolume_level 2 = 7
D/AudioMTKVolumeController( 5433): audiovolume_level 3 = 7
D/AudioMTKVolumeController( 5433): audiovolume_level 4 = 7
D/AudioMTKVolumeController( 5433): audiovolume_level 5 = 7
D/AudioMTKVolumeController( 5433): audiovolume_level 6 = 7
D/AudioMTKVolumeController( 5433): audiovolume_level 7 = 7
D/AudioMTKVolumeController( 5433): audiovolume_level 8 = 7
D/AudioMTKVolumeController( 5433): Volume = 128 MampVoiceVolume DegradedB = 4.000000 
D/AudioMTKVolumeController( 5433): SetVolumeRange mode=0, MaxVolume=9, MinVolume=-5 VolumeRange = 8
D/AudioMTKVolumeController( 5433): Volume = 136 MampAudioVolume DegradedB = 2.000000 
D/AudioMTKVolumeController( 5433): SetVolumeRange mode=1, MaxVolume=9, MinVolume=-5 VolumeRange = 4
D/AudioMTKVolumeController( 5433): SetVolumeRange mode=2, MaxVolume=9, MinVolume=-5 VolumeRange = 4
D/AudioMTKVolumeController( 5433): Volume = 144 MampSpkAmpVolume DegradedB = 7.000000 
D/AudioMTKVolumeController( 5433): SetVolumeRange mode=3, MaxVolume=15, MinVolume=4 VolumeRange = 7
D/AudioMTKVolumeController( 5433): Volume = 128 MampVoiceVolume DegradedB = 4.000000 
D/AudioMTKVolumeController( 5433): SetVolumeRange mode=4, MaxVolume=9, MinVolume=-5 VolumeRange = 8
D/AudioMTKVolumeController( 5433): Volume = 112 MampAudioVolume DegradedB = 5.000000 
D/AudioMTKVolumeController( 5433): SetVolumeRange mode=5, MaxVolume=9, MinVolume=-5 VolumeRange = 10
D/AudioMTKVolumeController( 5433): SetVolumeRange mode=6, MaxVolume=9, MinVolume=-5 VolumeRange = 10
D/AudioMTKVolumeController( 5433): Volume = 160 MampSpkAmpVolume DegradedB = 3.000000 
D/AudioMTKVolumeController( 5433): SetVolumeRange mode=7, MaxVolume=15, MinVolume=4 VolumeRange = 3
D/AudioMTKVolumeController( 5433): Volume = 128 MampVoiceVolume DegradedB = 4.000000 
D/AudioMTKVolumeController( 5433): SetVolumeRange mode=8, MaxVolume=9, MinVolume=-5 VolumeRange = 8
D/AudioMTKVolumeController( 5433): Volume = 136 MampAudioVolume DegradedB = 2.000000 
D/AudioMTKVolumeController( 5433): SetVolumeRange mode=9, MaxVolume=9, MinVolume=-5 VolumeRange = 4
D/AudioMTKVolumeController( 5433): SetVolumeRange mode=10, MaxVolume=9, MinVolume=-5 VolumeRange = 4
D/AudioMTKVolumeController( 5433): Volume = 0 MampSpkAmpVolume DegradedB = 43.000000 
D/AudioMTKVolumeController( 5433): SetVolumeRange mode=11, MaxVolume=15, MinVolume=4 VolumeRange = 43
D/AudioMTKVolumeController( 5433): Volume = 128 MampVoiceVolume DegradedB = 4.000000 
D/AudioMTKVolumeController( 5433): SetVolumeRange mode=12, MaxVolume=9, MinVolume=-5 VolumeRange = 8
D/AudioMTKVolumeController( 5433): Volume = 136 MampAudioVolume DegradedB = 2.000000 
D/AudioMTKVolumeController( 5433): SetVolumeRange mode=13, MaxVolume=9, MinVolume=-5 VolumeRange = 4
D/AudioMTKVolumeController( 5433): SetVolumeRange mode=14, MaxVolume=9, MinVolume=-5 VolumeRange = 4
D/AudioMTKVolumeController( 5433): Volume = 0 MampSpkAmpVolume DegradedB = 43.000000 
D/AudioMTKVolumeController( 5433): SetVolumeRange mode=15, MaxVolume=15, MinVolume=4 VolumeRange = 43
D/AudioMTKVolumeController( 5433):  not define MTK_AUDIO_GAIN_TABLE_SUPPORT
D/AudioMTKVolumeController( 5433): Volume = 184 UPLINK_GAIN_MAX DegradedB = 17.000000 
D/AudioMTKVolumeController( 5433): SetMicGain MicMode=0, Gain=17
D/AudioMTKVolumeController( 5433): Volume = 184 UPLINK_GAIN_MAX DegradedB = 17.000000 
D/AudioMTKVolumeController( 5433): SetMicGain MicMode=1, Gain=17
D/AudioMTKVolumeController( 5433): Volume = 144 UPLINK_GAIN_MAX DegradedB = 27.000000 
D/AudioMTKVolumeController( 5433): SetMicGain MicMode=6, Gain=27
D/AudioMTKVolumeController( 5433): Volume = 168 UPLINK_GAIN_MAX DegradedB = 21.000000 
D/AudioMTKVolumeController( 5433): SetMicGain MicMode=7, Gain=21
D/AudioMTKVolumeController( 5433): Volume = 160 UPLINK_GAIN_MAX DegradedB = 23.000000 
D/AudioMTKVolumeController( 5433): SetMicGain MicMode=8, Gain=23
D/AudioMTKVolumeController( 5433): Volume = 64 UPLINK_GAIN_MAX DegradedB = 47.000000 
D/AudioMTKVolumeController( 5433): SetMicGain MicMode=12, Gain=47
D/AudioMTKVolumeController( 5433): Volume = 200 UPLINK_GAIN_MAX DegradedB = 13.000000 
D/AudioMTKVolumeController( 5433): SetMicGain MicMode=2, Gain=13
D/AudioMTKVolumeController( 5433): Volume = 208 UPLINK_GAIN_MAX DegradedB = 11.000000 
D/AudioMTKVolumeController( 5433): SetMicGain MicMode=3, Gain=11
D/AudioMTKVolumeController( 5433): Volume = 160 UPLINK_GAIN_MAX DegradedB = 23.000000 
D/AudioMTKVolumeController( 5433): SetMicGain MicMode=9, Gain=23
D/AudioMTKVolumeController( 5433): Volume = 172 UPLINK_GAIN_MAX DegradedB = 20.000000 
D/AudioMTKVolumeController( 5433): SetMicGain MicMode=10, Gain=20
D/AudioMTKVolumeController( 5433): Volume = 172 UPLINK_GAIN_MAX DegradedB = 20.000000 
D/AudioMTKVolumeController( 5433): SetMicGain MicMode=11, Gain=20
D/AudioMTKVolumeController( 5433): Volume = 184 UPLINK_GAIN_MAX DegradedB = 17.000000 
D/AudioMTKVolumeController( 5433): SetMicGain MicMode=4, Gain=17
D/AudioMTKVolumeController( 5433): Volume = 184 UPLINK_GAIN_MAX DegradedB = 17.000000 
D/AudioMTKVolumeController( 5433): SetMicGain MicMode=5, Gain=17
D/AudioMTKVolumeController( 5433): Volume = 184 UPLINK_GAIN_MAX DegradedB = 17.000000 
D/AudioMTKVolumeController( 5433): SetMicGain MicMode=15, Gain=17
D/AudioMTKVolumeController( 5433): Volume = 184 UPLINK_GAIN_MAX DegradedB = 17.000000 
D/AudioMTKVolumeController( 5433): SetMicGain MicMode=16, Gain=17
D/AudioMTKVolumeController( 5433): Volume = 184 UPLINK_GAIN_MAX DegradedB = 17.000000 
D/AudioMTKVolumeController( 5433): SetMicGain MicMode=17, Gain=17
D/AudioMTKVolumeController( 5433): Volume = 184 UPLINK_GAIN_MAX DegradedB = 17.000000 
D/AudioMTKVolumeController( 5433): SetMicGain MicMode=18, Gain=17
D/AudioMTKVolumeController( 5433): Volume = 184 UPLINK_GAIN_MAX DegradedB = 17.000000 
D/AudioMTKVolumeController( 5433): SetMicGain MicMode=19, Gain=17
D/AudioMTKVolumeController( 5433): Volume = 184 UPLINK_GAIN_MAX DegradedB = 17.000000 
D/AudioMTKVolumeController( 5433): SetMicGain MicMode=20, Gain=17
D/AudioMTKVolumeController( 5433): Volume = 184 UPLINK_GAIN_MAX DegradedB = 17.000000 
D/AudioMTKVolumeController( 5433): SetMicGain MicMode=21, Gain=17
D/AudioMTKVolumeController( 5433): Volume = 184 UPLINK_GAIN_MAX DegradedB = 17.000000 
D/AudioMTKVolumeController( 5433): SetMicGain MicMode=22, Gain=17
D/AudioMTKVolumeController( 5433): Volume = 112 MampLevelShiftBufferGain DegradedB = 4.000000 
D/AudioMTKVolumeController( 5433): SetLevelShiftBufferGain MicMode=13, Gain=c
D/AudioMTKVolumeController( 5433): micgain 0 = 17
D/AudioMTKVolumeController( 5433): micgain 1 = 17
D/AudioMTKVolumeController( 5433): micgain 2 = 13
D/AudioMTKVolumeController( 5433): micgain 3 = 11
D/AudioMTKVolumeController( 5433): micgain 4 = 17
D/AudioMTKVolumeController( 5433): micgain 5 = 17
D/AudioMTKVolumeController( 5433): micgain 6 = 27
D/AudioMTKVolumeController( 5433): micgain 7 = 21
D/AudioMTKVolumeController( 5433): micgain 8 = 23
D/AudioMTKVolumeController( 5433): micgain 9 = 23
D/AudioMTKVolumeController( 5433): micgain 10 = 20
D/AudioMTKVolumeController( 5433): micgain 11 = 20
D/AudioMTKVolumeController( 5433): micgain 12 = 47
D/AudioMTKVolumeController( 5433): micgain 13 = 12
D/AudioMTKVolumeController( 5433): micgain 14 = 1864394098
D/AudioMTKVolumeController( 5433): micgain 15 = 17
D/AudioMTKVolumeController( 5433): micgain 16 = 17
D/AudioMTKVolumeController( 5433): micgain 17 = 17
D/AudioMTKVolumeController( 5433): micgain 18 = 17
D/AudioMTKVolumeController( 5433): micgain 19 = 17
D/AudioMTKVolumeController( 5433): micgain 20 = 17
D/AudioMTKVolumeController( 5433): micgain 21 = 17
D/AudioMTKVolumeController( 5433): micgain 22 = 17
D/AudioMTKVolumeController( 5433): SetSideTone type Mode = 0 devices = 0
D/AudioMTKVolumeController( 5433): SetSideTone type Mode = 1 devices = 0
D/AudioMTKVolumeController( 5433): SetSideTone type Mode = 2 devices = 0
D/AudioMTKVolumeController( 5433): -UniqueVolumeInstance
D/AudioMTKVolumeController( 5433): AudioMTKVolumeController initCheck
D/AudioDigitalControl( 5433): +InitCheck()
D/AudioAnalogControl( 5433): InitCheck 
D/AudioAnalogControl( 5433): SetAnalogPinmuxInverse bEnable = 0
D/AudioResourceManager( 5433): EnableAudioClock AudioLockType = 1 bEnable = 0
D/AudioResourceManager( 5433): EnableAudioClock AudioLockType = 4 bEnable = 0
D/AudioResourceManager( 5433): EnableAudioClock AudioLockType = 1 bEnable = 1
D/AudioResourceManager( 5433): EnableAudioClock AudioLockType = 4 bEnable = 1
D/AudioMTKStreamInManager( 5433): +AudioMTKStreamInManager
D/AudioMTKStreamInManager( 5433): AudioMTKStreamInManager constructor
D/AudioMTKStreamInManager( 5433): PreLoadHDRecParams+++
D/AudioYusuParam( 5433): Get nvram restore ready retry cc=1
D/NVRAM   ( 5433): NVM_GetFileDesc ++
D/NVRAM   ( 5433): NVM_GetCfgFileTable : file_lid = 40
D/NVRAM   ( 5433): NVM_GetCfgFileTable done
D/NVRAM   ( 5433): Open /data/nvram/APCFG/APRDCL/Audio_Hd_Record_Scene_Table,LID:40
D/NVRAM   ( 5433): NVM_CmpFileVerNo 40  
D/NVRAM   ( 5433): NVM_GetCfgFileTable : file_lid = 40
D/NVRAM   ( 5433): NVM_CheckVerFile: 0
D/NVRAM   ( 5433): New version info file
D/NVRAM   ( 5433): Load File Version: 001, NvRam File Version: 001
D/NVRAM   ( 5433): NVM_CheckFileSize : 40 ++
D/NVRAM   ( 5433): iCustomBeginLID = 25
D/NVRAM   ( 5433): NVM_CheckVerFile: 1
D/NVRAM   ( 5433): NVM_GetCfgFileTable : file_lid = 40
D/NVRAM   ( 5433): NVM_CheckFileSize:stat_size:137,size in table:135
D/NVRAM   ( 5433): NVM_ProtectUserData
D/NVRAM   ( 5433): NVM_ProtectUserData:Check File
D/NVRAM   ( 5433): NVM_CheckFile: File is correct!
D/NVRAM   ( 5433): NVM_ProtectUserData:Check Success
D/NVRAM   ( 5433): NVM_GetFileDesc ProtectDataFile Check Success!!
D/NVRAM   ( 5433): NVM_GetFileDesc --
D/AudioYusuParam( 5433): GetHdRecordSceneTableFromNV rec_size = 135 rec_num = 1
D/NVRAM   ( 5433): NVM_CloseFileDesc: Open by Readonly, no need to check when close
D/AudioYusuParam( 5433): GetHdRecordSceneTableFromNV result = 135
D/AudioYusuParam( 5433): Get nvram restore ready retry cc=1
D/NVRAM   ( 5433): NVM_GetFileDesc ++
D/NVRAM   ( 5433): NVM_GetCfgFileTable : file_lid = 39
D/NVRAM   ( 5433): NVM_GetCfgFileTable done
D/NVRAM   ( 5433): Open /data/nvram/APCFG/APRDCL/Audio_Hd_Record_Param,LID:39
D/NVRAM   ( 5433): NVM_CmpFileVerNo 39  
D/NVRAM   ( 5433): NVM_GetCfgFileTable : file_lid = 39
D/NVRAM   ( 5433): NVM_CheckVerFile: 0
D/NVRAM   ( 5433): New version info file
D/NVRAM   ( 5433): Load File Version: 001, NvRam File Version: 001
D/NVRAM   ( 5433): NVM_CheckFileSize : 39 ++
D/NVRAM   ( 5433): iCustomBeginLID = 25
D/NVRAM   ( 5433): NVM_CheckVerFile: 1
D/NVRAM   ( 5433): NVM_GetCfgFileTable : file_lid = 39
D/NVRAM   ( 5433): NVM_CheckFileSize:stat_size:4056,size in table:4054
D/NVRAM   ( 5433): NVM_ProtectUserData
D/NVRAM   ( 5433): NVM_ProtectUserData:Check File
D/NVRAM   ( 5433): NVM_CheckFile: File is correct!
D/NVRAM   ( 5433): NVM_ProtectUserData:Check Success
D/NVRAM   ( 5433): NVM_GetFileDesc ProtectDataFile Check Success!!
D/NVRAM   ( 5433): NVM_GetFileDesc --
D/AudioYusuParam( 5433): GetHdRecordParamFromNV rec_size = 4054 rec_num = 1
D/NVRAM   ( 5433): NVM_CloseFileDesc: Open by Readonly, no need to check when close
D/AudioYusuParam( 5433): GetHdRecordParamFromNV result = 4054
D/AudioMTKStreamInManager( 5433): PreLoadHDRecParams---
D/AudioMTKStreamInManager( 5433): -AudioMTKStreamInManager
D/AudioFtm( 5433): +UniqueAudioFtmInstance
D/AudioMTKVolumeController( 5433): AudioMTKVolumeController initCheck
D/AudioDigitalControl( 5433): +InitCheck()
D/AudioAnalogControl( 5433): InitCheck 
D/AudioAnalogControl( 5433): AudioAnalogControl SetFrequency DeviceType = 0, frequency = 48000
D/AudioPlatformDevice( 5433): AudioPlatformDevice SetFrequency
D/AudioMachineDevice( 5433): SetFrequency
D/AudioAnalogControl( 5433): AudioAnalogControl SetFrequency DeviceType = 1, frequency = 48000
D/AudioPlatformDevice( 5433): AudioPlatformDevice SetFrequency
D/AudioMachineDevice( 5433): SetFrequency
D/AudioAnalogControl( 5433): AnalogSetMux DeviceType = DEVICE_OUT_EARPIECER MUX_TYPE = MUX_VOICE
D/AudioAnalogControl( 5433): +CheckDevicePolicy Par1 = 0 AnalogType = 2
D/AudioAnalogControl( 5433): -CheckDevicePolicy Par1 = 0 AnalogType = 2
D/AudioMachineDevice( 5433): AnalogSetMux DeviceType = DEVICE_OUT_EARPIECER MuxType = MUX_VOICE
W/AudioMachineDevice( 5433): AnalogSetMux warning
D/AudioPlatformDevice( 5433): AAudioPlatformDevice nalogSetMux DeviceType = DEVICE_OUT_EARPIECER MuxType = MUX_VOICE
D/AudioAnalogControl( 5433): AnalogSetMux DeviceType = DEVICE_OUT_SPEAKERR MUX_TYPE = MUX_AUDIO
D/AudioAnalogControl( 5433): +CheckDevicePolicy Par1 = 4 AnalogType = 2
D/AudioAnalogControl( 5433): -CheckDevicePolicy Par1 = 4 AnalogType = 2
D/AudioMachineDevice( 5433): AnalogSetMux DeviceType = DEVICE_OUT_SPEAKERR MuxType = MUX_AUDIO
W/AudioMachineDevice( 5433): AnalogSetMux warning
D/AudioPlatformDevice( 5433): AAudioPlatformDevice nalogSetMux DeviceType = DEVICE_OUT_SPEAKERR MuxType = MUX_AUDIO
D/AudioAnalogControl( 5433): AnalogSetMux DeviceType = DEVICE_OUT_SPEAKERL MUX_TYPE = MUX_AUDIO
D/AudioAnalogControl( 5433): +CheckDevicePolicy Par1 = 5 AnalogType = 2
D/AudioAnalogControl( 5433): -CheckDevicePolicy Par1 = 5 AnalogType = 2
D/AudioMachineDevice( 5433): AnalogSetMux DeviceType = DEVICE_OUT_SPEAKERL MuxType = MUX_AUDIO
W/AudioMachineDevice( 5433): AnalogSetMux warning
D/AudioPlatformDevice( 5433): AAudioPlatformDevice nalogSetMux DeviceType = DEVICE_OUT_SPEAKERL MuxType = MUX_AUDIO
D/AudioAnalogControl( 5433): AnalogSetMux DeviceType = DEVICE_OUT_HEADSETR MUX_TYPE = MUX_AUDIO
D/AudioAnalogControl( 5433): +CheckDevicePolicy Par1 = 2 AnalogType = 2
D/AudioAnalogControl( 5433): -CheckDevicePolicy Par1 = 2 AnalogType = 2
D/AudioMachineDevice( 5433): AnalogSetMux DeviceType = DEVICE_OUT_HEADSETR MuxType = MUX_AUDIO
W/AudioMachineDevice( 5433): AnalogSetMux warning
D/AudioPlatformDevice( 5433): AAudioPlatformDevice nalogSetMux DeviceType = DEVICE_OUT_HEADSETR MuxType = MUX_AUDIO
D/AudioAnalogControl( 5433): AnalogSetMux DeviceType = DEVICE_OUT_HEADSETL MUX_TYPE = MUX_AUDIO
D/AudioAnalogControl( 5433): +CheckDevicePolicy Par1 = 3 AnalogType = 2
D/AudioAnalogControl( 5433): -CheckDevicePolicy Par1 = 3 AnalogType = 2
D/AudioMachineDevice( 5433): AnalogSetMux DeviceType = DEVICE_OUT_HEADSETL MuxType = MUX_AUDIO
W/AudioMachineDevice( 5433): AnalogSetMux warning
D/AudioPlatformDevice( 5433): AAudioPlatformDevice nalogSetMux DeviceType = DEVICE_OUT_HEADSETL MuxType = MUX_AUDIO
D/AudioAnalogControl( 5433): AnalogSetMux DeviceType = DEVICE_OUT_SPEAKER_HEADSET_R MUX_TYPE = MUX_AUDIO
D/AudioAnalogControl( 5433): +CheckDevicePolicy Par1 = 6 AnalogType = 2
D/AudioAnalogControl( 5433): -CheckDevicePolicy Par1 = 6 AnalogType = 2
D/AudioMachineDevice( 5433): AnalogSetMux DeviceType = DEVICE_OUT_SPEAKER_HEADSET_R MuxType = MUX_AUDIO
W/AudioMachineDevice( 5433): AnalogSetMux warning
D/AudioPlatformDevice( 5433): AAudioPlatformDevice nalogSetMux DeviceType = DEVICE_OUT_SPEAKER_HEADSET_R MuxType = MUX_AUDIO
D/AudioAnalogControl( 5433): AnalogSetMux DeviceType = DEVICE_OUT_SPEAKER_HEADSET_L MUX_TYPE = MUX_AUDIO
D/AudioAnalogControl( 5433): +CheckDevicePolicy Par1 = 7 AnalogType = 2
D/AudioAnalogControl( 5433): -CheckDevicePolicy Par1 = 7 AnalogType = 2
D/AudioMachineDevice( 5433): AnalogSetMux DeviceType = DEVICE_OUT_SPEAKER_HEADSET_L MuxType = MUX_AUDIO
W/AudioMachineDevice( 5433): AnalogSetMux warning
D/AudioPlatformDevice( 5433): AAudioPlatformDevice nalogSetMux DeviceType = DEVICE_OUT_SPEAKER_HEADSET_L MuxType = MUX_AUDIO
D/AudioAnalogControl( 5433): AnalogSetMux DeviceType = DEVICE_IN_PREAMP_L MUX_TYPE = MUX_IN_MIC1
D/AudioAnalogControl( 5433): +CheckDevicePolicy Par1 = 16 AnalogType = 2
D/AudioAnalogControl( 5433): -CheckDevicePolicy Par1 = 16 AnalogType = 2
D/AudioMachineDevice( 5433): AnalogSetMux DeviceType = DEVICE_IN_PREAMP_L MuxType = MUX_IN_MIC1
D/AudioAnalogReg( 5433): SetAnalogReg offet = 0x706 value = 0x0 mask = 0xffff0100
D/AudioAnalogReg( 5433): SetAnalogReg offet = 0x700 value = 0x0 mask = 0xffff000f
D/AudioPlatformDevice( 5433): AAudioPlatformDevice nalogSetMux DeviceType = DEVICE_IN_PREAMP_L MuxType = MUX_IN_MIC1
D/AudioAnalogControl( 5433): AnalogSetMux DeviceType = DEVICE_IN_PREAMP_R MUX_TYPE = MUX_IN_MIC1
D/AudioAnalogControl( 5433): +CheckDevicePolicy Par1 = 17 AnalogType = 2
D/AudioAnalogControl( 5433): -CheckDevicePolicy Par1 = 17 AnalogType = 2
D/AudioMachineDevice( 5433): AnalogSetMux DeviceType = DEVICE_IN_PREAMP_R MuxType = MUX_IN_MIC1
D/AudioAnalogReg( 5433): SetAnalogReg offet = 0x706 value = 0x200 mask = 0xffff0200
D/AudioAnalogReg( 5433): SetAnalogReg offet = 0x702 value = 0x40 mask = 0xffff00f0
D/AudioPlatformDevice( 5433): AAudioPlatformDevice nalogSetMux DeviceType = DEVICE_IN_PREAMP_R MuxType = MUX_IN_MIC1
D/AudioFtm( 5433): -UniqueAudioFtmInstance
D/AudioMTKStreamManager( 5433): +UniqueAnalogInstance
D/AudioMTKStreamManager( 5433): AudioMTKStreamManager contructor 
D/AudioMTKStreamManager( 5433): -UniqueAnalogInstance
D/AudioMTKVolumeController( 5433): AudioMTKVolumeController initCheck
D/AudioDigitalControl( 5433): +InitCheck()
D/AudioAnalogControl( 5433): InitCheck 
D/AudioAnalogControl( 5433): AudioAnalogControl SetFrequency DeviceType = 0, frequency = 44100
D/AudioPlatformDevice( 5433): AudioPlatformDevice SetFrequency
D/AudioMachineDevice( 5433): SetFrequency
D/AudioDigitalControl( 5433): +AllocateMemBufferSize(), allocate buffer InterfaceType = 0, mBufferSize = 16384 
D/AudioDigitalControl( 5433): allocate buffer done
D/AudioDigitalControl( 5433): +AllocateMemBufferSize(), allocate buffer InterfaceType = 1, mBufferSize = 16384 
D/AudioDigitalControl( 5433): allocate buffer done
D/AudioDigitalControl( 5433): +AllocateMemBufferSize(), allocate buffer InterfaceType = 5, mBufferSize = 16384 
D/AudioDigitalControl( 5433): allocate buffer done
D/AudioDigitalControl( 5433): +AllocateMemBufferSize(), allocate buffer InterfaceType = 2, mBufferSize = 16384 
D/AudioDigitalControl( 5433): allocate buffer done
D/AudioDigitalControl( 5433): +AllocateMemBufferSize(), allocate buffer InterfaceType = 6, mBufferSize = 8192 
D/AudioDigitalControl( 5433): allocate buffer done
D/SpeechDriverFactory( 5433): GetInstance() GetInstance! mSpeechDriverFactory: 0x0
D/SpeechDriverFactory( 5433): SpeechDriverFactory() constructor!
D/SpeechDriverLAD( 5433): GetInstance(), modem_index:0
D/SpeechDriverLAD( 5433): SpeechDriverLAD(), modem_index = 0
D/SpeechMessengerCCCI( 5433): SpeechMessengerCCCI() constructor!
D/SpeechMessengerCCCI( 5433): ResetSpeechParamAckCount(), NB(0)/DMNR(0)/WB(0)
D/SpeechMessengerCCCI( 5433): Initial(), ShareBufAdd:0x0x4175f000, ShareBufLen:32768
D/SpeechDriverLAD( 5433): CleanGainValueAndMuteStatus()
D/SpeechDriverLAD( 5433): GetInstance(), pLad:0x41757fa0
D/SpeechDriverFactory( 5433): GetInstance() GetInstance done! mSpeechDriverFactory: 0x41757f88
D/AudioSpeechEnhanceInfo( 5433): +AudioSpeechEnhanceInfo
D/AudioSpeechEnhanceInfo( 5433): AudioSpeechEnhanceInfo constructor
D/AudioSpeechEnhanceInfo( 5433): -AudioSpeechEnhanceInfo
D/AudioSpeechEnhanceInfo( 5433): getInstance()
D/AudioBTCVSDControl( 5433): +AudioBTCVSDControlInterface
D/AudioBTCVSDControl( 5433): AudioBTCVSDControlInterface constructor
D/AudioBTCVSDControl( 5433): -AudioBTCVSDControlInterface
D/AudioBTCVSDControl( 5433): AudioBTCVSDControlInterface getInstance()
D/AudioBTCVSDControl( 5433): BT_SCO_CVSD_Init() allocate mBTSCOCVSDContext
D/AudioYusuParam( 5433): Get nvram restore ready retry cc=1
D/NVRAM   ( 5433): NVM_GetFileDesc ++
D/NVRAM   ( 5433): NVM_GetCfgFileTable : file_lid = 42
D/NVRAM   ( 5433): NVM_GetCfgFileTable done
D/NVRAM   ( 5433): Open /data/nvram/APCFG/APRDCL/Audio_Buffer_DC_Calibration_Param,LID:42
D/NVRAM   ( 5433): NVM_CmpFileVerNo 42  
D/NVRAM   ( 5433): NVM_GetCfgFileTable : file_lid = 42
D/NVRAM   ( 5433): NVM_CheckVerFile: 0
D/NVRAM   ( 5433): New version info file
D/NVRAM   ( 5433): Load File Version: 000, NvRam File Version: 000
D/NVRAM   ( 5433): NVM_CheckFileSize : 42 ++
D/NVRAM   ( 5433): iCustomBeginLID = 25
D/NVRAM   ( 5433): NVM_CheckVerFile: 1
D/NVRAM   ( 5433): NVM_GetCfgFileTable : file_lid = 42
D/NVRAM   ( 5433): NVM_CheckFileSize:stat_size:10,size in table:8
D/NVRAM   ( 5433): NVM_ProtectUserData
D/NVRAM   ( 5433): NVM_ProtectUserData:Check File
D/NVRAM   ( 5433): NVM_CheckFile: File is correct!
D/NVRAM   ( 5433): NVM_ProtectUserData:Check Success
D/NVRAM   ( 5433): NVM_GetFileDesc ProtectDataFile Check Success!!
D/NVRAM   ( 5433): NVM_GetFileDesc --
D/AudioYusuParam( 5433): GetDcCalibrationParamFromNV rec_size = 8 rec_num = 1
D/NVRAM   ( 5433): NVM_CloseFileDesc: Open by Readonly, no need to check when close
D/AudioMTKHardware( 5433): GetDefaultDcCalibrationParam 0x1 HPL= 0x16b, HPR = 0x145
D/AudioMTKHardware( 5433): DC Calibration Flag 1, HPL 0x16b, HPR 0x145
D/AudioMTKHardware( 5433): SetDcCalibration(), headphoneL = 0x16b, headphoneR = 0x145 
D/AudioAnalogControl( 5433): AnalogOpen DeviceType = DEVICE_OUT_HEADSETR, dc_calibration 0x249
D/AudioAnalogControl( 5433): AnalogOpen DeviceType = DEVICE_OUT_HEADSETL, dc_calibration 0x28d
D/AudioParamTuning( 5433): create AudioParamTuning instance --
D/AudioParamTuning( 5433): AudioParamTuning in +
D/AudioMTKVolumeController( 5433): AudioMTKVolumeController initCheck
D/SpeechDriverFactory( 5433): GetInstance() GetInstance! mSpeechDriverFactory: 0x41757f88
D/SpeechDriverFactory( 5433): GetInstance() GetInstance done! mSpeechDriverFactory: 0x41757f88
D/SpeechDriverFactory( 5433): GetInstance() GetInstance! mSpeechDriverFactory: 0x41757f88
D/SpeechDriverFactory( 5433): GetInstance() GetInstance done! mSpeechDriverFactory: 0x41757f88
D/AudioYusuParam( 5433): GetVolumeVer1ParamFromNV 
D/AudioYusuParam( 5433): Get nvram restore ready retry cc=1
D/NVRAM   ( 5433): NVM_GetFileDesc ++
D/NVRAM   ( 5433): NVM_GetCfgFileTable : file_lid = 38
D/NVRAM   ( 5433): NVM_GetCfgFileTable done
D/NVRAM   ( 5433): Open /data/nvram/APCFG/APRDCL/Audio_ver1_Vol_custom,LID:38
D/NVRAM   ( 5433): NVM_CmpFileVerNo 38  
D/NVRAM   ( 5433): NVM_GetCfgFileTable : file_lid = 38
D/NVRAM   ( 5433): NVM_CheckVerFile: 0
D/NVRAM   ( 5433): New version info file
D/NVRAM   ( 5433): Load File Version: 001, NvRam File Version: 001
D/NVRAM   ( 5433): NVM_CheckFileSize : 38 ++
D/NVRAM   ( 5433): iCustomBeginLID = 25
D/NVRAM   ( 5433): NVM_CheckVerFile: 1
D/NVRAM   ( 5433): NVM_GetCfgFileTable : file_lid = 38
D/NVRAM   ( 5433): NVM_CheckFileSize:stat_size:583,size in table:581
D/NVRAM   ( 5433): NVM_ProtectUserData
D/NVRAM   ( 5433): NVM_ProtectUserData:Check File
D/NVRAM   ( 5433): NVM_CheckFile: File is correct!
D/NVRAM   ( 5433): NVM_ProtectUserData:Check Success
D/NVRAM   ( 5433): NVM_GetFileDesc ProtectDataFile Check Success!!
D/NVRAM   ( 5433): NVM_GetFileDesc --
D/AudioYusuParam( 5433): GetVolumeVer1ParamFromNV rec_size = 581 rec_num = 1
D/NVRAM   ( 5433): NVM_CloseFileDesc: Open by Readonly, no need to check when close
D/AudioParamTuning( 5433): AudioYusuParamTuning: default mic gain:144, receiver gain:128, headset Gain:100
D/AudioParamTuning( 5433): create AudioParamTuning instance ++
D/AudioResourceManager( 5433): EnableAudioClock AudioLockType = 1 bEnable = 0
D/AudioResourceManager( 5433): EnableAudioClock AudioLockType = 4 bEnable = 0
D/AudioMTKHardware( 5433): AudioMTKHardware create 
D/AudioHardwareInterface( 5433): Creating Vendor Specific AudioHardware = 0x41757db0
D/AudioMTKHardware( 5433): AudioMTKHardware initCheck
D/AudioMTKHardware( 5433): AudioMTKHardware initCheck
D/AudioMTKHardware( 5433): AudioMTKHardware setMasterVolume volume = 1.000000
D/AudioMTKVolumeController( 5433): AudioMTKVolumeController setMasterVolume v = 1.000000 mode = 0 devices = 0x0
D/AudioMTKVolumeController( 5433): ApplyDualmodeGain gain = 256 mode = 0 devices = 6
D/AudioMTKVolumeController( 5433): ApplyAudioGain  Gain = 256 mode= 0 device = 6
D/AudioMTKVolumeController( 5433): ApplyAudioGain  DegradedBGain = 10 mVolumeRange[mode] = 10 
D/AudioAnalogControl( 5433): SetAnalogGain VoleumType = 2 volume = 10 
D/AudioPlatformDevice( 5433): SetAnalogGain VOLUME_TYPE = 2 volume = 10 
D/AudioMachineDevice( 5433): SetAnalogGain VOLUME_TYPE = 2 volume = 10 
D/AudioAnalogReg( 5433): SetAnalogReg offet = 0x70a value = 0x2000 mask = 0xffff7000
D/AudioAnalogControl( 5433): SetAnalogGain VoleumType = 3 volume = 10 
D/AudioPlatformDevice( 5433): SetAnalogGain VOLUME_TYPE = 3 volume = 10 
D/AudioMachineDevice( 5433): SetAnalogGain VOLUME_TYPE = 3 volume = 10 
D/AudioAnalogReg( 5433): SetAnalogReg offet = 0x70a value = 0x200 mask = 0xffff0700
D/AudioMTKVolumeController( 5433): ApplyDualmodeGain gain = 256 mode = 0 devices = 7
D/AudioMTKVolumeController( 5433): ApplyAmpGain  Gain = 256 mode= 0 device = 7
D/AudioMTKVolumeController( 5433): DegradedBGain   = 3
D/AudioAnalogControl( 5433): SetAnalogGain VoleumType = 4 volume = 3 
D/AudioPlatformDevice( 5433): SetAnalogGain VOLUME_TYPE = 4 volume = 3 
D/AudioMachineDevice( 5433): SetAnalogGain VOLUME_TYPE = 4 volume = 3 
D/AudioAnalogReg( 5433): SetAnalogReg offet = 0x64 value = 0xa00 mask = 0xffff0f00
D/AudioAnalogControl( 5433): SetAnalogGain VoleumType = 5 volume = 3 
D/AudioPlatformDevice( 5433): SetAnalogGain VOLUME_TYPE = 5 volume = 3 
D/AudioMachineDevice( 5433): SetAnalogGain VOLUME_TYPE = 5 volume = 3 
D/AudioAnalogReg( 5433): SetAnalogReg offet = 0x64 value = 0xa00 mask = 0xffff0f00
I/AudioFlinger( 5433): loadHwModule() Loaded primary audio interface from LEGACY Audio HW HAL (libaudio) handle 1
D/AudioFlinger( 5433): openOutput(), module 1 Device 2, SamplingRate 44100, Format 1, Channels 3, flags 2
D/AudioMTKStreamManager( 5433): openOutputStream, devices = 0x2 format=0x1 ,channels=0x3, rate=44100
D/AudioMTKStreamOut( 5433): +AudioMTKStreamOut(), open cvsd kernel, mFd2: 18, AP errno: 22
D/AudioBTCVSDControl( 5433): AudioBTCVSDControlInterface getInstance()
D/AudioBTCVSDControl( 5433): BT_SCO_SET_TXState state=0
D/AudioBTCVSDControl( 5433): BT_SCO_SET_RXState state=16
D/AudioMTKStreamOut( 5433): +AudioMTKStreamOut constructor devices = 2 format = 1 channels = 3 sampleRate = 44100
D/AudioStreamAttribute( 5433): AudioStreamAttribute constructor 
D/AudioSpeechEnhanceInfo( 5433): getInstance()
W/AudioSpeechEnhanceInfo( 5433): SetStreamOutPointer mStreamOut=0x4175df90
D/AudioMTKStreamOut( 5433): format = 1, channels = 3, rate = 44100
D/AudioMTKStreamOut( 5433): calInterrupttime bufferSize = 4096 mDL1Attribute->mChannels = 2
D/AudioMTKStreamOut( 5433): calInterrupttime mInterruptCounter = 2048
D/AudioMTKStreamOut( 5433): Set2ndI2SOutAttribute
D/AudioDigitalControl( 5433): +Set2ndI2SOut()
D/AudioDigitalControl( 5433): +I2SSampleRateTransform(), SampleRate = 44100
D/AudioDigitalControl( 5433): Set2ndI2SOut u32AudioI2S= 0x908
D/AudioAfeReg( 5433): SetAfeReg offset = 0x4c value = 0x908 mask = 0xffffffff
D/AudioMTKStreamOut( 5433): SetI2SOutDACAttribute
D/AudioDigitalControl( 5433): +SetI2SDacOut()
D/AudioAfeReg( 5433): SetAfeReg offset = 0x260 value = 0x0 mask = 0xffffffff
D/AudioAfeReg( 5433): SetAfeReg offset = 0x264 value = 0x0 mask = 0xffffffff
D/AudioDigitalControl( 5433): mDacI2SOut.mI2S_SAMPLERATE [44100]
D/AudioAfeReg( 5433): SetAfeReg offset = 0x108 value = 0x73001803 mask = 0xffffffff
D/AudioAfeReg( 5433): SetAfeReg offset = 0x10c value = 0xf74f0000 mask = 0xffffffff
D/AudioDigitalControl( 5433): +SampleRateTransform(), SampleRate = 44100
D/AudioDigitalControl( 5433): SetI2SDacOut(), Audio_I2S_Dac = 0x908
D/AudioAfeReg( 5433): SetAfeReg offset = 0x34 value = 0x908 mask = 0xffffffff
D/AudioDigitalControl( 5433): +SetDAIBBT()
D/AudioMTKStreamOut( 5433): StreamOutFLTCreate eCompFltType = 0 eCompFltMode = 5
D/AudioCompensationFilter( 5433): Init AudioCompensationFilter
D/AudioCompensationFilter( 5433): AudioCompensationFilter mintrSize [676] mtmpSize [4096]
D/NVRAM   ( 5433): NVM_GetFileDesc ++
D/NVRAM   ( 5433): NVM_GetCfgFileTable : file_lid = 27
D/NVRAM   ( 5433): NVM_GetCfgFileTable done
D/NVRAM   ( 5433): Open /data/nvram/APCFG/APRDCL/Audio_CompFlt,LID:27
D/NVRAM   ( 5433): NVM_CmpFileVerNo 27  
D/NVRAM   ( 5433): NVM_GetCfgFileTable : file_lid = 27
D/NVRAM   ( 5433): NVM_CheckVerFile: 0
D/NVRAM   ( 5433): New version info file
D/NVRAM   ( 5433): Load File Version: 001, NvRam File Version: 001
D/NVRAM   ( 5433): NVM_CheckFileSize : 27 ++
D/NVRAM   ( 5433): iCustomBeginLID = 25
D/NVRAM   ( 5433): NVM_CheckVerFile: 1
D/NVRAM   ( 5433): NVM_GetCfgFileTable : file_lid = 27
D/NVRAM   ( 5433): NVM_CheckFileSize:stat_size:1042,size in table:1040
D/NVRAM   ( 5433): NVM_ProtectUserData
D/NVRAM   ( 5433): NVM_ProtectUserData:Check File
D/NVRAM   ( 5433): NVM_CheckFile: File is correct!
D/NVRAM   ( 5433): NVM_ProtectUserData:Check Success
D/NVRAM   ( 5433): NVM_GetFileDesc ProtectDataFile Check Success!!
D/NVRAM   ( 5433): NVM_GetFileDesc --
D/NVRAM   ( 5433): NVM_CloseFileDesc: Open by Readonly, no need to check when close
D/AudioCompensationFilter( 5433): AudioCompensationFilter::LoadACFParameter!! 
D/AudioCompensationFilter( 5433): mInitParam.pCustom_Param->HSF_Coeff =0x41aa57e0, mInitParam.pCustom_Param->BPF_Coeff =0x41aa5948
D/AudioCompensationFilter( 5433): HSF_Coeff [0][0][0]=0x7f68b33, addr = 0x41aa57e0,
D/AudioCompensationFilter( 5433): HSF_Coeff [0][0][1]=0xf012e99a, addr = 0x41aa57e4,
D/AudioCompensationFilter( 5433): BPF_Coeff [0][0][0]=0x4041823c, addr = 0x41aa5948,
D/AudioCompensationFilter( 5433): BPF_Coeff [0][0][1]=0x3dc77dc3, addr = 0x41aa594c,
D/AudioCompensationFilter( 5433): WS_Gain_Max=0x0, WS_Gain_Min=0x0, Filter_First=0x0
D/AudioCompensationFilter( 5433): Att_Time=0x0, Rel_Time=0x0
D/AudioCompensationFilter( 5433): Gain_Map_In [0]=0xd5, Gain_Map_In [1]=0xda,
D/AudioCompensationFilter( 5433): Gain_Map_Out [0]=0x6, Gain_Map_Out [1]=0xe,
D/AudioMTKStreamOut( 5433): StreamOutFLTCreate eCompFltType = 1 eCompFltMode = 6
D/AudioCompensationFilter( 5433): Init AudioCompensationFilter
D/AudioCompensationFilter( 5433): AudioCompensationFilter mintrSize [676] mtmpSize [4096]
D/NVRAM   ( 5433): NVM_GetFileDesc ++
D/NVRAM   ( 5433): NVM_GetCfgFileTable : file_lid = 36
D/NVRAM   ( 5433): NVM_GetCfgFileTable done
D/NVRAM   ( 5433): Open /data/nvram/APCFG/APRDCL/Headphone_CompFlt,LID:36
D/NVRAM   ( 5433): NVM_CmpFileVerNo 36  
D/NVRAM   ( 5433): NVM_GetCfgFileTable : file_lid = 36
D/NVRAM   ( 5433): NVM_CheckVerFile: 0
D/NVRAM   ( 5433): New version info file
D/NVRAM   ( 5433): Load File Version: 001, NvRam File Version: 001
D/NVRAM   ( 5433): NVM_CheckFileSize : 36 ++
D/NVRAM   ( 5433): iCustomBeginLID = 25
D/NVRAM   ( 5433): NVM_CheckVerFile: 1
D/NVRAM   ( 5433): NVM_GetCfgFileTable : file_lid = 36
D/NVRAM   ( 5433): NVM_CheckFileSize:stat_size:1042,size in table:1040
D/NVRAM   ( 5433): NVM_ProtectUserData
D/NVRAM   ( 5433): NVM_ProtectUserData:Check File
D/SpeechMessengerCCCI( 5433): sched_setscheduler ok, priority: 92
D/SpeechMessengerCCCI( 5433): CCCIReadThread(), pid: 5433, tid: 5661
D/NVRAM   ( 5433): NVM_CheckFile: File is correct!
D/NVRAM   ( 5433): NVM_ProtectUserData:Check Success
D/NVRAM   ( 5433): NVM_GetFileDesc ProtectDataFile Check Success!!
D/NVRAM   ( 5433): NVM_GetFileDesc --
D/NVRAM   ( 5433): NVM_CloseFileDesc: Open by Readonly, no need to check when close
D/AudioCompensationFilter( 5433): AudioCompensationFilter::LoadACFParameter!! 
D/AudioCompensationFilter( 5433): mInitParam.pCustom_Param->HSF_Coeff =0x4175e5d8, mInitParam.pCustom_Param->BPF_Coeff =0x4175e740
D/AudioCompensationFilter( 5433): HSF_Coeff [0][0][0]=0x0, addr = 0x4175e5d8,
D/AudioCompensationFilter( 5433): HSF_Coeff [0][0][1]=0x0, addr = 0x4175e5dc,
D/AudioCompensationFilter( 5433): BPF_Coeff [0][0][0]=0x0, addr = 0x4175e740,
D/AudioCompensationFilter( 5433): BPF_Coeff [0][0][1]=0x0, addr = 0x4175e744,
D/AudioCompensationFilter( 5433): WS_Gain_Max=0x399a, WS_Gain_Min=0x2666, Filter_First=0x0
D/AudioCompensationFilter( 5433): Att_Time=0xa4, Rel_Time=0x4010
D/AudioCompensationFilter( 5433): Gain_Map_In [0]=0xd3, Gain_Map_In [1]=0xdd,
D/AudioCompensationFilter( 5433): Gain_Map_Out [0]=0x0, Gain_Map_Out [1]=0xc,
D/AudioMTKStreamOut( 5433): Init mUseAudCompFltHeadphoneWithFixedParameter [0]
D/AudioMTKStreamOut( 5433): -AudioMTKStreamOut constructor 
D/AudioFlinger( 5433): openOutput() openOutputStream returned output 0x4175df38, SamplingRate 44100, Format 1, Channels 3, status 0
I/AudioFlinger( 5433): HAL output buffer size 1024 frames, normal mix buffer size 1024 frames
D/AudioFlinger( 5433): MixerThread() id=2 device=0x2 type=0
D/AudioFlinger( 5433): mSampleRate=44100, mChannelMask=0x3, mChannelCount=2, mFormat=1, mFrameSize=4, mFrameCount=1024, mNormalFrameCount=1024
E/linker  ( 5433): load_library(linker.cpp:757): library "/system/lib/soundfx/libloudnesswrapper_mtk.so" not found
W/EffectsFactory( 5433): loadLibrary() failed to open /system/lib/soundfx/libloudnesswrapper_mtk.so
W/EffectsFactory( 5433): loadEffect() could not get library mtkloudness
I/AudioMixer( 5433): found effect "Multichannel Downmix To Stereo" from The Android Open Source Project
D/AudioFlinger( 5433): openOutput() created mixer output: ID 2 thread 0x4175ea18
D/AudioFlinger( 5433): PlaybackThread::audioConfigChanged_l, thread 0x4175ea18, event 0, param 0
I/AudioFlinger( 5433): Using module 1 has the primary audio interface
D/BootAnimation(  289): [BootAnimation checkExit 707]exitnow=0
D/AudioMTKHardware( 5433): +setMode(), mode = 0, waiting for mSetModeLock
D/AudioMTKHardware( 5433): +setMode(), mode = 0
E/AudioMTKHardware( 5433): Newmode and Oldmode is the same!!!!
D/BootAnimation(  289): [BootAnimation movie 844]i=1,r=116,j=33,lastFrame=272784760789(272784 ms),file=loop854_00098.png
D/BootAnimation(  289): [BootAnimation movie 847]glBindTexture,i=1,r=116,j=33,frame.tid=34,name=loop854_00098.png
D/AudioMTKPolicyManager( 5433): setOutputDevice() output 2 device 0002 delayMs 0
D/AudioMTKPolicyManager( 5433): checkDeviceMuteStrategies outputDesc = 0x4175ddf8 prevDevice = 2 delayMs = 0
D/AudioSystem( 5433): +setParameters(): routing=2 
D/AudioFlinger( 5433): setParameters(): io 2, keyvalue routing=2, tid 5660, calling pid 5433
I/AudioFlinger( 5433): AudioFlinger's thread 0x4175ea18 ready to run
D/AudioFlinger( 5433): ThreadBase::setParameters() routing=2
D/AudioFlinger( 5433): sched_setscheduler ok, priority: 95
W/AudioFlinger( 5433): Thread AudioOut_2 cannot connect to the power manager service
D/AudioMTKStreamOut( 5433): setParameters() routing=2
D/AudioMTKStreamOut( 5433): dokeyRouting(), current_device = 0, new_device = 2
D/AudioAnalogControl( 5433): +GetAnalogState DeviceType [DEVICE_IN_LINEINR]=0
D/AudioAnalogControl( 5433): +GetAnalogState DeviceType [DEVICE_IN_LINEINL]=0
D/AudioDigitalControl( 5433): GetFmDigitalStatus(), mFmDigitalStatus = 0
D/AudioResourceManager( 5433): setDlOutputDevice(), new_device = 0x2
D/AudioMTKHardware( 5433): DoDeviceChangeCallback device 0x2, FMStatus, A 0, D 0, callback 0x0
D/AudioMTKHardware( 5433): +doSetMode(), mMode = 0, mNextMode = -1
D/AudioMTKHardware( 5433): -doSetMode(), mNextMode == AUDIO_MODE_CURRENT
D/AudioSystem( 5433): -setParameters(): routing=2 
D/AudioFlinger( 5433): Audio hardware entering standby, mixer 0x4175ea18, suspend count 0
D/AudioMTKStreamOut( 5433): +AudioMTKStreamOut standby
D/AudioMTKStreamOut( 5433): +AudioMTKStreamOut standby() EnableAudioLock AUDIO_STREAMOUT_LOCK
D/AudioMTKStreamOut( 5433): -AudioMTKStreamOut standby
D/AudioFlinger( 5433): thread 0x4175ea18 type 0 TID 5662 going to sleep
D/AudioMTKPolicyManager( 5433):  checkAndSetVolume stream = 0 index = 1 output = 2 device = 0x2 delayMs = 0 force = 0
D/AudioMTKPolicyManager( 5433): getNewDevice() selected device 0 output= 2
D/AudioMTKPolicyManager( 5433): getNewDevice() selected device 0 output= 2
D/AudioMTKHardware( 5433): AudioMTKHardware setVoiceVolume volume = 0.501187
D/AudioMTKVolumeController( 5433): AudioMTKVolumeController setVoiceVolume v = 0.501187 mode = 0 routes = 2
D/AudioMTKPolicyManager( 5433):  checkAndSetVolume stream = 1 index = 1 output = 2 device = 0x2 delayMs = 0 force = 0
D/AudioMTKPolicyManager( 5433): getNewDevice() selected device 0 output= 2
D/AudioMTKPolicyManager( 5433): computeCustomVolume OutputDevice == AudioSystem::VOLUME_HEADSET_SPEAKER_MODE
D/AudioMTKPolicyManager( 5433):  checkAndSetVolume stream = 2 index = 1 output = 2 device = 0x2 delayMs = 0 force = 0
D/AudioMTKPolicyManager( 5433): getNewDevice() selected device 0 output= 2
D/AudioMTKPolicyManager( 5433):  checkAndSetVolume stream = 3 index = 1 output = 2 device = 0x2 delayMs = 0 force = 0
D/AudioMTKPolicyManager( 5433): getNewDevice() selected device 0 output= 2
D/AudioMTKPolicyManager( 5433): computeCustomVolume OutputDevice == AudioSystem::VOLUME_HEADSET_SPEAKER_MODE
D/AudioMTKPolicyManager( 5433):  checkAndSetVolume stream = 4 index = 1 output = 2 device = 0x2 delayMs = 0 force = 0
D/AudioMTKPolicyManager( 5433): getNewDevice() selected device 0 output= 2
D/AudioMTKPolicyManager( 5433):  checkAndSetVolume stream = 5 index = 1 output = 2 device = 0x2 delayMs = 0 force = 0
D/AudioMTKPolicyManager( 5433): getNewDevice() selected device 0 output= 2
D/AudioMTKPolicyManager( 5433):  checkAndSetVolume stream = 6 index = 1 output = 2 device = 0x2 delayMs = 0 force = 0
D/AudioMTKPolicyManager( 5433): checkAndSetVolume() cannot set stream 6 volume with force use = 0 for comm
D/AudioMTKPolicyManager( 5433):  checkAndSetVolume stream = 7 index = 1 output = 2 device = 0x2 delayMs = 0 force = 0
D/AudioMTKPolicyManager( 5433): getNewDevice() selected device 0 output= 2
D/AudioMTKPolicyManager( 5433):  checkAndSetVolume stream = 8 index = 1 output = 2 device = 0x2 delayMs = 0 force = 0
D/AudioMTKPolicyManager( 5433): getNewDevice() selected device 0 output= 2
D/AudioMTKPolicyManager( 5433): computeCustomVolume OutputDevice == AudioSystem::VOLUME_HEADSET_SPEAKER_MODE
D/AudioMTKPolicyManager( 5433):  checkAndSetVolume stream = 9 index = 1 output = 2 device = 0x2 delayMs = 0 force = 0
D/AudioMTKPolicyManager( 5433): getNewDevice() selected device 0 output= 2
D/AudioMTKPolicyManager( 5433):  checkAndSetVolume stream = 10 index = 1 output = 2 device = 0x2 delayMs = 0 force = 0
D/AudioMTKPolicyManager( 5433): No set initial volumeIndex yet, use the min volume
D/AudioFlinger( 5433): setStreamVolume FM  value = 0.000000
D/AudioMTKHardware( 5433): +setParameters(): SetFmVolume=0 
D/AudioMTKVolumeController( 5433): +SetFmVolume(), volume=0, mFmVolume=255
D/AudioDigitalControl( 5433): GetFmDigitalStatus(), mFmDigitalStatus = 0
D/AudioMTKVolumeController( 5433): -SetFmVolume(), mFmVolume=0
D/AudioMTKHardware( 5433): -setParameters(): SetFmVolume=0 
D/AudioMTKPolicyManager( 5433):  checkAndSetVolume stream = 11 index = 1 output = 2 device = 0x2 delayMs = 0 force = 0
D/AudioMTKPolicyManager( 5433): getNewDevice() selected device 0 output= 2
D/AudioMTKPolicyManager( 5433):  checkAndSetVolume stream = 12 index = 1 output = 2 device = 0x2 delayMs = 0 force = 0
D/AudioMTKPolicyManager( 5433): getNewDevice() selected device 0 output= 2
D/AudioMTKPolicyManager( 5433): boot animation vol= 0.250000
D/a2dp_audio_hw_hal( 5433): createA2DPAudioHardware
D/A2dpAudioInterface( 5433): createA2DPAudioHardware
D/A2dpAudioInterface( 5433): createA2dpInterface
W/AudioHardwareInterface( 5433): A2DPcreate AudioHardwareGeneric 
D/A2dpAudioInterface( 5433): new A2dpAudioInterface(hw: 0x41aa5fb0)
D/A2dpAudioInterface( 5433): A2dpAudioInterface:: Constructor()
D/a2dp_audio_hw_hal( 5433):  ladev->hwif =0x4176e550
D/a2dp_audio_hw_hal( 5433): a2dp adev_init_check
D/A2dpAudioInterface( 5433): A2dpAudioInterface::initCheck()
I/AudioFlinger( 5433): loadHwModule() Loaded a2dp audio interface from A2DP Audio HW HAL (libaudio) handle 3
D/usb_audio_hw( 5433): [USB_AUD] adev_open
I/AudioFlinger( 5433): loadHwModule() Loaded usb audio interface from USB audio HW HAL (libaudio) handle 4
I/r_submix( 5433): adev_open(name=audio_hw_if)
I/r_submix( 5433): adev_init_check()
I/AudioFlinger( 5433): loadHwModule() Loaded r_submix audio interface from Wifi Display audio HAL (libaudio) handle 5
I/AudioPolicyService( 5433): Loaded audio policy from LEGACY Audio Policy HAL (audio_policy)
D/AudioHeadsetDetect( 5433): start
I/mediaserver( 5433): [int main(int, char**)] re-adjust caps for its thread, and set uid to media
D/BootAnimation(  289): [BootAnimation movie 882]10,delay=39
D/AudioHeadsetDetect( 5433): pluged out
D/dalvikvm( 5435): GC_EXPLICIT freed 31K, 2% free 2116K/2152K, paused 1ms+1ms, total 15ms
D/BootAnimation(  289): [BootAnimation checkExit 707]exitnow=0
D/BootAnimation(  289): [BootAnimation movie 844]i=1,r=116,j=34,lastFrame=272834934789(272834 ms),file=loop854_00099.png
D/BootAnimation(  289): [BootAnimation movie 847]glBindTexture,i=1,r=116,j=34,frame.tid=35,name=loop854_00099.png
D/BootAnimation(  289): [BootAnimation movie 882]1,delay=48
D/dalvikvm( 5435): GC_EXPLICIT freed 23K, 2% free 2147K/2176K, paused 1ms+1ms, total 14ms
D/dalvikvm( 5435): GC_EXPLICIT freed 34K, 2% free 2166K/2204K, paused 2ms+2ms, total 14ms
D/BootAnimation(  289): [BootAnimation checkExit 707]exitnow=0
D/BootAnimation(  289): [BootAnimation movie 844]i=1,r=116,j=35,lastFrame=272885111404(272885 ms),file=loop854_00100.png
D/BootAnimation(  289): [BootAnimation movie 847]glBindTexture,i=1,r=116,j=35,frame.tid=36,name=loop854_00100.png
D/BootAnimation(  289): [BootAnimation movie 882]1,delay=48
D/dalvikvm( 5435): GC_EXPLICIT freed 29K, 2% free 2194K/2228K, paused 1ms+1ms, total 16ms
W/Zygote  ( 5435): Class not found for preloading: java.text.DecimalFormat$1
D/dalvikvm( 5435): GC_EXPLICIT freed 41K, 2% free 2208K/2252K, paused 1ms+2ms, total 14ms
W/Zygote  ( 5435): Class not found for preloading: java.util.concurrent.FutureTask$Sync
W/Zygote  ( 5435): Class not found for preloading: java.util.concurrent.atomic.UnsafeAccess
D/BootAnimation(  289): [BootAnimation checkExit 707]exitnow=0
D/BootAnimation(  289): [BootAnimation movie 844]i=1,r=116,j=36,lastFrame=272935288635(272935 ms),file=loop854_00101.png
D/BootAnimation(  289): [BootAnimation movie 847]glBindTexture,i=1,r=116,j=36,frame.tid=37,name=loop854_00101.png
D/BootAnimation(  289): [BootAnimation movie 882]1,delay=48
D/dalvikvm( 5435): GC_EXPLICIT freed 42K, 2% free 2223K/2268K, paused 2ms+2ms, total 15ms
W/Zygote  ( 5435): Class not found for preloading: java.util.concurrent.locks.UnsafeAccess
W/Zygote  ( 5435): Class not found for preloading: libcore.icu.ErrorCode
D/BootAnimation(  289): [BootAnimation checkExit 707]exitnow=0
D/BootAnimation(  289): [BootAnimation movie 844]i=1,r=116,j=37,lastFrame=272985439250(272985 ms),file=loop854_00102.png
D/BootAnimation(  289): [BootAnimation movie 847]glBindTexture,i=1,r=116,j=37,frame.tid=38,name=loop854_00102.png
D/BootAnimation(  289): [BootAnimation movie 882]1,delay=48
D/BootAnimation(  289): [BootAnimation checkExit 707]exitnow=0
D/BootAnimation(  289): [BootAnimation movie 844]i=1,r=116,j=38,lastFrame=273035589942(273035 ms),file=loop854_00103.png
D/BootAnimation(  289): [BootAnimation movie 847]glBindTexture,i=1,r=116,j=38,frame.tid=39,name=loop854_00103.png
D/BootAnimation(  289): [BootAnimation movie 882]1,delay=48
I/System  ( 5435): Loaded time zone names for  in 136ms (132ms in ICU)
D/BootAnimation(  289): [BootAnimation checkExit 707]exitnow=0
D/BootAnimation(  289): [BootAnimation movie 844]i=1,r=116,j=39,lastFrame=273085750789(273085 ms),file=loop854_00104.png
D/BootAnimation(  289): [BootAnimation movie 847]glBindTexture,i=1,r=116,j=39,frame.tid=40,name=loop854_00104.png
D/BootAnimation(  289): [BootAnimation movie 882]1,delay=48
D/BootAnimation(  289): [BootAnimation checkExit 707]exitnow=0
D/BootAnimation(  289): [BootAnimation movie 844]i=1,r=116,j=40,lastFrame=273135907404(273135 ms),file=loop854_00105.png
D/BootAnimation(  289): [BootAnimation movie 847]glBindTexture,i=1,r=116,j=40,frame.tid=41,name=loop854_00105.png
D/BootAnimation(  289): [BootAnimation movie 882]1,delay=48
D/BootAnimation(  289): [BootAnimation checkExit 707]exitnow=0
D/BootAnimation(  289): [BootAnimation movie 844]i=1,r=116,j=41,lastFrame=273186060019(273186 ms),file=loop854_00106.png
D/BootAnimation(  289): [BootAnimation movie 847]glBindTexture,i=1,r=116,j=41,frame.tid=42,name=loop854_00106.png
I/System  ( 5435): Loaded time zone names for en_US in 103ms (99ms in ICU)
D/BootAnimation(  289): [BootAnimation movie 882]1,delay=48
I/BufferQueue(  119): [BootAnimation](this:0x41de1e10,api:1) [release] fps:19.87, dur:1056.68, max:58.79, min:39.10
I/SurfaceFlinger(  119): [SurfaceFlinger] fps:19.873167,dur:1056.70,max:58.81,min:39.10
D/BootAnimation(  289): [BootAnimation checkExit 707]exitnow=0
D/BootAnimation(  289): [BootAnimation movie 844]i=1,r=116,j=42,lastFrame=273236221404(273236 ms),file=loop854_00107.png
D/BootAnimation(  289): [BootAnimation movie 847]glBindTexture,i=1,r=116,j=42,frame.tid=43,name=loop854_00107.png
D/BootAnimation(  289): [BootAnimation movie 882]1,delay=48
I/BufferQueue(  119): [FramebufferSurface](this:0x41dd94b8,api:1) [queue] fps:20.25, dur:1037.08, max:78.28, min:19.56
D/BootAnimation(  289): [BootAnimation checkExit 707]exitnow=0
D/BootAnimation(  289): [BootAnimation movie 844]i=1,r=116,j=43,lastFrame=273286394096(273286 ms),file=loop854_00108.png
D/BootAnimation(  289): [BootAnimation movie 847]glBindTexture,i=1,r=116,j=43,frame.tid=44,name=loop854_00108.png
D/BootAnimation(  289): [BootAnimation movie 882]1,delay=48
I/System  ( 5435): Loaded time zone names for zh_CN in 108ms (104ms in ICU)
D/dalvikvm( 5435): GC_EXPLICIT freed 507K, 18% free 2358K/2868K, paused 2ms+1ms, total 18ms
D/dalvikvm( 5435): GC_EXPLICIT freed 17K, 16% free 2418K/2868K, paused 1ms+1ms, total 16ms
D/BootAnimation(  289): [BootAnimation checkExit 707]exitnow=0
D/BootAnimation(  289): [BootAnimation movie 844]i=1,r=117,j=0,lastFrame=273336619789(273336 ms),file=loop854_00065.png
D/BootAnimation(  289): [BootAnimation movie 847]glBindTexture,i=1,r=117,j=0,frame.tid=1,name=loop854_00065.png
D/BootAnimation(  289): [BootAnimation movie 882]1,delay=48
D/dalvikvm( 5435): GC_EXPLICIT freed 52K, 15% free 2450K/2868K, paused 1ms+1ms, total 16ms
D/BootAnimation(  289): [BootAnimation checkExit 707]exitnow=0
D/BootAnimation(  289): [BootAnimation movie 844]i=1,r=117,j=1,lastFrame=273386799404(273386 ms),file=loop854_00066.png
D/BootAnimation(  289): [BootAnimation movie 847]glBindTexture,i=1,r=117,j=1,frame.tid=2,name=loop854_00066.png
D/BootAnimation(  289): [BootAnimation movie 882]1,delay=48
I/SurfaceTextureClient(  289): [STC::queueBuffer] (this:0x4129fe38) fps:20.04, dur:1048.03, max:57.46, min:42.88
D/dalvikvm( 5435): GC_EXPLICIT freed 29K, 14% free 2477K/2868K, paused 2ms+2ms, total 19ms
D/dalvikvm( 5435): GC_EXPLICIT freed 38K, 14% free 2493K/2868K, paused 1ms+1ms, total 17ms
D/BootAnimation(  289): [BootAnimation checkExit 707]exitnow=0
D/BootAnimation(  289): [BootAnimation movie 844]i=1,r=117,j=2,lastFrame=273436957481(273436 ms),file=loop854_00067.png
D/BootAnimation(  289): [BootAnimation movie 847]glBindTexture,i=1,r=117,j=2,frame.tid=3,name=loop854_00067.png
D/BootAnimation(  289): [BootAnimation movie 882]1,delay=48
D/dalvikvm( 5435): GC_EXPLICIT freed 32K, 13% free 2516K/2868K, paused 2ms+1ms, total 17ms
I/Zygote  ( 5435): ...preloaded 2545 classes in 2096ms.
D/dalvikvm( 5435): GC_EXPLICIT freed 24K, 13% free 2520K/2868K, paused 2ms+1ms, total 18ms
I/Zygote  ( 5435): Preloading resources...
I/Zygote  ( 5435): ...preloaded 1 resources in 2ms.
D/BootAnimation(  289): [BootAnimation checkExit 707]exitnow=0
D/BootAnimation(  289): [BootAnimation movie 844]i=1,r=117,j=3,lastFrame=273487131558(273487 ms),file=loop854_00068.png
D/BootAnimation(  289): [BootAnimation movie 847]glBindTexture,i=1,r=117,j=3,frame.tid=4,name=loop854_00068.png
D/BootAnimation(  289): [BootAnimation movie 882]1,delay=48
I/SurfaceTextureClient(  119): [STC::queueBuffer] (this:0x41dd9f88) fps:20.26, dur:1036.77, max:59.01, min:38.68
I/BufferQueue(  119): [FramebufferSurface](this:0x41dd94b8,api:1) [release] fps:20.26, dur:1036.77, max:59.01, min:38.63
D/dalvikvm( 5435): GC_EXPLICIT freed 30K, 12% free 2546K/2880K, paused 2ms+2ms, total 19ms
I/Zygote  ( 5435): ...preloaded 31 resources in 29ms.
D/dalvikvm( 5435): GC_EXPLICIT freed 10K, 12% free 2542K/2880K, paused 2ms+1ms, total 17ms
D/BootAnimation(  289): [BootAnimation checkExit 707]exitnow=0
D/BootAnimation(  289): [BootAnimation movie 844]i=1,r=117,j=4,lastFrame=273537285404(273537 ms),file=loop854_00069.png
D/BootAnimation(  289): [BootAnimation movie 847]glBindTexture,i=1,r=117,j=4,frame.tid=5,name=loop854_00069.png
D/BootAnimation(  289): [BootAnimation movie 882]1,delay=48
D/dalvikvm( 5435): GC_EXPLICIT freed 1K, 12% free 2540K/2880K, paused 2ms+1ms, total 19ms
D/dalvikvm( 5435): GC_EXPLICIT freed 1K, 12% free 2539K/2880K, paused 1ms+2ms, total 18ms
D/dalvikvm( 5435): pre gc
D/dalvikvm( 5435): Zygote::ForkAndSpecialize +
D/dalvikvm( 5435): Zygote::ForkAndSpecialize : 5665
I/dalvikvm( 5435): System server process 5665 has been created
D/dalvikvm( 5665): Zygote::ForkAndSpecialize : 0
D/dalvikvm( 5665): zygote get new systemTid : 5665
