D/PackageManager( 5665): scan package: /system/app/GameCenter.apk , end at: 276092ms. elapsed time = 26ms.
D/PackageManager( 5665): scan package: /system/app/HomePro.apk , start at: 276092ms.
W/asset   ( 5665): AssetManager-->addDefaultAssets CIP path not exsit!
D/BootAnimation(  289): [BootAnimation checkExit 707]exitnow=0
D/BootAnimation(  289): [BootAnimation movie 844]i=1,r=118,j=11,lastFrame=276095116866(276095 ms),file=loop854_00076.png
D/BootAnimation(  289): [BootAnimation movie 847]glBindTexture,i=1,r=118,j=11,frame.tid=12,name=loop854_00076.png
D/BootAnimation(  289): [BootAnimation movie 882]1,delay=48
W/PackageParser( 5665): Unknown element under <manifest>: user-permission at /system/app/HomePro.apk Binary XML file line #45
I/PackageManager( 5665): Perform pre-dex opt for package: com.baidu.home2
D/PackageManager( 5665): scan package: /system/app/HomePro.apk , end at: 276122ms. elapsed time = 30ms.
D/PackageManager( 5665): scan package: /system/app/HTMLViewer.apk , start at: 276122ms.
W/asset   ( 5665): AssetManager-->addDefaultAssets CIP path not exsit!
I/PackageManager( 5665): Perform pre-dex opt for package: com.android.htmlviewer
D/PackageManager( 5665): scan package: /system/app/HTMLViewer.apk , end at: 276126ms. elapsed time = 4ms.
D/PackageManager( 5665): scan package: /system/app/InputDevices.apk , start at: 276126ms.
W/asset   ( 5665): AssetManager-->addDefaultAssets CIP path not exsit!
I/PackageManager( 5665): Perform pre-dex opt for package: com.android.inputdevices
D/PackageManager( 5665): scan package: /system/app/InputDevices.apk , end at: 276130ms. elapsed time = 4ms.
D/PackageManager( 5665): scan package: /system/app/iReader.apk , start at: 276130ms.
W/asset   ( 5665): AssetManager-->addDefaultAssets CIP path not exsit!
D/BootAnimation(  289): [BootAnimation checkExit 707]exitnow=0
D/BootAnimation(  289): [BootAnimation movie 844]i=1,r=118,j=12,lastFrame=276145273481(276145 ms),file=loop854_00077.png
D/BootAnimation(  289): [BootAnimation movie 847]glBindTexture,i=1,r=118,j=12,frame.tid=13,name=loop854_00077.png
D/BootAnimation(  289): [BootAnimation movie 882]1,delay=48
I/PackageManager( 5665): Perform pre-dex opt for package: com.chaozh.iReaderFree
D/PackageManager( 5665): scan package: /system/app/iReader.apk , end at: 276174ms. elapsed time = 44ms.
D/PackageManager( 5665): scan package: /system/app/KeyChain.apk , start at: 276174ms.
W/asset   ( 5665): AssetManager-->addDefaultAssets CIP path not exsit!
I/PackageManager( 5665): Perform pre-dex opt for package: com.android.keychain
D/PackageManager( 5665): scan package: /system/app/KeyChain.apk , end at: 276178ms. elapsed time = 4ms.
D/PackageManager( 5665): scan package: /system/app/LiveWallpapersPicker.apk , start at: 276178ms.
W/asset   ( 5665): AssetManager-->addDefaultAssets CIP path not exsit!
I/PackageManager( 5665): Perform pre-dex opt for package: com.android.wallpaper.livepicker
D/PackageManager( 5665): scan package: /system/app/LiveWallpapersPicker.apk , end at: 276182ms. elapsed time = 4ms.
D/PackageManager( 5665): scan package: /system/app/MediaProvider.apk , start at: 276182ms.
W/asset   ( 5665): AssetManager-->addDefaultAssets CIP path not exsit!
I/PackageManager( 5665): Perform pre-dex opt for package: com.android.providers.media
D/PackageManager( 5665): scan package: /system/app/MediaProvider.apk , end at: 276188ms. elapsed time = 6ms.
D/PackageManager( 5665): scan package: /system/app/MtkBt.apk , start at: 276188ms.
W/asset   ( 5665): AssetManager-->addDefaultAssets CIP path not exsit!
W/PackageParser( 5665): No actions in intent filter at /system/app/MtkBt.apk Binary XML file line #31
D/BootAnimation(  289): [BootAnimation checkExit 707]exitnow=0
D/BootAnimation(  289): [BootAnimation movie 844]i=1,r=118,j=13,lastFrame=276195434096(276195 ms),file=loop854_00078.png
D/BootAnimation(  289): [BootAnimation movie 847]glBindTexture,i=1,r=118,j=13,frame.tid=14,name=loop854_00078.png
D/BootAnimation(  289): [BootAnimation movie 882]1,delay=48
I/PackageManager( 5665): Perform pre-dex opt for package: com.mediatek.bluetooth
D/PackageManager( 5665): scan package: /system/app/MtkBt.apk , end at: 276203ms. elapsed time = 15ms.
D/PackageManager( 5665): scan package: /system/app/NewPhoneWizard.apk , start at: 276203ms.
W/asset   ( 5665): AssetManager-->addDefaultAssets CIP path not exsit!
I/PackageManager( 5665): Perform pre-dex opt for package: com.baidu.setupwizard
D/PackageManager( 5665): scan package: /system/app/NewPhoneWizard.apk , end at: 276211ms. elapsed time = 8ms.
D/PackageManager( 5665): scan package: /system/app/NotificationProvider.apk , start at: 276211ms.
W/asset   ( 5665): AssetManager-->addDefaultAssets CIP path not exsit!
I/PackageManager( 5665): Perform pre-dex opt for package: com.baidu.providers.nf
D/dalvikvm( 5665): GC_CONCURRENT freed 701K, 19% free 4601K/5636K, paused 3ms+5ms, total 32ms
D/PackageManager( 5665): scan package: /system/app/NotificationProvider.apk , end at: 276225ms. elapsed time = 14ms.
D/PackageManager( 5665): scan package: /system/app/OnekeyWidget.apk , start at: 276226ms.
W/asset   ( 5665): AssetManager-->addDefaultAssets CIP path not exsit!
I/PackageManager( 5665): Perform pre-dex opt for package: com.baidu.onekeywidget
D/PackageManager( 5665): scan package: /system/app/OnekeyWidget.apk , end at: 276230ms. elapsed time = 4ms.
D/PackageManager( 5665): scan package: /system/app/PackageInstaller.apk , start at: 276230ms.
W/asset   ( 5665): AssetManager-->addDefaultAssets CIP path not exsit!
I/PackageManager( 5665): Perform pre-dex opt for package: com.android.packageinstaller
D/PackageManager( 5665): scan package: /system/app/PackageInstaller.apk , end at: 276235ms. elapsed time = 5ms.
D/PackageManager( 5665): scan package: /system/app/Phone.apk , start at: 276235ms.
W/asset   ( 5665): AssetManager-->addDefaultAssets CIP path not exsit!
D/BootAnimation(  289): [BootAnimation checkExit 707]exitnow=0
D/BootAnimation(  289): [BootAnimation movie 844]i=1,r=118,j=14,lastFrame=276245596019(276245 ms),file=loop854_00079.png
D/BootAnimation(  289): [BootAnimation movie 847]glBindTexture,i=1,r=118,j=14,frame.tid=15,name=loop854_00079.png
D/BootAnimation(  289): [BootAnimation movie 882]1,delay=48
W/PackageParser( 5665): No actions in intent filter at /system/app/Phone.apk Binary XML file line #458
W/PackageParser( 5665): No actions in intent filter at /system/app/Phone.apk Binary XML file line #469
W/PackageParser( 5665): No actions in intent filter at /system/app/Phone.apk Binary XML file line #486
W/PackageParser( 5665): No actions in intent filter at /system/app/Phone.apk Binary XML file line #491
W/PackageParser( 5665): No actions in intent filter at /system/app/Phone.apk Binary XML file line #503
W/PackageParser( 5665): No actions in intent filter at /system/app/Phone.apk Binary XML file line #508
I/PackageManager( 5665): Perform pre-dex opt for package: com.android.phone
D/PackageManager( 5665): scan package: /system/app/Phone.apk , end at: 276271ms. elapsed time = 36ms.
D/PackageManager( 5665): scan package: /system/app/PhotoTable.apk , start at: 276271ms.
W/asset   ( 5665): AssetManager-->addDefaultAssets CIP path not exsit!
I/PackageManager( 5665): Perform pre-dex opt for package: com.android.dreams.phototable
D/PackageManager( 5665): scan package: /system/app/PhotoTable.apk , end at: 276276ms. elapsed time = 5ms.
D/PackageManager( 5665): scan package: /system/app/PicoTts.apk , start at: 276276ms.
W/asset   ( 5665): AssetManager-->addDefaultAssets CIP path not exsit!
I/PackageManager( 5665): Perform pre-dex opt for package: com.svox.pico
D/PackageManager( 5665): scan package: /system/app/PicoTts.apk , end at: 276280ms. elapsed time = 4ms.
D/PackageManager( 5665): scan package: /system/app/ResManager.apk , start at: 276280ms.
W/asset   ( 5665): AssetManager-->addDefaultAssets CIP path not exsit!
I/PackageManager( 5665): Perform pre-dex opt for package: com.baidu.resmanager.filemanager
D/PackageManager( 5665): scan package: /system/app/ResManager.apk , end at: 276287ms. elapsed time = 7ms.
D/PackageManager( 5665): scan package: /system/app/SearchBox.apk , start at: 276287ms.
W/asset   ( 5665): AssetManager-->addDefaultAssets CIP path not exsit!
D/BootAnimation(  289): [BootAnimation checkExit 707]exitnow=0
D/BootAnimation(  289): [BootAnimation movie 844]i=1,r=118,j=15,lastFrame=276295748173(276295 ms),file=loop854_00080.png
D/BootAnimation(  289): [BootAnimation movie 847]glBindTexture,i=1,r=118,j=15,frame.tid=16,name=loop854_00080.png
D/BootAnimation(  289): [BootAnimation movie 882]1,delay=48
W/PackageParser( 5665): No actions in intent filter at /system/app/SearchBox.apk Binary XML file line #1045
W/PackageParser( 5665): No actions in intent filter at /system/app/SearchBox.apk Binary XML file line #1073
I/BufferQueue(  119): [BootAnimation](this:0x41de1e10,api:1) [release] fps:19.65, dur:1017.61, max:58.78, min:39.08
I/SurfaceFlinger(  119): [SurfaceFlinger] fps:19.653517,dur:1017.63,max:58.84,min:39.02
I/BufferQueue(  119): [FramebufferSurface](this:0x41dd94b8,api:1) [queue] fps:19.65, dur:1017.56, max:58.73, min:39.12
D/BootAnimation(  289): [BootAnimation checkExit 707]exitnow=0
D/BootAnimation(  289): [BootAnimation movie 844]i=1,r=118,j=16,lastFrame=276345918481(276345 ms),file=loop854_00081.png
D/BootAnimation(  289): [BootAnimation movie 847]glBindTexture,i=1,r=118,j=16,frame.tid=17,name=loop854_00081.png
D/BootAnimation(  289): [BootAnimation movie 882]1,delay=48
D/BootAnimation(  289): [BootAnimation checkExit 707]exitnow=0
D/BootAnimation(  289): [BootAnimation movie 844]i=1,r=118,j=17,lastFrame=276396078866(276396 ms),file=loop854_00082.png
D/BootAnimation(  289): [BootAnimation movie 847]glBindTexture,i=1,r=118,j=17,frame.tid=18,name=loop854_00082.png
D/BootAnimation(  289): [BootAnimation movie 882]1,delay=48
I/SurfaceTextureClient(  289): [STC::queueBuffer] (this:0x4129fe38) fps:19.94, dur:1003.18, max:50.60, min:49.58
I/PackageManager( 5665): Perform pre-dex opt for package: com.baidu.searchbox
D/PackageManager( 5665): scan package: /system/app/SearchBox.apk , end at: 276443ms. elapsed time = 156ms.
D/PackageManager( 5665): scan package: /system/app/Settings.apk , start at: 276443ms.
W/asset   ( 5665): AssetManager-->addDefaultAssets CIP path not exsit!
D/BootAnimation(  289): [BootAnimation checkExit 707]exitnow=0
D/BootAnimation(  289): [BootAnimation movie 844]i=1,r=118,j=18,lastFrame=276446233712(276446 ms),file=loop854_00083.png
D/BootAnimation(  289): [BootAnimation movie 847]glBindTexture,i=1,r=118,j=18,frame.tid=19,name=loop854_00083.png
D/BootAnimation(  289): [BootAnimation movie 882]1,delay=48
W/PackageParser( 5665): Problem in package /system/app/Settings.apk:
W/PackageParser( 5665): Unknown element under <activity>: category at /system/app/Settings.apk Binary XML file line #1112
I/PackageManager( 5665): Perform pre-dex opt for package: com.android.settings
D/PackageManager( 5665): scan package: /system/app/Settings.apk , end at: 276486ms. elapsed time = 43ms.
D/PackageManager( 5665): scan package: /system/app/SettingsProvider.apk , start at: 276486ms.
W/asset   ( 5665): AssetManager-->addDefaultAssets CIP path not exsit!
I/PackageManager( 5665): Perform pre-dex opt for package: com.android.providers.settings
D/PackageManager( 5665): scan package: /system/app/SettingsProvider.apk , end at: 276490ms. elapsed time = 4ms.
D/PackageManager( 5665): scan package: /system/app/SharedStorageBackup.apk , start at: 276490ms.
W/asset   ( 5665): AssetManager-->addDefaultAssets CIP path not exsit!
I/PackageManager( 5665): Perform pre-dex opt for package: com.android.sharedstoragebackup
D/PackageManager( 5665): scan package: /system/app/SharedStorageBackup.apk , end at: 276493ms. elapsed time = 3ms.
D/PackageManager( 5665): scan package: /system/app/Stk1.apk , start at: 276493ms.
W/asset   ( 5665): AssetManager-->addDefaultAssets CIP path not exsit!
D/BootAnimation(  289): [BootAnimation checkExit 707]exitnow=0
D/BootAnimation(  289): [BootAnimation movie 844]i=1,r=118,j=19,lastFrame=276496385635(276496 ms),file=loop854_00084.png
D/BootAnimation(  289): [BootAnimation movie 847]glBindTexture,i=1,r=118,j=19,frame.tid=20,name=loop854_00084.png
D/BootAnimation(  289): [BootAnimation movie 882]1,delay=48
I/PackageManager( 5665): Perform pre-dex opt for package: com.android.stk
D/PackageManager( 5665): scan package: /system/app/Stk1.apk , end at: 276502ms. elapsed time = 9ms.
D/PackageManager( 5665): scan package: /system/app/StkSelection.apk , start at: 276502ms.
W/asset   ( 5665): AssetManager-->addDefaultAssets CIP path not exsit!
I/PackageManager( 5665): Perform pre-dex opt for package: com.mediatek.StkSelection
D/PackageManager( 5665): scan package: /system/app/StkSelection.apk , end at: 276506ms. elapsed time = 4ms.
D/PackageManager( 5665): scan package: /system/app/SystemUI.apk , start at: 276506ms.
W/asset   ( 5665): AssetManager-->addDefaultAssets CIP path not exsit!
I/PackageManager( 5665): Perform pre-dex opt for package: com.android.systemui
D/PackageManager( 5665): scan package: /system/app/SystemUI.apk , end at: 276526ms. elapsed time = 20ms.
D/PackageManager( 5665): scan package: /system/app/TelephonyProvider.apk , start at: 276526ms.
W/asset   ( 5665): AssetManager-->addDefaultAssets CIP path not exsit!
I/PackageManager( 5665): Perform pre-dex opt for package: com.android.providers.telephony
D/PackageManager( 5665): scan package: /system/app/TelephonyProvider.apk , end at: 276531ms. elapsed time = 5ms.
D/PackageManager( 5665): scan package: /system/app/TrafficMonitor.apk , start at: 276531ms.
W/asset   ( 5665): AssetManager-->addDefaultAssets CIP path not exsit!
I/PackageManager( 5665): Perform pre-dex opt for package: com.baidu.trafficmonitor
D/PackageManager( 5665): scan package: /system/app/TrafficMonitor.apk , end at: 276539ms. elapsed time = 8ms.
D/PackageManager( 5665): scan package: /system/app/UserDictionaryProvider.apk , start at: 276539ms.
W/asset   ( 5665): AssetManager-->addDefaultAssets CIP path not exsit!
I/PackageManager( 5665): Perform pre-dex opt for package: com.android.providers.userdictionary
D/PackageManager( 5665): scan package: /system/app/UserDictionaryProvider.apk , end at: 276542ms. elapsed time = 3ms.
D/PackageManager( 5665): scan package: /system/app/VpnDialogs.apk , start at: 276542ms.
W/asset   ( 5665): AssetManager-->addDefaultAssets CIP path not exsit!
I/PackageManager( 5665): Perform pre-dex opt for package: com.android.vpndialogs
D/PackageManager( 5665): scan package: /system/app/VpnDialogs.apk , end at: 276545ms. elapsed time = 3ms.
D/PackageManager( 5665): scan package: /system/app/Wallpaper.apk , start at: 276546ms.
W/asset   ( 5665): AssetManager-->addDefaultAssets CIP path not exsit!
D/BootAnimation(  289): [BootAnimation checkExit 707]exitnow=0
D/BootAnimation(  289): [BootAnimation movie 844]i=1,r=118,j=20,lastFrame=276546523866(276546 ms),file=loop854_00085.png
D/BootAnimation(  289): [BootAnimation movie 847]glBindTexture,i=1,r=118,j=20,frame.tid=21,name=loop854_00085.png
D/BootAnimation(  289): [BootAnimation movie 882]1,delay=48
I/PackageManager( 5665): Perform pre-dex opt for package: com.baidu.systemwallpaper
D/PackageManager( 5665): scan package: /system/app/Wallpaper.apk , end at: 276551ms. elapsed time = 5ms.
D/PackageManager( 5665): scan package: /system/app/YellowPageProvider.apk , start at: 276551ms.
W/asset   ( 5665): AssetManager-->addDefaultAssets CIP path not exsit!
I/PackageManager( 5665): Perform pre-dex opt for package: com.baidu.providers.yellowpage
D/PackageManager( 5665): scan package: /system/app/YellowPageProvider.apk , end at: 276555ms. elapsed time = 4ms.
D/PackageManager( 5665): scan package: /system/app/YiYueDu.apk , start at: 276555ms.
W/asset   ( 5665): AssetManager-->addDefaultAssets CIP path not exsit!
I/PackageManager( 5665): Perform pre-dex opt for package: com.baiyi_mobile.bulletin
D/PackageManager( 5665): scan package: /system/app/YiYueDu.apk , end at: 276564ms. elapsed time = 9ms.
D/PackageManager( 5665): No files in app dir /vendor/app
D/PackageManager( 5665): scan package: /vendor/operator/app/MobilePortal.apk , start at: 276564ms.
W/asset   ( 5665): AssetManager-->addDefaultAssets CIP path not exsit!
I/PackageManager( 5665): Perform pre-dex opt for package: com.mediatek.mobileportal
D/PackageManager( 5665): scan package: /vendor/operator/app/MobilePortal.apk , end at: 276568ms. elapsed time = 4ms.
D/PackageManager( 5665): No files in app dir /custom/app
I/PackageManager( 5665): Time to scan packages: 1.598 seconds
W/PackageManager( 5665): Unknown permission com.android.launcher.permission.READ_SETTINGS in package com.baiyi_mobile.security
W/PackageManager( 5665): Unknown permission android.Manifest.permission.FORCE_STOP_PACKAGES in package com.baiyi_mobile.security
W/PackageManager( 5665): Unknown permission com.htc.launcher.permission.WRITE_SETTINGS in package com.baiyi_mobile.security
W/PackageManager( 5665): Unknown permission com.htc.launcher.permission.READ_SETTINGS in package com.baiyi_mobile.security
W/PackageManager( 5665): Unknown permission android.permission.ADD_SYSTEM_SERVICE in package com.baidu.bsf.system
W/PackageManager( 5665): Unknown permission android.permission.WRITE_INTERNAL_STORAGE in package com.baidu.bsf.system
W/PackageManager( 5665): Unknown permission com.google.android.googleapps.permission.GOOGLE_AUTH.mail in package com.android.contacts
W/PackageManager( 5665): Unknown permission android.permission.ADD_SYSTEM_SERVICE in package com.android.phone
W/PackageManager( 5665): Unknown permission com.android.smspush.WAPPUSH_MANAGER_BIND in package com.android.phone
W/PackageManager( 5665): Unknown permission com.google.android.googleapps.permission.GOOGLE_AUTH in package com.android.providers.calendar
W/PackageManager( 5665): Unknown permission com.google.android.googleapps.permission.GOOGLE_AUTH.cl in package com.android.providers.calendar
W/PackageManager( 5665): Unknown permission android.permission.DISABLE_STATUS_BAR in package com.baidu.setupwizard
W/PackageManager( 5665): Unknown permission android.permission.RAISED_THREAD_PRIORITY in package com.baidu.setupwizard
W/PackageManager( 5665): Unknown permission android.permission.WRITE_OWNER_DATA in package com.baidu.thememanager.ui
W/PackageManager( 5665): Unknown permission android.permission.ADD_SYSTEM_SERVICE in package com.baidu.thememanager.ui
W/PackageManager( 5665): Unknown permission android.permission.READ_OWNER_DATA in package com.baidu.thememanager.ui
W/PackageManager( 5665): Unknown permission com.android.launcher.permission.READ_SETTINGS in package com.baidu.appsearch
W/PackageManager( 5665): Unknown permission com.android.launcher.permission.WRITE_SETTINGS in package com.baidu.appsearch
W/PackageManager( 5665): Unknown permission com.htc.launcher.permission.READ_SETTINGS in package com.baidu.appsearch
W/PackageManager( 5665): Unknown permission com.htc.launcher.permission.WRITE_SETTINGS in package com.baidu.appsearch
W/PackageManager( 5665): Unknown permission org.adw.launcher.permission.READ_SETTINGS in package com.baidu.appsearch
W/PackageManager( 5665): Unknown permission org.adw.launcher.permission.WRITE_SETTINGS in package com.baidu.appsearch
W/PackageManager( 5665): Unknown permission com.fede.launcher.permission.READ_SETTINGS in package com.baidu.appsearch
W/PackageManager( 5665): Unknown permission com.fede.launcher.permission.WRITE_SETTINGS in package com.baidu.appsearch
W/PackageManager( 5665): Unknown permission com.qihoo360.launcher.permission.READ_SETTINGS in package com.baidu.appsearch
W/PackageManager( 5665): Unknown permission com.qihoo360.launcher.permission.WRITE_SETTINGS in package com.baidu.appsearch
W/PackageManager( 5665): Unknown permission net.qihoo.launcher.permission.READ_SETTINGS in package com.baidu.appsearch
W/PackageManager( 5665): Unknown permission net.qihoo.launcher.permission.WRITE_SETTINGS in package com.baidu.appsearch
W/PackageManager( 5665): Unknown permission com.lge.launcher.permission.READ_SETTINGS in package com.baidu.appsearch
W/PackageManager( 5665): Unknown permission com.lge.launcher.permission.WRITE_SETTINGS in package com.baidu.appsearch
W/PackageManager( 5665): Unknown permission com.sec.android.app.twlauncher.settings.READ_SETTINGS in package com.baidu.appsearch
W/PackageManager( 5665): Unknown permission com.sec.android.app.twlauncher.settings.WRITE_SETTINGS in package com.baidu.appsearch
W/PackageManager( 5665): Unknown permission org.adwfreak.launcher.permission.READ_SETTINGS in package com.baidu.appsearch
W/PackageManager( 5665): Unknown permission org.adwfreak.launcher.permission.WRITE_SETTINGS in package com.baidu.appsearch
W/PackageManager( 5665): Not granting permission android.permission.FORCE_STOP_PACKAGES to package com.baidu.appsearch (protectionLevel=2 flags=0x8be45)
W/PackageManager( 5665): Not granting permission android.permission.SET_ACTIVITY_WATCHER to package com.baidu.appsearch (protectionLevel=2 flags=0x8be45)
W/PackageManager( 5665): Unknown permission android.permission.ACCESS_MOBILE_STATE in package com.baidu.android.ota
W/PackageManager( 5665): Unknown permission android.permission.WRITE_OWNER_DATA in package com.baiyi_mobile.gamecenter
W/PackageManager( 5665): Unknown permission android.permission.ADD_SYSTEM_SERVICE in package com.baiyi_mobile.gamecenter
W/PackageManager( 5665): Not granting permission android.permission.CLEAR_APP_USER_DATA to package com.baiyi_mobile.gamecenter (protectionLevel=2 flags=0xbe45)
W/PackageManager( 5665): Unknown permission android.permission.WRITE_OWNER_DATA in package com.baidu.bsf.service
W/PackageManager( 5665): Unknown permission android.permission.ADD_SYSTEM_SERVICE in package com.baidu.bsf.service
W/PackageManager( 5665): Unknown permission android.permission.WRITE_WAPPUSH in package com.mediatek.bluetooth
W/PackageManager( 5665): Unknown permission android.permission.READ_WAPPUSH in package com.mediatek.bluetooth
W/PackageManager( 5665): Unknown permission com.google.android.gallery3d.permission.PICASA_STORE in package com.android.dreams.phototable
W/PackageManager( 5665): Unknown permission com.google.android.googleapps.permission.GOOGLE_AUTH in package com.android.settings
W/PackageManager( 5665): Unknown permission com.android.launcher.permission.READ_SETTINGS in package com.android.settings
W/PackageManager( 5665): Unknown permission com.android.launcher.permission.WRITE_SETTINGS in package com.android.settings
W/PackageManager( 5665): Unknown permission android.permission.BACKUP_DATA in package com.baidu.browser.apps
W/PackageManager( 5665): Not granting permission android.permission.SET_ACTIVITY_WATCHER to package com.baidu.browser.apps (protectionLevel=2 flags=0x8be45)
W/PackageManager( 5665): Unknown permission com.android.launcher.permission.READ_SETTINGS in package com.baidu.browser.apps
W/PackageManager( 5665): Unknown permission com.huawei.android.launcher.permission.READ_SETTINGS in package com.baidu.browser.apps
W/PackageManager( 5665): Unknown permission com.qihoo360.launcher.permission.READ_SETTINGS in package com.baidu.browser.apps
W/PackageManager( 5665): Unknown permission net.qihoo.launcher.permission.READ_SETTINGS in package com.baidu.browser.apps
W/PackageManager( 5665): Unknown permission com.nd.android.launcher.permission.READ_SETTINGS in package com.baidu.browser.apps
W/PackageManager( 5665): Unknown permission com.bbk.launcher2.permission.READ_SETTINGS in package com.baidu.browser.apps
W/PackageManager( 5665): Unknown permission com.lge.launcher.permission.READ_SETTINGS in package com.baidu.browser.apps
W/PackageManager( 5665): Unknown permission com.htc.launcher.permission.READ_SETTINGS in package com.baidu.browser.apps
W/PackageManager( 5665): Unknown permission com.fede.launcher.permission.READ_SETTINGS in package com.baidu.browser.apps
W/PackageManager( 5665): Unknown permission com.tencent.qqlauncher.permission.READ_SETTINGS in package com.baidu.browser.apps
W/PackageManager( 5665): Unknown permission org.adw.launcher.permission.READ_SETTINGS in package com.baidu.browser.apps
W/PackageManager( 5665): Unknown permission org.adwfreak.launcher.permission.READ_SETTINGS in package com.baidu.browser.apps
W/PackageManager( 5665): Unknown permission org.adw.launcher_donut.permission.READ_SETTINGS in package com.baidu.browser.apps
W/PackageManager( 5665): Unknown permission com.yulong.android.launcher.permission.READ_SETTINGS in package com.baidu.browser.apps
W/PackageManager( 5665): Unknown permission com.android.mylauncher.permission.READ_SETTINGS in package com.baidu.browser.apps
W/PackageManager( 5665): Unknown permission com.android.launcher.permission.READ_SETTINGS in package com.chaozh.iReaderFree
W/PackageManager( 5665): Unknown permission android.permission.RECEIVE_USER_PRESENT in package com.chaozh.iReaderFree
W/PackageManager( 5665): Unknown permission android.permission.READ_SETTINGS in package com.chaozh.iReaderFree
W/PackageManager( 5665): Unknown permission org.simalliance.openmobileapi.SMARTCARD in package com.chaozh.iReaderFree
W/PackageManager( 5665): Unknown permission com.google.android.providers.settings.permission.READ_GSETTINGS in package com.baidu.map.location
W/PackageManager( 5665): Unknown permission com.google.android.providers.settings.permission.WRITE_GSETTINGS in package com.baidu.map.location
W/PackageManager( 5665): Unknown permission com.google.android.providers.gsf.permission.READ_GSERVICES in package com.baidu.map.location
W/PackageManager( 5665): Unknown permission com.android.launcher.permission.READ_SETTINGS in package com.baidu.searchbox
W/PackageManager( 5665): Unknown permission com.android.launcher.permission.WRITE_SETTINGS in package com.baidu.searchbox
W/PackageManager( 5665): Not granting permission android.permission.SET_ACTIVITY_WATCHER to package com.baidu.searchbox (protectionLevel=2 flags=0x8be65)
W/PackageManager( 5665): Unknown permission android.hardware.sensor.accelerometer in package com.baiyi_mobile.lightapp
W/PackageManager( 5665): Unknown permission com.android.launcher.permission.WRITE_SETTINGS in package com.baiyi_mobile.lightapp
W/PackageManager( 5665): Unknown permission com.android.launcher.permission.READ_SETTINGS in package com.baiyi_mobile.lightapp
W/PackageManager( 5665): Unknown permission com.android.launcher3.permission.WRITE_SETTINGS in package com.baiyi_mobile.lightapp
W/PackageManager( 5665): Unknown permission com.android.launcher3.permission.READ_SETTINGS in package com.baiyi_mobile.lightapp
W/PackageManager( 5665): Unknown permission android.permission.MANAGE_DEVICE_ADMINS in package com.baidu.home2
W/PackageManager( 5665): Unknown permission baidu.permission.USE_UBC in package com.baidu.home2
W/PackageManager( 5665): Unknown permission android.permission.READ_TING_MP3 in package com.baidu.musicplayer
W/PackageManager( 5665): Unknown permission android.permission.WRITE_TING_MP3 in package com.baidu.musicplayer
W/PackageManager( 5665): Unknown permission android.hardware.sensor.accelerometer in package com.baidu.musicplayer
W/PackageManager( 5665): Unknown permission android.permission.READ_ATTACHMEN in package com.baidu.musicplayer
W/PackageManager( 5665): Unknown permission android.Manifest.permission.FORCE_STOP_PACKAGES in package com.baidu.onekeywidget
W/PackageManager( 5665): Unknown permission android.permission.ACCESS_GPS in package com.baidu.BaiduMap
W/PackageManager( 5665): Unknown permission com.android.launcher.permission.READ_SETTINGS in package com.baidu.BaiduMap
W/PackageManager( 5665): Unknown permission com.android.launcher.permission.WRITE_SETTINGS in package com.baidu.BaiduMap
W/PackageManager( 5665): Not granting permission android.permission.SET_ACTIVITY_WATCHER to package com.baidu.BaiduMap (protectionLevel=2 flags=0x83e45)
W/PackageManager( 5665): Unknown permission android.permission.VIBRATION in package com.baidu.input
W/PackageManager( 5665): Unknown permission com.android.launcher.permission.READ_SETTINGS in package com.baidu.input
W/PackageManager( 5665): Unknown permission com.android.launcher.permission.WRITE_SETTINGS in package com.baidu.input
W/PackageManager( 5665): Not granting permission android.permission.SET_ACTIVITY_WATCHER to package com.baidu.input (protectionLevel=2 flags=0x8be45)
W/PackageManager( 5665): Unknown permission com.android.launcher.permission.READ_SETTINGS in package com.baidu.baiduclock
D/BootAnimation(  289): [BootAnimation checkExit 707]exitnow=0
D/BootAnimation(  289): [BootAnimation movie 844]i=1,r=118,j=21,lastFrame=276596678327(276596 ms),file=loop854_00086.png
D/BootAnimation(  289): [BootAnimation movie 847]glBindTexture,i=1,r=118,j=21,frame.tid=22,name=loop854_00086.png
D/BootAnimation(  289): [BootAnimation movie 882]1,delay=48
D/BootAnimation(  289): [BootAnimation checkExit 707]exitnow=0
D/BootAnimation(  289): [BootAnimation movie 844]i=1,r=118,j=22,lastFrame=276646817789(276646 ms),file=loop854_00087.png
D/BootAnimation(  289): [BootAnimation movie 847]glBindTexture,i=1,r=118,j=22,frame.tid=23,name=loop854_00087.png
D/BootAnimation(  289): [BootAnimation movie 882]1,delay=48
I/SurfaceTextureClient(  119): [STC::queueBuffer] (this:0x41dd9f88) fps:19.88, dur:1056.54, max:59.24, min:38.57
I/BufferQueue(  119): [FramebufferSurface](this:0x41dd94b8,api:1) [release] fps:19.88, dur:1056.53, max:59.24, min:38.57
D/BootAnimation(  289): [BootAnimation checkExit 707]exitnow=0
D/BootAnimation(  289): [BootAnimation movie 844]i=1,r=118,j=23,lastFrame=276696946866(276696 ms),file=loop854_00088.png
D/BootAnimation(  289): [BootAnimation movie 847]glBindTexture,i=1,r=118,j=23,frame.tid=24,name=loop854_00088.png
D/BootAnimation(  289): [BootAnimation movie 882]1,delay=48
D/BootAnimation(  289): [BootAnimation checkExit 707]exitnow=0
D/BootAnimation(  289): [BootAnimation movie 844]i=1,r=118,j=24,lastFrame=276747114558(276747 ms),file=loop854_00089.png
D/BootAnimation(  289): [BootAnimation movie 847]glBindTexture,i=1,r=118,j=24,frame.tid=25,name=loop854_00089.png
D/BootAnimation(  289): [BootAnimation movie 882]1,delay=48
I/BufferQueue(  119): [BootAnimation](this:0x41de1e10,api:1) [queue] fps:19.94, dur:1003.03, max:54.07, min:45.70
D/dalvikvm( 5665): GC_EXPLICIT freed 1000K, 22% free 4943K/6280K, paused 2ms+3ms, total 40ms
I/SystemServer( 5665): User Service
I/SystemServer( 5665): Account Manager
I/SystemServer( 5665): Content Manager
D/BootAnimation(  289): [BootAnimation checkExit 707]exitnow=0
D/BootAnimation(  289): [BootAnimation movie 844]i=1,r=118,j=25,lastFrame=276797265558(276797 ms),file=loop854_00090.png
D/BootAnimation(  289): [BootAnimation movie 847]glBindTexture,i=1,r=118,j=25,frame.tid=26,name=loop854_00090.png
D/BootAnimation(  289): [BootAnimation movie 882]1,delay=48
I/SystemServer( 5665): System Content Providers
I/ProviderMap( 5665): getProviderByClass: ComponentInfo{com.android.providers.settings/com.android.providers.settings.SettingsProvider}, callingUid = 1000
I/ProviderMap( 5665): putProviderByClass: ComponentInfo{com.android.providers.settings/com.android.providers.settings.SettingsProvider} , callingUid = 1000, record uid = 1000
I/ProviderMap( 5665): getProviderByClass: ComponentInfo{com.baidu.providers.dp/com.baidu.providers.dp.ImpostorProvider}, callingUid = 1000
I/ProviderMap( 5665): putProviderByClass: ComponentInfo{com.baidu.providers.dp/com.baidu.providers.dp.ImpostorProvider} , callingUid = 1000, record uid = 1000
I/ProviderMap( 5665): getProviderByClass: ComponentInfo{com.baidu.providers.dp/com.baidu.providers.dp.DpProvider}, callingUid = 1000
I/ProviderMap( 5665): putProviderByClass: ComponentInfo{com.baidu.providers.dp/com.baidu.providers.dp.DpProvider} , callingUid = 1000, record uid = 1000
D/ActivityThread( 5665): installProvider: context=android.app.Application@40f9ced0holder=nullnoisy=falsenoReleaseNeeded=truestable=true
D/ActivityThread( 5665): installProvider: context.getPackageName()=androidai.packageName=com.android.providers.settings
D/ActivityThread( 5665): getPackageInfo: securityViolation=false
W/asset   ( 5665): AssetManager-->addDefaultAssets CIP path not exsit!
D/ActivityThread( 5665): installProvider: context=android.app.Application@40f9ced0holder=nullnoisy=falsenoReleaseNeeded=truestable=true
D/ActivityThread( 5665): installProvider: context.getPackageName()=androidai.packageName=com.baidu.providers.dp
D/ActivityThread( 5665): getPackageInfo: securityViolation=false
W/asset   ( 5665): AssetManager-->addDefaultAssets CIP path not exsit!
D/ActivityThread( 5665): installProvider: context=android.app.Application@40f9ced0holder=nullnoisy=falsenoReleaseNeeded=truestable=true
D/ActivityThread( 5665): installProvider: context.getPackageName()=androidai.packageName=com.baidu.providers.dp
I/ProviderMap( 5665): putProviderByClass: ComponentInfo{com.android.providers.settings/com.android.providers.settings.SettingsProvider} , callingUid = 1000, record uid = 1000
I/ProviderMap( 5665): putProviderByName: settings , callingUid = 1000, record uid = 1000
I/ProviderMap( 5665): putProviderByClass: ComponentInfo{com.baidu.providers.dp/com.baidu.providers.dp.ImpostorProvider} , callingUid = 1000, record uid = 1000
I/ProviderMap( 5665): putProviderByName: com.baidu.dp.impostor , callingUid = 1000, record uid = 1000
I/ProviderMap( 5665): putProviderByClass: ComponentInfo{com.baidu.providers.dp/com.baidu.providers.dp.DpProvider} , callingUid = 1000, record uid = 1000
I/ProviderMap( 5665): putProviderByName: com.baidu.dperm , callingUid = 1000, record uid = 1000
V/Provider/Settings( 5665): invalidate [secure]: current 4 != cached 0
V/Provider/Settings( 5665): from db cache, name = long_press_timeout , value = 500
D/BootAnimation(  289): [BootAnimation checkExit 707]exitnow=0
D/BootAnimation(  289): [BootAnimation movie 844]i=1,r=118,j=26,lastFrame=276847426866(276847 ms),file=loop854_00091.png
D/BootAnimation(  289): [BootAnimation movie 847]glBindTexture,i=1,r=118,j=26,frame.tid=27,name=loop854_00091.png
D/BootAnimation(  289): [BootAnimation movie 882]1,delay=48
I/SystemServer( 5665): Lights Service
I/SystemServer( 5665): Battery Service
D/BatteryService( 5665): mBatteryVoltage=3809
D/LightsService( 5665): setLight_native: light=3, colorARGB=0xffffff00, flashMode=0, onMS=0, offMS=0, brightnessMode=0
D/lights  ( 5665): set_led_state colorRGB=FFFFFF00, onMS=0, offMS=0
D/lights  ( 5665): blink_red, level=255, onMS=0, offMS=0
D/lights  ( 5665): write_int open fd=-1
I/SystemServer( 5665): Vibrator Service
D/PowerManagerService( 5665): PowerManagerService: Init
D/PowerManagerService( 5665): unblankAllDisplays in ...
I/libsuspend( 5665): Selected early suspend
I/libsuspend( 5665): Starting early suspend unblocker thread
D/PowerManagerService( 5665): unblankAllDisplays 1
D/SurfaceFlinger(  119): Screen acquired, type=0 flinger=0x41da5328
D/SurfaceFlinger(  119):  screen was previously acquired
D/PowerManagerService( 5665): unblankAllDisplays 2
I/TV/JNI  ( 5665): [TVOut] jboolean tvoutPowerEnable(JNIEnv*, jobject, jboolean)(1) ret = 0
I/hdmi    ( 5665): [HDMI] JNI com.mediatek.hdmi.HDMINative.enableHDMIPOWER(1)
D/PowerManager_performance( 5665): unblankAllDisplays out ...
I/SystemServer( 5665): Alarm Manager
D/BootAnimation(  289): [BootAnimation checkExit 707]exitnow=0
D/BootAnimation(  289): [BootAnimation movie 844]i=1,r=118,j=27,lastFrame=276897578096(276897 ms),file=loop854_00092.png
D/BootAnimation(  289): [BootAnimation movie 847]glBindTexture,i=1,r=118,j=27,frame.tid=28,name=loop854_00092.png
D/BootAnimation(  289): [BootAnimation movie 882]1,delay=48
I/AlarmManager( 5665): mDescriptor is 91
D/AlarmManagerService( 5665): Kernel timezone updated to -480 minutes west of GMT
V/Provider/Settings( 5665): invalidate [system]: current 1 != cached 0
V/Provider/Settings( 5665): from db cache, name = power_off_alarm_package_name , value = null
V/AlarmManager( 5665): Native set alarm :Alarm{40fada50 type 3 android}
V/Provider/Settings( 5665): from db cache, name = alarm_align_enable , value = null
V/AlarmManager( 5665): Native set alarm :Alarm{41070830 type 1 android}
V/Provider/Settings( 5665):  from settings cache , name = alarm_align_enable , value = null
I/SystemServer( 5665): Init Watchdog
I/SystemServer( 5665): Input Manager
I/InputManager( 5665): Initializing input manager, mUseDevInputEventForAudioJack=false
D/InputReader( 5665): InputReader:: InputReader lock 
D/InputReader( 5665): InputReader:: InputReader unlock 
I/SystemServer( 5665): Window Manager
D/BootAnimation(  289): [BootAnimation checkExit 707]exitnow=0
D/BootAnimation(  289): [BootAnimation movie 844]i=1,r=118,j=28,lastFrame=276947747635(276947 ms),file=loop854_00093.png
D/BootAnimation(  289): [BootAnimation movie 847]glBindTexture,i=1,r=118,j=28,frame.tid=29,name=loop854_00093.png
D/BootAnimation(  289): [BootAnimation movie 882]1,delay=48
D/BootAnimation(  289): [BootAnimation checkExit 707]exitnow=0
D/BootAnimation(  289): [BootAnimation movie 844]i=1,r=118,j=29,lastFrame=276997916404(276997 ms),file=loop854_00094.png
D/BootAnimation(  289): [BootAnimation movie 847]glBindTexture,i=1,r=118,j=29,frame.tid=30,name=loop854_00094.png
D/BootAnimation(  289): [BootAnimation movie 882]1,delay=48
D/BootAnimation(  289): [BootAnimation checkExit 707]exitnow=0
D/BootAnimation(  289): [BootAnimation movie 844]i=1,r=118,j=30,lastFrame=277048088173(277048 ms),file=loop854_00095.png
D/BootAnimation(  289): [BootAnimation movie 847]glBindTexture,i=1,r=118,j=30,frame.tid=31,name=loop854_00095.png
D/BootAnimation(  289): [BootAnimation movie 882]1,delay=48
I/SurfaceFlinger(  119): EventThread Client Pid (5665) created
V/Provider/Settings( 5665): invalidate [global]: current 1 != cached 0
V/Provider/Settings( 5665): from db cache, name = window_animation_scale , value = null
V/Provider/Settings( 5665): from db cache, name = transition_animation_scale , value = null
V/Provider/Settings( 5665): from db cache, name = animator_duration_scale , value = null
D/BootAnimation(  289): [BootAnimation checkExit 707]exitnow=0
D/BootAnimation(  289): [BootAnimation movie 844]i=1,r=118,j=31,lastFrame=277098271096(277098 ms),file=loop854_00096.png
D/BootAnimation(  289): [BootAnimation movie 847]glBindTexture,i=1,r=118,j=31,frame.tid=32,name=loop854_00096.png
D/BootAnimation(  289): [BootAnimation movie 882]1,delay=48
V/Provider/Settings( 5665): from db cache, name = statusbar_expand_lockscreen , value = null
D/KeyguardUpdateMonitor( 5665): DialogSequenceManager DialogSequenceManager()
I/DMAgent (  137): OnTransact   (3,16)
I/DMAgent (  137): isLockFlagSet
W/Parcel  (  137): **** enforceInterface() expected 'DMAgent' but read 'com.mediatek.common.dm.DMAgent'
I/DMAgent (  137): isLockFlagSet done
I/KeyguardUpdateMonitor( 5665): dmCheckLocked, the lock flag is:false
D/TelephonyRegistry( 5665): listen: E pkg=KeyguardUpdateMonitor events=0x1 myUid=0 callerUid=0
I/TelephonyRegistry( 5665): listen: add new record={pkgForDebug=KeyguardUpdateMonitor callerUid=0 events=0}
D/TelephonyRegistry( 5665): listen: E pkg=KeyguardUpdateMonitor events=0x1 myUid=0 callerUid=0
I/TelephonyRegistry( 5665): listen: add new record={pkgForDebug=KeyguardUpdateMonitor callerUid=0 events=0}
V/Provider/Settings( 5665): from db cache, name = device_provisioned , value = 0
D/KeyguardUpdateMonitor( 5665): mDeviceProvisioned is:false
V/Provider/Settings( 5665):  from settings cache , name = device_provisioned , value = 0
D/BootAnimation(  289): [BootAnimation checkExit 707]exitnow=0
D/BootAnimation(  289): [BootAnimation movie 844]i=1,r=118,j=32,lastFrame=277148446481(277148 ms),file=loop854_00097.png
D/BootAnimation(  289): [BootAnimation movie 847]glBindTexture,i=1,r=118,j=32,frame.tid=33,name=loop854_00097.png
D/BootAnimation(  289): [BootAnimation movie 882]1,delay=48
V/Provider/Settings( 5665): from db cache, name = show_status_bar_lock , value = null
V/Provider/Settings( 5665): from db cache, name = lock_sound , value = /system/media/audio/ui/Lock.ogg
V/Provider/Settings( 5665): from db cache, name = unlock_sound , value = /system/media/audio/ui/Unlock.ogg
D/MediaPlayerService( 5433): decode(26, 0, 13894)
D/MtkOmxCore( 5433): +MTK_OMX_Init tick=1372848373560
D/MtkOmxCore( 5433): +ParseMtkCoreConfig
D/MtkOmxCore( 5433): ParseMtkCoreConfig: gCoreComponentCounts = 30
D/MtkOmxCore( 5433): -ParseMtkCoreConfig
D/MtkOmxCore( 5433): +++++ dump_core_comp_table +++++
D/MtkOmxCore( 5433): name(OMX.MTK.VIDEO.DECODER.H263), role(video_decoder.h263), path(libMtkOmxVdec.so)
D/MtkOmxCore( 5433): name(OMX.MTK.VIDEO.DECODER.MPEG4), role(video_decoder.mpeg4), path(libMtkOmxVdec.so)
D/MtkOmxCore( 5433): name(OMX.MTK.VIDEO.DECODER.AVC), role(video_decoder.avc), path(libMtkOmxVdec.so)
D/MtkOmxCore( 5433): name(OMX.MTK.VIDEO.DECODER.RV), role(video_decoder.rv), path(libMtkOmxVdec.so)
D/MtkOmxCore( 5433): name(OMX.MTK.VIDEO.DECODER.VC1), role(video_decoder.vc1), path(libMtkOmxVdec.so)
D/MtkOmxCore( 5433): name(OMX.MTK.VIDEO.DECODER.VPX), role(video_decoder.vpx), path(libMtkOmxVdec.so)
D/MtkOmxCore( 5433): name(OMX.MTK.VIDEO.DECODER.DIVX), role(video_decoder.divx), path(libMtkOmxVdec.so)
D/MtkOmxCore( 5433): name(OMX.MTK.VIDEO.DECODER.DIVX3), role(video_decoder.divx3), path(libMtkOmxVdec.so)
D/MtkOmxCore( 5433): name(OMX.MTK.VIDEO.DECODER.XVID), role(video_decoder.xvid), path(libMtkOmxVdec.so)
D/MtkOmxCore( 5433): name(OMX.MTK.AUDIO.DECODER.RA), role(audio_decoder.ra), path(libMtkOmxCookDec.so)
D/MtkOmxCore( 5433): name(OMX.MTK.AUDIO.DECODER.MP3), role(audio_decoder.mp3), path(libMtkOmxMp3Dec.so)
D/MtkOmxCore( 5433): name(OMX.MTK.AUDIO.DECODER.AAC), role(audio_decoder.aac), path(libMtkOmxAacDec.so)
D/MtkOmxCore( 5433): name(OMX.MTK.AUDIO.DECODER.G711), role(audio_decoder.g711), path(libMtkOmxG711Dec.so)
D/MtkOmxCore( 5433): name(OMX.MTK.AUDIO.DECODER.AMR.NB), role(audio_decoder.amrnb), path(libMtkOmxAMRNBDec.so)
D/MtkOmxCore( 5433): name(OMX.MTK.AUDIO.DECODER.AMR.WB), role(audio_decoder.amrwb), path(libMtkOmxAMRWBDec.so)
D/MtkOmxCore( 5433): name(OMX.MTK.AUDIO.DECODER.WMA), role(audio_decoder.wma), path(libMtkOmxWmaDec.so)
D/MtkOmxCore( 5433): name(OMX.MTK.AUDIO.ENCODER.AMR), role(audio_encoder.amrnb), path(libMtkOmxAmrEnc.so)
D/MtkOmxCore( 5433): name(OMX.MTK.AUDIO.ENCODER.AWB), role(audio_encoder.amrwb), path(libMtkOmxAwbEnc.so)
D/MtkOmxCore( 5433): name(OMX.MTK.AUDIO.ENCODER.AAC), role(audio_encoder.aac), path(libMtkOmxAacEnc.so)
D/MtkOmxCore( 5433): name(OMX.MTK.VIDEO.ENCODER.AVC), role(video_encoder.avc), path(libMtkOmxVenc.so)
D/MtkOmxCore( 5433): name(OMX.MTK.VIDEO.ENCODER.H263), role(video_encoder.h263), path(libMtkOmxVenc.so)
D/MtkOmxCore( 5433): name(OMX.MTK.VIDEO.ENCODER.MPEG4), role(video_encoder.mpeg4), path(libMtkOmxVenc.so)
D/MtkOmxCore( 5433): name(OMX.MTK.AUDIO.ENCODER.VORBIS), role(audio_encoder.vorbis), path(libMtkOmxVorbisEnc.so)
D/MtkOmxCore( 5433): name(OMX.MTK.AUDIO.DECODER.VORBIS), role(audio_decoder.vorbis), path(libMtkOmxVorbisDec.so)
D/MtkOmxCore( 5433): name(OMX.MTK.AUDIO.DECODER.APE), role(audio_decoder.ape), path(libMtkOmxApeDec.so)
D/MtkOmxCore( 5433): name(OMX.MTK.AUDIO.DECODER.FLAC), role(audio_decoder.flac), path(libMtkOmxFlacDec.so)
D/MtkOmxCore( 5433): name(OMX.MTK.AUDIO.DECODER.ADPCM), role(audio_decoder.adpcm), path(libMtkOmxAdpcmDec.so)
D/MtkOmxCore( 5433): name(OMX.MTK.AUDIO.ENCODER.ADPCM), role(audio_encoder.adpcm), path(libMtkOmxAdpcmEnc.so)
D/MtkOmxCore( 5433): name(OMX.MTK.AUDIO.DECODER.RAW), role(audio_decoder.raw), path(libMtkOmxRawDec.so)
D/MtkOmxCore( 5433): name(OMX.MTK.VIDEO.DECODER.MJPEG), role(video_decoder.mjpeg), path(libMtkOmxVdec.so)
D/MtkOmxCore( 5433): ----- dump_core_comp_table -----
D/MtkOmxCore( 5433): -MTK_OMX_Init tick=1372848373560
V/Provider/Settings( 5665): get setting for user -2 by user 0 so skipping cache
D/AwesomePlayer( 5433): @@[SF_PROPERTY]sf.video.jump.key.ms =-1
D/AwesomePlayer( 5433): @@[SF_PROPERTY]sf.video.force.display.cnt=0
D/AwesomePlayer( 5433): @@[SF_PROPERTY]sf.video.late.margin.ms = 250
I/AwesomePlayer( 5433): set flag for stopped
D/AwesomePlayer( 5433): reset_l
V/Provider/Settings( 5665): from db cache, name = end_button_behavior , value = null
I/Provider/Settings( 5665): call-query of user -2 by 0 so not updating cache
V/Provider/Settings( 5665): get setting for user -2 by user 0 so skipping cache
E/Trace   ( 5433): error opening trace file: No such file or directory (2)
D/AwesomePlayer( 5433): reset_l
D/DataSource( 5433): fastsniff: fd is 32, urlStr is , strlen(urlStr) is 0
V/Provider/Settings( 5665): from db cache, name = incall_power_button_behavior , value = null
I/Provider/Settings( 5665): call-query of user -2 by 0 so not updating cache
V/Provider/Settings( 5665): get setting for user -2 by user 0 so skipping cache
D/DataSource( 5433): fastsniff is .ogg
D/MediaExtractor( 5433): JB +MediaExtractor::Create
V/Provider/Settings( 5665): from db cache, name = user_rotation , value = null
I/Provider/Settings( 5665): call-query of user -2 by 0 so not updating cache
V/Provider/Settings( 5665): get setting for user -2 by user 0 so skipping cache
V/Provider/Settings( 5665): from db cache, name = accelerometer_rotation , value = 0
I/Provider/Settings( 5665): call-query of user -2 by 0 so not updating cache
V/Provider/Settings( 5665): get setting for user -2 by user 0 so skipping cache
V/Provider/Settings( 5665): from db cache, name = screen_off_timeout , value = 60000
I/Provider/Settings( 5665): call-query of user -2 by 0 so not updating cache
V/Provider/Settings( 5665): get setting for user -2 by user 0 so skipping cache
V/Provider/Settings( 5665): from db cache, name = default_input_method , value = null
I/Provider/Settings( 5665): call-query of user -2 by 0 so not updating cache
D/MediaExtractor( 5433): JB -MediaExtractor::Create
I/SurfaceFlinger(  119): [doDisplayComposition] skip composition for DisplayDevice(type:0) since dirtyRegion is empty
D/MediaCodecList( 5433): ASF BUILD OPTION IS CLOSED
D/MtkOmxCore( 5433): Mtk_OMX_GetHandle (OMX.MTK.AUDIO.DECODER.VORBIS)
D/MtkOmxCore( 5433): comp_index(23), path(libMtkOmxVorbisDec.so)
D/MtkOmxAudioDecBase( 5433): MtkOmxAudioDecBase::MtkOmxAudioDecBase this= 0x41E616B0
D/MtkOmxVorbisDec( 5433): MtkOmxVorbisDec::MtkOmxVorbisDec this= 0x41E616B0
D/MtkOmxVorbisDec( 5433): MtkOmxComponentCreate mCompHandle(0x41E616B0)
D/MtkOmxAudioDecBase( 5433): ComponentInit (OMX.MTK.AUDIO.DECODER.VORBIS)
D/MtkOmxVorbisDec( 5433): MtkOmxVorbisDec::InitAudioParams(VORBIS)
D/MtkOmxAudioDecBase( 5433): 0x41e616b0_Ctrl 0, total path is in ,out 
D/MtkOmxCore( 5433): MtkOmxSetCoreGlobal is NOT supported on this component
D/MtkOmxCore( 5433): +++++ dump_inst_handle_pool +++++
D/MtkOmxCore( 5433): gCoreCompInstance[0].comp_module=0x40039F00, comp_handle=0x41E616B4
D/MtkOmxCore( 5433): ----- dump_inst_handle_pool -----
D/MtkOmxAudioDecBase( 5433): SetParameter index(0x01000017)
D/OMXCodec( 5433): !@@!>> create tid (5701) OMXCodec mOMXLivesLocally=1, mIsVideoDecoder(0), mIsVideoEncoder(0), mime(audio/vorbis)
D/MtkOmxAudioDecBase( 5433): GetParameter (0x02000001)
D/MtkOmxAudioDecBase( 5433): GetParameter (0x02000001)
D/MtkOmxAudioDecBase( 5433): GetParameter (0x04000002)
D/MtkOmxAudioDecBase( 5433): GetParameter (0x7F000008)
I/OMXCodec( 5433): mSupportsPartialFrames 0 err 0 
D/MtkOmxAudioDecBase( 5433): SendCommand cmd=OMX_CommandStateSet
D/MtkOmxAudioDecBase( 5433): set MTK_OMX_IDLE_PENDING
D/MtkOmxAudioDecBase( 5433): GetParameter (0x02000001)
D/OMXCodec( 5433): @@ [IN] def.nBufferSize = 32768
D/OMXCodec( 5433): allocating 5 buffers of size 32768 on input port
D/OMXCodec( 5433): @@ Input totalSize = 163840
D/MtkOmxAudioDecBase( 5433): UseBuffer port_idx(0x0), idx[0], pBuffHead(0x41C33190), pBuffer(0x424BB000)
D/OMXCodec( 5433): @@ Input[0], info.mData(0x424BB000)
D/MtkOmxAudioDecBase( 5433): UseBuffer port_idx(0x0), idx[1], pBuffHead(0x41F71F98), pBuffer(0x424C3000)
D/OMXCodec( 5433): @@ Input[1], info.mData(0x424C3000)
D/MtkOmxAudioDecBase( 5433): UseBuffer port_idx(0x0), idx[2], pBuffHead(0x42075268), pBuffer(0x424CB000)
D/OMXCodec( 5433): @@ Input[2], info.mData(0x424CB000)
D/MtkOmxAudioDecBase( 5433): UseBuffer port_idx(0x0), idx[3], pBuffHead(0x420755C8), pBuffer(0x424D3000)
D/OMXCodec( 5433): @@ Input[3], info.mData(0x424D3000)
D/MtkOmxAudioDecBase( 5433): UseBuffer port_idx(0x0), idx[4], pBuffHead(0x41F73858), pBuffer(0x424DB000)
D/MtkOmxAudioDecBase( 5433): signal mInPortAllocDoneSem (1)
D/MtkOmxAudioDecBase( 5433): input port populated
D/OMXCodec( 5433): @@ Input[4], info.mData(0x424DB000)
D/MtkOmxAudioDecBase( 5433): GetParameter (0x02000001)
E/OMXCodec( 5433): @@ [OUT] def.nBufferSize = 32768
E/OMXCodec( 5433): @@ [OUT] totalSize = 131072
D/OMXCodec( 5433): OMXCodec::allocateBuffersOnOutputPort:totalSize=131072
D/MtkOmxAudioDecBase( 5433): UseBuffer port_idx(0x1), idx[0], pBuffHead(0x41F73AB0), pBuffer(0x424E3000)
D/MtkOmxAudioDecBase( 5433): UseBuffer port_idx(0x1), idx[1], pBuffHead(0x41F73C00), pBuffer(0x424EB000)
D/MtkOmxAudioDecBase( 5433): UseBuffer port_idx(0x1), idx[2], pBuffHead(0x41E61DE8), pBuffer(0x424F3000)
D/MtkOmxAudioDecBase( 5433): UseBuffer port_idx(0x1), idx[3], pBuffHead(0x41E61F00), pBuffer(0x424FB000)
D/MtkOmxAudioDecBase( 5433): signal mOutPortAllocDoneSem (1)
D/MtkOmxAudioDecBase( 5433): output port populated
D/MtkOmxAudioDecBase( 5433): MtkOmxAudioCommandThread created pOmxAudioDec=0x41E616B0
D/MtkOmxAudioDecBase( 5433): fdmax = 33
D/MtkOmxAudioDecBase( 5433): # Got general command (OMX_CommandStateSet)
D/MtkOmxAudioDecBase( 5433): Request [OMX_StateLoaded]-> [OMX_StateIdle]
D/MtkOmxAudioDecBase( 5433): wait on mInPortAllocDoneSem(1), mOutPortAllocDoneSem(1)!!
D/MtkOmxAudioDecBase( 5433): SendCommand cmd=OMX_CommandStateSet
D/MtkOmxAudioDecBase( 5433): # Got general command (OMX_CommandStateSet)
D/MtkOmxAudioDecBase( 5433): Request [OMX_StateIdle]-> [OMX_StateExecuting]
D/MtkOmxAudioDecBase( 5433): state changes to OMX_StateExecuting
D/AudioCache( 5433): notify(0x41aa6f48, 5, 0, 0)
D/AudioCache( 5433): notify(0x41aa6f48, 1, 0, 0)
